Archive member included to satisfy reference by file (symbol)

/usr/lib/gcc/arm-none-eabi/12.2.1/thumb/v6-m/nofp/libgcc.a(_dvmd_tls.o)
                              CMakeFiles/btnblink.dir/home/lufsen/ws/pico-sdk/src/rp2_common/pico_divider/divider_hardware.S.o (__aeabi_idiv0)
/usr/lib/gcc/arm-none-eabi/12.2.1/../../../arm-none-eabi/lib/thumb/v6-m/nofp/libg.a(lib_a-atexit.o)
                              /usr/lib/gcc/arm-none-eabi/12.2.1/../../../arm-none-eabi/lib/thumb/v6-m/nofp/crt0.o (atexit)
/usr/lib/gcc/arm-none-eabi/12.2.1/../../../arm-none-eabi/lib/thumb/v6-m/nofp/libg.a(lib_a-calloc.o)
                              CMakeFiles/btnblink.dir/home/lufsen/ws/pico-sdk/src/rp2_common/pico_malloc/malloc.c.o (calloc)
/usr/lib/gcc/arm-none-eabi/12.2.1/../../../arm-none-eabi/lib/thumb/v6-m/nofp/libg.a(lib_a-callocr.o)
                              /usr/lib/gcc/arm-none-eabi/12.2.1/../../../arm-none-eabi/lib/thumb/v6-m/nofp/libg.a(lib_a-calloc.o) (_calloc_r)
/usr/lib/gcc/arm-none-eabi/12.2.1/../../../arm-none-eabi/lib/thumb/v6-m/nofp/libg.a(lib_a-fini.o)
                              /usr/lib/gcc/arm-none-eabi/12.2.1/../../../arm-none-eabi/lib/thumb/v6-m/nofp/crt0.o (__libc_fini_array)
/usr/lib/gcc/arm-none-eabi/12.2.1/../../../arm-none-eabi/lib/thumb/v6-m/nofp/libg.a(lib_a-impure.o)
                              /usr/lib/gcc/arm-none-eabi/12.2.1/../../../arm-none-eabi/lib/thumb/v6-m/nofp/libg.a(lib_a-calloc.o) (_impure_ptr)
/usr/lib/gcc/arm-none-eabi/12.2.1/../../../arm-none-eabi/lib/thumb/v6-m/nofp/libg.a(lib_a-init.o)
                              /usr/lib/gcc/arm-none-eabi/12.2.1/../../../arm-none-eabi/lib/thumb/v6-m/nofp/crt0.o (__libc_init_array)
/usr/lib/gcc/arm-none-eabi/12.2.1/../../../arm-none-eabi/lib/thumb/v6-m/nofp/libg.a(lib_a-lcltime_r.o)
                              CMakeFiles/btnblink.dir/home/lufsen/ws/pico-sdk/src/common/pico_util/datetime.c.o (localtime_r)
/usr/lib/gcc/arm-none-eabi/12.2.1/../../../arm-none-eabi/lib/thumb/v6-m/nofp/libg.a(lib_a-malloc.o)
                              CMakeFiles/btnblink.dir/home/lufsen/ws/pico-sdk/src/rp2_common/pico_malloc/malloc.c.o (malloc)
/usr/lib/gcc/arm-none-eabi/12.2.1/../../../arm-none-eabi/lib/thumb/v6-m/nofp/libg.a(lib_a-mallocr.o)
                              /usr/lib/gcc/arm-none-eabi/12.2.1/../../../arm-none-eabi/lib/thumb/v6-m/nofp/libg.a(lib_a-callocr.o) (_malloc_r)
/usr/lib/gcc/arm-none-eabi/12.2.1/../../../arm-none-eabi/lib/thumb/v6-m/nofp/libg.a(lib_a-memcmp.o)
                              CMakeFiles/btnblink.dir/home/lufsen/ws/pico-sdk/src/rp2_common/pico_atomic/atomic.c.o (memcmp)
/usr/lib/gcc/arm-none-eabi/12.2.1/../../../arm-none-eabi/lib/thumb/v6-m/nofp/libg.a(lib_a-mktime.o)
                              CMakeFiles/btnblink.dir/home/lufsen/ws/pico-sdk/src/common/pico_util/datetime.c.o (mktime)
/usr/lib/gcc/arm-none-eabi/12.2.1/../../../arm-none-eabi/lib/thumb/v6-m/nofp/libg.a(lib_a-mlock.o)
                              /usr/lib/gcc/arm-none-eabi/12.2.1/../../../arm-none-eabi/lib/thumb/v6-m/nofp/libg.a(lib_a-mallocr.o) (__malloc_lock)
/usr/lib/gcc/arm-none-eabi/12.2.1/../../../arm-none-eabi/lib/thumb/v6-m/nofp/libg.a(lib_a-month_lengths.o)
                              /usr/lib/gcc/arm-none-eabi/12.2.1/../../../arm-none-eabi/lib/thumb/v6-m/nofp/libg.a(lib_a-lcltime_r.o) (__month_lengths)
/usr/lib/gcc/arm-none-eabi/12.2.1/../../../arm-none-eabi/lib/thumb/v6-m/nofp/libg.a(lib_a-realloc.o)
                              CMakeFiles/btnblink.dir/home/lufsen/ws/pico-sdk/src/rp2_common/pico_malloc/malloc.c.o (realloc)
/usr/lib/gcc/arm-none-eabi/12.2.1/../../../arm-none-eabi/lib/thumb/v6-m/nofp/libg.a(lib_a-reallocr.o)
                              /usr/lib/gcc/arm-none-eabi/12.2.1/../../../arm-none-eabi/lib/thumb/v6-m/nofp/libg.a(lib_a-realloc.o) (_realloc_r)
/usr/lib/gcc/arm-none-eabi/12.2.1/../../../arm-none-eabi/lib/thumb/v6-m/nofp/libg.a(lib_a-sbrkr.o)
                              /usr/lib/gcc/arm-none-eabi/12.2.1/../../../arm-none-eabi/lib/thumb/v6-m/nofp/libg.a(lib_a-mallocr.o) (_sbrk_r)
/usr/lib/gcc/arm-none-eabi/12.2.1/../../../arm-none-eabi/lib/thumb/v6-m/nofp/libg.a(lib_a-strlen-stub.o)
                              CMakeFiles/btnblink.dir/home/lufsen/ws/pico-sdk/src/rp2_common/pico_stdio/stdio.c.o (strlen)
/usr/lib/gcc/arm-none-eabi/12.2.1/../../../arm-none-eabi/lib/thumb/v6-m/nofp/libg.a(lib_a-tzcalc_limits.o)
                              /usr/lib/gcc/arm-none-eabi/12.2.1/../../../arm-none-eabi/lib/thumb/v6-m/nofp/libg.a(lib_a-lcltime_r.o) (__tzcalc_limits)
/usr/lib/gcc/arm-none-eabi/12.2.1/../../../arm-none-eabi/lib/thumb/v6-m/nofp/libg.a(lib_a-tzlock.o)
                              /usr/lib/gcc/arm-none-eabi/12.2.1/../../../arm-none-eabi/lib/thumb/v6-m/nofp/libg.a(lib_a-lcltime_r.o) (__tz_lock)
/usr/lib/gcc/arm-none-eabi/12.2.1/../../../arm-none-eabi/lib/thumb/v6-m/nofp/libg.a(lib_a-tzset.o)
[...]
Memory Configuration

Name             Origin             Length             Attributes
FLASH            0x10000000         0x00200000         xr
RAM              0x20000000         0x00040000         xrw
SCRATCH_X        0x20040000         0x00001000         xrw
SCRATCH_Y        0x20041000         0x00001000         xrw
*default*        0x00000000         0xffffffff

Linker script and memory map

LOAD /usr/lib/gcc/arm-none-eabi/12.2.1/thumb/v6-m/nofp/crti.o
LOAD /usr/lib/gcc/arm-none-eabi/12.2.1/thumb/v6-m/nofp/crtbegin.o
LOAD /usr/lib/gcc/arm-none-eabi/12.2.1/../../../arm-none-eabi/lib/thumb/v6-m/nofp/crt0.o

.flash_begin    0x10000000        0x0
                0x10000000                        __flash_binary_start = .

.boot2          0x10000000      0x100
                0x10000000                        __boot2_start__ = .
 *(.boot2)
 .boot2         0x10000000      0x100 pico-sdk/src/rp2040/boot_stage2/CMakeFiles/bs2_default_library.dir/bs2_default_padded_checksummed.S.o
                0x10000100                        __boot2_end__ = .
                0x00000001                        ASSERT (((__boot2_end__ - __boot2_start__) == 0x100), ERROR: Pico second stage bootloader must be 256 bytes in size)

.text           0x10000100     0x16b8
                0x10000100                        __logical_binary_start = .
 *(.vectors)
 .vectors       0x10000100       0xd4 CMakeFiles/btnblink.dir/home/lufsen/ws/pico-sdk/src/rp2_common/pico_crt0/crt0.S.o
                0x10000100                __vectors
                0x10000100                __VECTOR_TABLE
                0x100001c0                isr_invalid
                0x100001c0                __default_isrs_start
                0x100001c2                isr_nmi
                0x100001c4                isr_hardfault
                0x100001c6                isr_svcall
                0x100001c8                isr_pendsv
                0x100001ca                isr_systick
                0x100001cc                isr_irq30
                0x100001cc                __unhandled_user_irq
                0x100001cc                isr_irq13
                0x100001cc                isr_irq27
                0x100001cc                isr_irq31
                0x100001cc                isr_irq5
                0x100001cc                isr_irq11
                0x100001cc                isr_irq23
                0x100001cc                isr_irq18
                0x100001cc                isr_irq28
                0x100001cc                isr_irq19
                0x100001cc                isr_irq0
                0x100001cc                isr_irq6
                0x100001cc                isr_irq22
                0x100001cc                isr_irq17
                0x100001cc                isr_irq14
                0x100001cc                isr_irq2
                0x100001cc                isr_irq10
                0x100001cc                isr_irq8
                0x100001cc                isr_irq24
                0x100001cc                isr_irq1
                0x100001cc                isr_irq7
                0x100001cc                isr_irq21
                0x100001cc                isr_irq20
                0x100001cc                isr_irq15
                0x100001cc                isr_irq25
                0x100001cc                isr_irq4
                0x100001cc                isr_irq16
                0x100001cc                isr_irq29
                0x100001cc                isr_irq26
                0x100001cc                __default_isrs_end
                0x100001cc                isr_irq3
                0x100001cc                isr_irq12
                0x100001cc                isr_irq9
                0x100001d2                unhandled_user_irq_num_in_r0
 *(.binary_info_header)
 .binary_info_header
                0x100001d4       0x14 CMakeFiles/btnblink.dir/home/lufsen/ws/pico-sdk/src/rp2_common/pico_crt0/crt0.S.o
                0x100001e8                        __binary_info_header_end = .
 *(.embedded_block)
                0x100001e8                        __embedded_block_end = .
 *(.reset)
 .reset         0x100001e8       0x9c CMakeFiles/btnblink.dir/home/lufsen/ws/pico-sdk/src/rp2_common/pico_crt0/crt0.S.o
                0x100001e8                _entry_point
 *(.init)
 .init          0x10000284        0x4 /usr/lib/gcc/arm-none-eabi/12.2.1/thumb/v6-m/nofp/crti.o
                0x10000284                _init
 *(EXCLUDE_FILE(*libm.a: *libc.a:*lib_a-mem*.o *libgcc.a:) .text*)
 .text          0x10000288       0x98 /usr/lib/gcc/arm-none-eabi/12.2.1/thumb/v6-m/nofp/crtbegin.o
 .text.startup.main
                0x10000320       0x44 CMakeFiles/btnblink.dir/main.cpp.o
                0x10000320                main
 .text.gpio_set_pulls
                0x10000364       0x28 CMakeFiles/btnblink.dir/home/lufsen/ws/pico-sdk/src/rp2_common/hardware_gpio/gpio.c.o
                0x10000364                gpio_set_pulls
 .text.gpio_init
                0x1000038c       0x40 CMakeFiles/btnblink.dir/home/lufsen/ws/pico-sdk/src/rp2_common/hardware_gpio/gpio.c.o
                0x1000038c                gpio_init
 .text.panic    0x100003cc       0x30 CMakeFiles/btnblink.dir/home/lufsen/ws/pico-sdk/src/rp2_common/pico_platform_panic/panic.c.o
                0x100003cc                panic
 .text.hw_claim_or_assert
                0x100003fc       0x44 CMakeFiles/btnblink.dir/home/lufsen/ws/pico-sdk/src/common/hardware_claim/claim.c.o
                0x100003fc                hw_claim_or_assert
 .text.next_striped_spin_lock_num
                0x10000440       0x18 CMakeFiles/btnblink.dir/home/lufsen/ws/pico-sdk/src/rp2_common/hardware_sync/sync.c.o
                0x10000440                next_striped_spin_lock_num
 .text.spin_locks_reset
                0x10000458       0x1c CMakeFiles/btnblink.dir/home/lufsen/ws/pico-sdk/src/rp2_common/hardware_sync_spin_lock/sync_spin_lock.c.o
                0x10000458                spin_locks_reset
 .text.runtime_init_per_core_irq_priorities
                0x10000474       0x24 CMakeFiles/btnblink.dir/home/lufsen/ws/pico-sdk/src/rp2_common/hardware_irq/irq.c.o
                0x10000474                runtime_init_per_core_irq_priorities
 .text.irq_set_enabled
                0x10000498       0x24 CMakeFiles/btnblink.dir/home/lufsen/ws/pico-sdk/src/rp2_common/hardware_irq/irq.c.o
                0x10000498                irq_set_enabled
 .text.irq_set_exclusive_handler
                0x100004bc       0x54 CMakeFiles/btnblink.dir/home/lufsen/ws/pico-sdk/src/rp2_common/hardware_irq/irq.c.o
                0x100004bc                irq_set_exclusive_handler
 .text.lock_init
                0x10000510       0x10 CMakeFiles/btnblink.dir/home/lufsen/ws/pico-sdk/src/common/pico_sync/lock_core.c.o
                0x10000510                lock_init
 .text.runtime_init_mutex
                0x10000520       0x58 CMakeFiles/btnblink.dir/home/lufsen/ws/pico-sdk/src/common/pico_sync/mutex.c.o
                0x10000520                runtime_init_mutex
 .text.sleep_until_callback
                0x10000578       0x30 CMakeFiles/btnblink.dir/home/lufsen/ws/pico-sdk/src/common/pico_time/time.c.o
 .text.alarm_pool_irq_handler
                0x100005a8      0x300 CMakeFiles/btnblink.dir/home/lufsen/ws/pico-sdk/src/common/pico_time/time.c.o
 .text.runtime_init_default_alarm_pool
                0x100008a8       0xdc CMakeFiles/btnblink.dir/home/lufsen/ws/pico-sdk/src/common/pico_time/time.c.o
                0x100008a8                runtime_init_default_alarm_pool
 .text.alarm_pool_add_alarm_at_force_in_context
                0x10000984       0xb0 CMakeFiles/btnblink.dir/home/lufsen/ws/pico-sdk/src/common/pico_time/time.c.o
                0x10000984                alarm_pool_add_alarm_at_force_in_context
 .text.alarm_pool_cancel_alarm
                0x10000a34       0x74 CMakeFiles/btnblink.dir/home/lufsen/ws/pico-sdk/src/common/pico_time/time.c.o
                0x10000a34                alarm_pool_cancel_alarm
 .text.sleep_until
                0x10000aa8       0xd8 CMakeFiles/btnblink.dir/home/lufsen/ws/pico-sdk/src/common/pico_time/time.c.o
                0x10000aa8                sleep_until
 .text.sleep_ms
                0x10000b80       0x38 CMakeFiles/btnblink.dir/home/lufsen/ws/pico-sdk/src/common/pico_time/time.c.o
                0x10000b80                sleep_ms
 .text.best_effort_wfe_or_timeout
                0x10000bb8       0xfc CMakeFiles/btnblink.dir/home/lufsen/ws/pico-sdk/src/common/pico_time/time.c.o
                0x10000bb8                best_effort_wfe_or_timeout
 .text.timer_hardware_alarm_claim
                0x10000cb4       0x14 CMakeFiles/btnblink.dir/home/lufsen/ws/pico-sdk/src/rp2_common/hardware_timer/timer.c.o
                0x10000cb4                timer_hardware_alarm_claim
 .text.timer_time_us_64
                0x10000cc8       0x10 CMakeFiles/btnblink.dir/home/lufsen/ws/pico-sdk/src/rp2_common/hardware_timer/timer.c.o
                0x10000cc8                timer_time_us_64
 .text.time_us_64
                0x10000cd8       0x14 CMakeFiles/btnblink.dir/home/lufsen/ws/pico-sdk/src/rp2_common/hardware_timer/timer.c.o
                0x10000cd8                time_us_64
 .text.busy_wait_until
                0x10000cec       0x20 CMakeFiles/btnblink.dir/home/lufsen/ws/pico-sdk/src/rp2_common/hardware_timer/timer.c.o
                0x10000cec                busy_wait_until
 .text.clock_configure_int_divider
                0x10000d0c       0xf4 CMakeFiles/btnblink.dir/home/lufsen/ws/pico-sdk/src/rp2_common/hardware_clocks/clocks.c.o
                0x10000d0c                clock_configure_int_divider
 .text.clock_configure_undivided
                0x10000e00       0xe8 CMakeFiles/btnblink.dir/home/lufsen/ws/pico-sdk/src/rp2_common/hardware_clocks/clocks.c.o
                0x10000e00                clock_configure_undivided
 .text.clock_get_hz
                0x10000ee8        0xc CMakeFiles/btnblink.dir/home/lufsen/ws/pico-sdk/src/rp2_common/hardware_clocks/clocks.c.o
                0x10000ee8                clock_get_hz
 .text.pll_init
                0x10000ef4       0xa0 CMakeFiles/btnblink.dir/home/lufsen/ws/pico-sdk/src/rp2_common/hardware_pll/pll.c.o
                0x10000ef4                pll_init
 .text.tick_start
                0x10000f94       0x10 CMakeFiles/btnblink.dir/home/lufsen/ws/pico-sdk/src/rp2_common/hardware_ticks/ticks.c.o
                0x10000f94                tick_start
 .text.rom_func_lookup
                0x10000fa4       0x10 CMakeFiles/btnblink.dir/home/lufsen/ws/pico-sdk/src/rp2_common/pico_bootrom/bootrom.c.o
                0x10000fa4                rom_func_lookup
 .text.rom_data_lookup
                0x10000fb4       0x10 CMakeFiles/btnblink.dir/home/lufsen/ws/pico-sdk/src/rp2_common/pico_bootrom/bootrom.c.o
                0x10000fb4                rom_data_lookup
 .text.rom_funcs_lookup
                0x10000fc4       0x44 CMakeFiles/btnblink.dir/home/lufsen/ws/pico-sdk/src/rp2_common/pico_bootrom/bootrom.c.o
                0x10000fc4                rom_funcs_lookup
 .text.xosc_init
                0x10001008       0x28 CMakeFiles/btnblink.dir/home/lufsen/ws/pico-sdk/src/rp2_common/hardware_xosc/xosc.c.o
                0x10001008                xosc_init
 .text.first_per_core_initializer
                0x10001030        0x4 CMakeFiles/btnblink.dir/home/lufsen/ws/pico-sdk/src/rp2_common/pico_runtime/runtime.c.o
 .text.hard_assertion_failure
                0x10001034        0xc CMakeFiles/btnblink.dir/home/lufsen/ws/pico-sdk/src/rp2_common/pico_runtime/runtime.c.o
                0x10001034                hard_assertion_failure
 .text.runtime_run_initializers
                0x10001040       0x28 CMakeFiles/btnblink.dir/home/lufsen/ws/pico-sdk/src/rp2_common/pico_runtime/runtime.c.o
                0x10001040                runtime_run_initializers
 .text.runtime_init_early_resets
                0x10001068       0x2c CMakeFiles/btnblink.dir/home/lufsen/ws/pico-sdk/src/rp2_common/pico_runtime_init/runtime_init.c.o
                0x10001068                runtime_init_early_resets
 .text.runtime_init_usb_power_down
                0x10001094       0x1c CMakeFiles/btnblink.dir/home/lufsen/ws/pico-sdk/src/rp2_common/pico_runtime_init/runtime_init.c.o
                0x10001094                runtime_init_usb_power_down
 .text.runtime_init_post_clock_resets
                0x100010b0       0x20 CMakeFiles/btnblink.dir/home/lufsen/ws/pico-sdk/src/rp2_common/pico_runtime_init/runtime_init.c.o
                0x100010b0                runtime_init_post_clock_resets
 .text.runtime_init_rp2040_gpio_ie_disable
                0x100010d0       0x14 CMakeFiles/btnblink.dir/home/lufsen/ws/pico-sdk/src/rp2_common/pico_runtime_init/runtime_init.c.o
                0x100010d0                runtime_init_rp2040_gpio_ie_disable
 .text.runtime_init_spin_locks_reset
                0x100010e4        0x8 CMakeFiles/btnblink.dir/home/lufsen/ws/pico-sdk/src/rp2_common/pico_runtime_init/runtime_init.c.o
                0x100010e4                runtime_init_spin_locks_reset
 .text.runtime_init_install_ram_vector_table
                0x100010ec       0x1c CMakeFiles/btnblink.dir/home/lufsen/ws/pico-sdk/src/rp2_common/pico_runtime_init/runtime_init.c.o
                0x100010ec                runtime_init_install_ram_vector_table
 .text.runtime_init_clocks
                0x10001108       0xd8 CMakeFiles/btnblink.dir/home/lufsen/ws/pico-sdk/src/rp2_common/pico_runtime_init/runtime_init_clocks.c.o
                0x10001108                runtime_init_clocks
 .text          0x100011e0       0x10 CMakeFiles/btnblink.dir/home/lufsen/ws/pico-sdk/src/rp2_common/pico_bit_ops/bit_ops_aeabi.S.o
 .text.__wrap___aeabi_uidiv
                0x100011f0       0x4c CMakeFiles/btnblink.dir/home/lufsen/ws/pico-sdk/src/rp2_common/pico_divider/divider_hardware.S.o
                0x100011f0                __wrap___aeabi_uidiv
                0x100011f0                __wrap___aeabi_uidivmod
                0x100011f0                div_u32u32
                0x100011f0                divmod_u32u32
                0x100011f8                divmod_u32u32_unsafe
                0x10001220                divmod_u32u32_savestate
 .text.missing_double_func_shim
                0x1000123c        0xc CMakeFiles/btnblink.dir/home/lufsen/ws/pico-sdk/src/rp2_common/pico_double/double_init_rom_rp2040.c.o
 .text.__aeabi_double_init
                0x10001248       0xa0 CMakeFiles/btnblink.dir/home/lufsen/ws/pico-sdk/src/rp2_common/pico_double/double_init_rom_rp2040.c.o
                0x10001248                __aeabi_double_init
 .text.double_table_shim_on_use_helper
                0x100012e8       0x2c CMakeFiles/btnblink.dir/home/lufsen/ws/pico-sdk/src/rp2_common/pico_double/double_v1_rom_shim_rp2040.S.o
                0x100012e8                double_table_shim_on_use_helper
 .text.__aeabi_lmul
                0x10001314       0x32 CMakeFiles/btnblink.dir/home/lufsen/ws/pico-sdk/src/rp2_common/pico_int64_ops/pico_int64_ops_aeabi.S.o
                0x10001314                __wrap___aeabi_lmul
 *fill*         0x10001346        0x2 
 .text.missing_float_func_shim
                0x10001348        0xc CMakeFiles/btnblink.dir/home/lufsen/ws/pico-sdk/src/rp2_common/pico_float/float_init_rom_rp2040.c.o
 .text.__aeabi_float_init
                0x10001354       0x5c CMakeFiles/btnblink.dir/home/lufsen/ws/pico-sdk/src/rp2_common/pico_float/float_init_rom_rp2040.c.o
                0x10001354                __aeabi_float_init
 .text          0x100013b0       0x10 CMakeFiles/btnblink.dir/home/lufsen/ws/pico-sdk/src/rp2_common/pico_mem_ops/mem_ops_aeabi.S.o
                0x100013b0                __aeabi_mem_init
 .text.memcpy   0x100013c0        0xc CMakeFiles/btnblink.dir/home/lufsen/ws/pico-sdk/src/rp2_common/pico_mem_ops/mem_ops_aeabi.S.o
                0x100013c0                __wrap___aeabi_memcpy
                0x100013c0                __wrap_memcpy
 .text._out_char
                0x100013cc       0x10 CMakeFiles/btnblink.dir/home/lufsen/ws/pico-sdk/src/rp2_common/pico_printf/printf.c.o
 .text.weak_raw_vprintf
                0x100013dc       0x30 CMakeFiles/btnblink.dir/home/lufsen/ws/pico-sdk/src/rp2_common/pico_printf/printf.c.o
                0x100013dc                weak_raw_vprintf
 .text._exit    0x1000140c        0x4 CMakeFiles/btnblink.dir/home/lufsen/ws/pico-sdk/src/rp2_common/pico_clib_interface/newlib_interface.c.o
                0x1000140c                _exit
 .text.exit     0x10001410        0x8 CMakeFiles/btnblink.dir/home/lufsen/ws/pico-sdk/src/rp2_common/pico_clib_interface/newlib_interface.c.o
                0x10001410                exit
 .text.runtime_init
                0x10001418       0x2c CMakeFiles/btnblink.dir/home/lufsen/ws/pico-sdk/src/rp2_common/pico_clib_interface/newlib_interface.c.o
                0x10001418                runtime_init
 .text.stdio_out_chars_no_crlf
                0x10001444       0x10 CMakeFiles/btnblink.dir/home/lufsen/ws/pico-sdk/src/rp2_common/pico_stdio/stdio.c.o
 .text.stdio_out_chars_crlf
                0x10001454       0xbc CMakeFiles/btnblink.dir/home/lufsen/ws/pico-sdk/src/rp2_common/pico_stdio/stdio.c.o
 .text.stdio_put_string
                0x10001510      0x100 CMakeFiles/btnblink.dir/home/lufsen/ws/pico-sdk/src/rp2_common/pico_stdio/stdio.c.o
                0x10001510                stdio_put_string
 .text.__wrap_putchar
                0x10001610       0x98 CMakeFiles/btnblink.dir/home/lufsen/ws/pico-sdk/src/rp2_common/pico_stdio/stdio.c.o
                0x10001610                stdio_putchar
                0x10001610                __wrap_putchar
 .text.__wrap_puts
                0x100016a8       0x3c CMakeFiles/btnblink.dir/home/lufsen/ws/pico-sdk/src/rp2_common/pico_stdio/stdio.c.o
                0x100016a8                __wrap_puts
                0x100016a8                stdio_puts
 .text          0x100016e4       0x5c /usr/lib/gcc/arm-none-eabi/12.2.1/../../../arm-none-eabi/lib/thumb/v6-m/nofp/libg.a(lib_a-strlen-stub.o)
                0x100016e4                strlen
 *(.fini)
 .fini          0x10001740        0x4 /usr/lib/gcc/arm-none-eabi/12.2.1/thumb/v6-m/nofp/crti.o
                0x10001740                _fini
 *fill*         0x10001744        0x4 
 .fini.__stub   0x10001748       0x30 linker stubs
 *crtbegin.o(.ctors)
 *crtbegin?.o(.ctors)
 *(EXCLUDE_FILE(*crtend.o *crtend?.o) .ctors)
 *(SORT_BY_NAME(.ctors.*))
 *(.ctors)
 *crtbegin.o(.dtors)
 *crtbegin?.o(.dtors)
 *(EXCLUDE_FILE(*crtend.o *crtend?.o) .dtors)
 *(SORT_BY_NAME(.dtors.*))
 *(.dtors)
                0x10001778                        . = ALIGN (0x4)
                0x10001778                        PROVIDE (__preinit_array_start = .)
 *(SORT_BY_NAME(.preinit_array.*))
 .preinit_array.00100
                0x10001778        0x4 CMakeFiles/btnblink.dir/home/lufsen/ws/pico-sdk/src/rp2_common/pico_runtime_init/runtime_init.c.o
                0x10001778                __pre_init_runtime_init_early_resets
 .preinit_array.00101
                0x1000177c        0x4 CMakeFiles/btnblink.dir/home/lufsen/ws/pico-sdk/src/rp2_common/pico_runtime_init/runtime_init.c.o
                0x1000177c                __pre_init_runtime_init_usb_power_down
 .preinit_array.00275
                0x10001780        0x4 CMakeFiles/btnblink.dir/home/lufsen/ws/pico-sdk/src/rp2_common/pico_bit_ops/bit_ops_aeabi.S.o
 .preinit_array.00300
                0x10001784        0x4 CMakeFiles/btnblink.dir/home/lufsen/ws/pico-sdk/src/rp2_common/pico_mem_ops/mem_ops_aeabi.S.o
 .preinit_array.00350
                0x10001788        0x4 CMakeFiles/btnblink.dir/home/lufsen/ws/pico-sdk/src/rp2_common/pico_double/double_aeabi_rp2040.S.o
 .preinit_array.00350
                0x1000178c        0x4 CMakeFiles/btnblink.dir/home/lufsen/ws/pico-sdk/src/rp2_common/pico_float/float_aeabi_rp2040.S.o
 .preinit_array.00500
                0x10001790        0x4 CMakeFiles/btnblink.dir/home/lufsen/ws/pico-sdk/src/rp2_common/pico_runtime_init/runtime_init.c.o
                0x10001790                __pre_init_runtime_init_clocks
 .preinit_array.00600
                0x10001794        0x4 CMakeFiles/btnblink.dir/home/lufsen/ws/pico-sdk/src/rp2_common/pico_runtime_init/runtime_init.c.o
                0x10001794                __pre_init_runtime_init_post_clock_resets
 .preinit_array.00700
                0x10001798        0x4 CMakeFiles/btnblink.dir/home/lufsen/ws/pico-sdk/src/rp2_common/pico_runtime_init/runtime_init.c.o
                0x10001798                __pre_init_runtime_init_rp2040_gpio_ie_disable
 .preinit_array.01000
                0x1000179c        0x4 CMakeFiles/btnblink.dir/home/lufsen/ws/pico-sdk/src/rp2_common/pico_runtime_init/runtime_init.c.o
                0x1000179c                __pre_init_runtime_init_spin_locks_reset
 .preinit_array.01100
                0x100017a0        0x4 CMakeFiles/btnblink.dir/home/lufsen/ws/pico-sdk/src/common/pico_sync/mutex.c.o
                0x100017a0                __pre_init_runtime_init_mutex
 .preinit_array.10080
                0x100017a4        0x4 CMakeFiles/btnblink.dir/home/lufsen/ws/pico-sdk/src/rp2_common/pico_runtime_init/runtime_init.c.o
                0x100017a4                __pre_init_runtime_init_install_ram_vector_table
 .preinit_array.11000
                0x100017a8        0x4 CMakeFiles/btnblink.dir/home/lufsen/ws/pico-sdk/src/common/pico_time/time.c.o
                0x100017a8                __pre_init_runtime_init_default_alarm_pool
 .preinit_array.YYYYY
                0x100017ac        0x4 CMakeFiles/btnblink.dir/home/lufsen/ws/pico-sdk/src/rp2_common/pico_runtime/runtime.c.o
                0x100017ac                __pre_init_first_per_core_initializer
 .preinit_array.ZZZZZ.01200
                0x100017b0        0x4 CMakeFiles/btnblink.dir/home/lufsen/ws/pico-sdk/src/rp2_common/hardware_irq/irq.c.o
                0x100017b0                __pre_init_runtime_init_per_core_irq_priorities
 *(.preinit_array)
                0x100017b4                        PROVIDE (__preinit_array_end = .)
                0x100017b4                        . = ALIGN (0x4)
                0x100017b4                        PROVIDE (__init_array_start = .)
 *(SORT_BY_NAME(.init_array.*))
 *(.init_array)
 .init_array    0x100017b4        0x4 /usr/lib/gcc/arm-none-eabi/12.2.1/thumb/v6-m/nofp/crtbegin.o
                0x100017b8                        PROVIDE (__init_array_end = .)
                0x100017b8                        . = ALIGN (0x4)
                0x100017b8                        PROVIDE (__fini_array_start = .)
 *(SORT_BY_NAME(.fini_array.*))
 *(.fini_array)
                0x100017b8                        PROVIDE (__fini_array_end = .)
 *(.eh_frame*)
 .eh_frame      0x100017b8        0x0 /usr/lib/gcc/arm-none-eabi/12.2.1/thumb/v6-m/nofp/crtbegin.o
                0x100017b8                        . = ALIGN (0x4)

.glue_7         0x100017b8        0x0
 .glue_7        0x100017b8        0x0 linker stubs

.glue_7t        0x100017b8        0x0
 .glue_7t       0x100017b8        0x0 linker stubs

.vfp11_veneer   0x100017b8        0x0
 .vfp11_veneer  0x100017b8        0x0 linker stubs

.v4_bx          0x100017b8        0x0
 .v4_bx         0x100017b8        0x0 linker stubs

.iplt           0x100017b8        0x0
 .iplt          0x100017b8        0x0 /usr/lib/gcc/arm-none-eabi/12.2.1/thumb/v6-m/nofp/crtbegin.o

.rodata         0x100017b8       0xf4
 *(EXCLUDE_FILE(*libm.a: *libc.a:*lib_a-mem*.o *libgcc.a:) .rodata*)
 .rodata.panic.str1.4
                0x100017b8       0x12 CMakeFiles/btnblink.dir/home/lufsen/ws/pico-sdk/src/rp2_common/pico_platform_panic/panic.c.o
 *fill*         0x100017ca        0x2 
 .rodata.timer_hardware_alarm_claim.str1.4
                0x100017cc       0x22 CMakeFiles/btnblink.dir/home/lufsen/ws/pico-sdk/src/rp2_common/hardware_timer/timer.c.o
 *fill*         0x100017ee        0x2 
 .rodata.hard_assertion_failure.str1.4
                0x100017f0        0xc CMakeFiles/btnblink.dir/home/lufsen/ws/pico-sdk/src/rp2_common/pico_runtime/runtime.c.o
 .rodata.missing_double_func_shim.str1.4
                0x100017fc       0x18 CMakeFiles/btnblink.dir/home/lufsen/ws/pico-sdk/src/rp2_common/pico_double/double_init_rom_rp2040.c.o
 .rodata.missing_float_func_shim.str1.4
                0x10001814       0x18 CMakeFiles/btnblink.dir/home/lufsen/ws/pico-sdk/src/rp2_common/pico_float/float_init_rom_rp2040.c.o
                                  0x1 (size before relaxing)
 .rodata.str1.4
                0x10001814       0x40 CMakeFiles/btnblink.dir/home/lufsen/ws/pico-sdk/src/rp2_common/pico_standard_binary_info/standard_binary_info.c.o
 .rodata.__bi_84
                0x10001854        0xc CMakeFiles/btnblink.dir/home/lufsen/ws/pico-sdk/src/rp2_common/pico_standard_binary_info/standard_binary_info.c.o
 .rodata.__bi_78
                0x10001860        0xc CMakeFiles/btnblink.dir/home/lufsen/ws/pico-sdk/src/rp2_common/pico_standard_binary_info/standard_binary_info.c.o
 .rodata.__bi_54
                0x1000186c        0xc CMakeFiles/btnblink.dir/home/lufsen/ws/pico-sdk/src/rp2_common/pico_standard_binary_info/standard_binary_info.c.o
 .rodata.__bi_48
                0x10001878        0xc CMakeFiles/btnblink.dir/home/lufsen/ws/pico-sdk/src/rp2_common/pico_standard_binary_info/standard_binary_info.c.o
 .rodata.__bi_42
                0x10001884        0xc CMakeFiles/btnblink.dir/home/lufsen/ws/pico-sdk/src/rp2_common/pico_standard_binary_info/standard_binary_info.c.o
 .rodata.__bi_34
                0x10001890        0xc CMakeFiles/btnblink.dir/home/lufsen/ws/pico-sdk/src/rp2_common/pico_standard_binary_info/standard_binary_info.c.o
 .rodata.__bi_26
                0x1000189c        0xc CMakeFiles/btnblink.dir/home/lufsen/ws/pico-sdk/src/rp2_common/pico_standard_binary_info/standard_binary_info.c.o
 .rodata.crlf_str.0
                0x100018a8        0x2 CMakeFiles/btnblink.dir/home/lufsen/ws/pico-sdk/src/rp2_common/pico_stdio/stdio.c.o
                0x100018ac                        . = ALIGN (0x4)
 *fill*         0x100018aa        0x2 
 *(SORT_BY_ALIGNMENT(SORT_BY_NAME(.flashdata*)))
                0x100018ac                        . = ALIGN (0x4)

.ARM.extab
 *(.ARM.extab* .gnu.linkonce.armextab.*)
                0x100018ac                        __exidx_start = .

.ARM.exidx
 *(.ARM.exidx* .gnu.linkonce.armexidx.*)
                0x100018ac                        __exidx_end = .
                0x100018ac                        . = ALIGN (0x4)
                0x100018ac                        __binary_info_start = .

.binary_info    0x100018ac       0x1c
 *(.binary_info.keep.*)
 .binary_info.keep.__bi_ptr84
                0x100018ac        0x4 CMakeFiles/btnblink.dir/home/lufsen/ws/pico-sdk/src/rp2_common/pico_standard_binary_info/standard_binary_info.c.o
 .binary_info.keep.__bi_ptr78
                0x100018b0        0x4 CMakeFiles/btnblink.dir/home/lufsen/ws/pico-sdk/src/rp2_common/pico_standard_binary_info/standard_binary_info.c.o
 .binary_info.keep.__bi_ptr54
                0x100018b4        0x4 CMakeFiles/btnblink.dir/home/lufsen/ws/pico-sdk/src/rp2_common/pico_standard_binary_info/standard_binary_info.c.o
 .binary_info.keep.__bi_ptr48
                0x100018b8        0x4 CMakeFiles/btnblink.dir/home/lufsen/ws/pico-sdk/src/rp2_common/pico_standard_binary_info/standard_binary_info.c.o
 .binary_info.keep.__bi_ptr42
                0x100018bc        0x4 CMakeFiles/btnblink.dir/home/lufsen/ws/pico-sdk/src/rp2_common/pico_standard_binary_info/standard_binary_info.c.o
 .binary_info.keep.__bi_ptr34
                0x100018c0        0x4 CMakeFiles/btnblink.dir/home/lufsen/ws/pico-sdk/src/rp2_common/pico_standard_binary_info/standard_binary_info.c.o
 .binary_info.keep.__bi_ptr26
                0x100018c4        0x4 CMakeFiles/btnblink.dir/home/lufsen/ws/pico-sdk/src/rp2_common/pico_standard_binary_info/standard_binary_info.c.o
 *(.binary_info.*)
                0x100018c8                        __binary_info_end = .

.rel.dyn        0x100018c8        0x0
 .rel.iplt      0x100018c8        0x0 /usr/lib/gcc/arm-none-eabi/12.2.1/thumb/v6-m/nofp/crtbegin.o
                0x100018c8                        . = ALIGN (0x4)

.ram_vector_table
                0x20000000       0xc0
 *(.ram_vector_table)
 .ram_vector_table
                0x20000000       0xc0 CMakeFiles/btnblink.dir/home/lufsen/ws/pico-sdk/src/rp2_common/pico_runtime_init/runtime_init.c.o
                0x20000000                ram_vector_table

.uninitialized_data
                0x200000c0        0x0
                0x200000c0                        . = ALIGN (0x4)
 *(.uninitialized_data*)

.data           0x200000c0      0x128 load address 0x100018c8
                0x200000c0                        __data_start__ = .
 *(vtable)
 *(.time_critical*)
 .time_critical.mutex_try_enter_block_until
                0x200000c0       0x9c CMakeFiles/btnblink.dir/home/lufsen/ws/pico-sdk/src/common/pico_sync/mutex.c.o
                0x200000c0                mutex_try_enter_block_until
 .time_critical.mutex_exit
                0x2000015c       0x28 CMakeFiles/btnblink.dir/home/lufsen/ws/pico-sdk/src/common/pico_sync/mutex.c.o
                0x2000015c                mutex_exit
 *(.text*)
 .text          0x20000184        0x4 /usr/lib/gcc/arm-none-eabi/12.2.1/thumb/v6-m/nofp/libgcc.a(_dvmd_tls.o)
                0x20000184                __aeabi_ldiv0
                0x20000184                __aeabi_idiv0
 .text.__stub   0x20000188       0x10 linker stubs
                0x20000198                        . = ALIGN (0x4)
 *(.rodata*)
                0x20000198                        . = ALIGN (0x4)
 *(.data*)
 .data.striped_spin_lock_num
                0x20000198        0x1 CMakeFiles/btnblink.dir/home/lufsen/ws/pico-sdk/src/rp2_common/hardware_sync/sync.c.o
 *fill*         0x20000199        0x3 
 .data.default_alarm_pool
                0x2000019c       0x18 CMakeFiles/btnblink.dir/home/lufsen/ws/pico-sdk/src/common/pico_time/time.c.o
 *fill*         0x200001b4        0xc 
 .data.aeabi_bits_funcs
                0x200001c0       0x10 CMakeFiles/btnblink.dir/home/lufsen/ws/pico-sdk/src/rp2_common/pico_bit_ops/bit_ops_aeabi.S.o
                0x200001c0                aeabi_bits_funcs
                0x200001d0                aeabi_bits_funcs_end
 .data.aeabi_mem_funcs
                0x200001d0       0x10 CMakeFiles/btnblink.dir/home/lufsen/ws/pico-sdk/src/rp2_common/pico_mem_ops/mem_ops_aeabi.S.o
                0x200001d0                aeabi_mem_funcs
                0x200001e0                aeabi_mem_funcs_end
                0x200001e0                        . = ALIGN (0x4)
 *(.after_data.*)
                0x200001e0                        . = ALIGN (0x4)
                0x200001e0                        PROVIDE (__mutex_array_start = .)
 *(SORT_BY_NAME(.mutex_array.*))
 *(.mutex_array)
 .mutex_array   0x200001e0        0x8 CMakeFiles/btnblink.dir/home/lufsen/ws/pico-sdk/src/rp2_common/pico_stdio/stdio.c.o
                0x200001e8                        PROVIDE (__mutex_array_end = .)
                0x200001e8                        . = ALIGN (0x4)
 *(.jcr)
                0x200001e8                        . = ALIGN (0x4)

.tm_clone_table
                0x200001e8        0x0 load address 0x100019f0
 .tm_clone_table
                0x200001e8        0x0 /usr/lib/gcc/arm-none-eabi/12.2.1/thumb/v6-m/nofp/crtbegin.o
 .tm_clone_table
                0x200001e8        0x0 /usr/lib/gcc/arm-none-eabi/12.2.1/thumb/v6-m/nofp/crtend.o

.igot.plt       0x200001e8        0x0 load address 0x100019f0
 .igot.plt      0x200001e8        0x0 /usr/lib/gcc/arm-none-eabi/12.2.1/thumb/v6-m/nofp/crtbegin.o

.tdata          0x200001e8        0x0 load address 0x100019f0
                0x200001e8                        . = ALIGN (0x4)
 *(.tdata .tdata.* .gnu.linkonce.td.*)
                0x200001e8                        __tdata_end = .
                0x200001e8                        PROVIDE (__data_end__ = .)
                0x100018c8                        __etext = LOADADDR (.data)

.tbss           0x200001e8        0x0 load address 0x100019f0
                0x200001e8                        . = ALIGN (0x4)
                0x200001e8                        __bss_start__ = .
                0x200001e8                        __tls_base = .
 *(.tbss .tbss.* .gnu.linkonce.tb.*)
 *(.tcommon)
                0x200001e8                        __tls_end = .

.bss            0x200001e8      0x3ec load address 0x100019f0
                0x200001e8                        . = ALIGN (0x4)
                0x200001e8                        __tbss_end = .
 *(SORT_BY_ALIGNMENT(SORT_BY_NAME(.bss*)))
 .bss.default_alarm_pool_entries
                0x200001e8      0x180 CMakeFiles/btnblink.dir/home/lufsen/ws/pico-sdk/src/common/pico_time/time.c.o
 .bss.sd_table  0x20000368      0x100 CMakeFiles/btnblink.dir/home/lufsen/ws/pico-sdk/src/rp2_common/pico_double/double_init_rom_rp2040.c.o
                0x20000368                sd_table
 .bss           0x20000468       0x1c /usr/lib/gcc/arm-none-eabi/12.2.1/thumb/v6-m/nofp/crtbegin.o
 .bss.claimed   0x20000484        0x1 CMakeFiles/btnblink.dir/home/lufsen/ws/pico-sdk/src/rp2_common/hardware_timer/timer.c.o
 *fill*         0x20000485        0x3 
 .bss.configured_freq
                0x20000488       0x28 CMakeFiles/btnblink.dir/home/lufsen/ws/pico-sdk/src/rp2_common/hardware_clocks/clocks.c.o
 .bss.drivers   0x200004b0        0x4 CMakeFiles/btnblink.dir/home/lufsen/ws/pico-sdk/src/rp2_common/pico_stdio/stdio.c.o
 .bss.filter    0x200004b4        0x4 CMakeFiles/btnblink.dir/home/lufsen/ws/pico-sdk/src/rp2_common/pico_stdio/stdio.c.o
 .bss.lazy_vsnprintf
                0x200004b8        0x4 CMakeFiles/btnblink.dir/home/lufsen/ws/pico-sdk/src/rp2_common/pico_printf/printf.c.o
 .bss.pools     0x200004bc       0x10 CMakeFiles/btnblink.dir/home/lufsen/ws/pico-sdk/src/common/pico_time/time.c.o
 .bss.sf_clz_func
                0x200004cc        0x4 CMakeFiles/btnblink.dir/home/lufsen/ws/pico-sdk/src/rp2_common/pico_double/double_init_rom_rp2040.c.o
                0x200004cc                sf_clz_func
 .bss.sf_table  0x200004d0      0x100 CMakeFiles/btnblink.dir/home/lufsen/ws/pico-sdk/src/rp2_common/pico_float/float_init_rom_rp2040.c.o
                0x200004d0                sf_table
 .bss.sleep_notifier
                0x200005d0        0x4 CMakeFiles/btnblink.dir/home/lufsen/ws/pico-sdk/src/common/pico_time/time.c.o
 *(COMMON)
                0x200005d4                        . = ALIGN (0x4)
                0x200005d4                        __bss_end__ = .

.heap           0x200005d4      0x800 load address 0x100019f0
                0x200005d4                        __end__ = .
                0x200005d4                        end = __end__
 *(.heap*)
 .heap          0x200005d4      0x800 CMakeFiles/btnblink.dir/home/lufsen/ws/pico-sdk/src/rp2_common/pico_crt0/crt0.S.o
                0x20040000                        __HeapLimit = (ORIGIN (RAM) + LENGTH (RAM))

.scratch_x      0x20040000        0x0 load address 0x100019f0
                0x20040000                        __scratch_x_start__ = .
 *(.scratch_x.*)
                0x20040000                        . = ALIGN (0x4)
                0x20040000                        __scratch_x_end__ = .
                0x100019f0                        __scratch_x_source__ = LOADADDR (.scratch_x)

.scratch_y      0x20041000        0x0 load address 0x100019f0
                0x20041000                        __scratch_y_start__ = .
 *(.scratch_y.*)
                0x20041000                        . = ALIGN (0x4)
                0x20041000                        __scratch_y_end__ = .
                0x100019f0                        __scratch_y_source__ = LOADADDR (.scratch_y)

.stack1_dummy
 *(.stack1*)

.stack_dummy    0x20041000      0x800
 *(.stack*)
 .stack         0x20041000      0x800 CMakeFiles/btnblink.dir/home/lufsen/ws/pico-sdk/src/rp2_common/pico_crt0/crt0.S.o

.flash_end      0x100019f0        0x0
 *(.embedded_end_block*)
                0x100019f0                        PROVIDE (__flash_binary_end = .)
                0x20040000                        __StackLimit = (ORIGIN (RAM) + LENGTH (RAM))
                0x20041000                        __StackOneTop = (ORIGIN (SCRATCH_X) + LENGTH (SCRATCH_X))
                0x20042000                        __StackTop = (ORIGIN (SCRATCH_Y) + LENGTH (SCRATCH_Y))
                0x20041000                        __StackOneBottom = (__StackOneTop - SIZEOF (.stack1_dummy))
                0x20041800                        __StackBottom = (__StackTop - SIZEOF (.stack_dummy))
                0x20042000                        PROVIDE (__stack = __StackTop)
                [!provide]                        PROVIDE (__heap_start = __end__)
                [!provide]                        PROVIDE (__heap_end = __HeapLimit)
                [!provide]                        PROVIDE (__tls_align = MAX (ALIGNOF (.tdata), ALIGNOF (.tbss)))
                [!provide]                        PROVIDE (__tls_size_align = (((__tls_size + __tls_align) - 0x1) & ~ ((__tls_align - 0x1))))
                [!provide]                        PROVIDE (__arm32_tls_tcb_offset = MAX (0x8, __tls_align))
                [!provide]                        PROVIDE (_end = __end__)
                [!provide]                        PROVIDE (__llvm_libc_heap_limit = __HeapLimit)
                0x00000001                        ASSERT ((__StackLimit >= __HeapLimit), region RAM overflowed)
                0x00000001                        ASSERT (((__binary_info_header_end - __logical_binary_start) <= 0x100), Binary info must be in first 256 bytes of the binary)
LOAD CMakeFiles/btnblink.dir/main.cpp.o
LOAD CMakeFiles/btnblink.dir/home/lufsen/ws/pico-sdk/src/rp2_common/pico_stdlib/stdlib.c.o
LOAD CMakeFiles/btnblink.dir/home/lufsen/ws/pico-sdk/src/rp2_common/hardware_gpio/gpio.c.o
LOAD CMakeFiles/btnblink.dir/home/lufsen/ws/pico-sdk/src/rp2040/pico_platform/platform.c.o
LOAD CMakeFiles/btnblink.dir/home/lufsen/ws/pico-sdk/src/rp2_common/pico_platform_panic/panic.c.o
LOAD CMakeFiles/btnblink.dir/home/lufsen/ws/pico-sdk/src/common/hardware_claim/claim.c.o
LOAD CMakeFiles/btnblink.dir/home/lufsen/ws/pico-sdk/src/rp2_common/hardware_sync/sync.c.o
LOAD CMakeFiles/btnblink.dir/home/lufsen/ws/pico-sdk/src/rp2_common/hardware_sync_spin_lock/sync_spin_lock.c.o
LOAD CMakeFiles/btnblink.dir/home/lufsen/ws/pico-sdk/src/rp2_common/hardware_irq/irq.c.o
LOAD CMakeFiles/btnblink.dir/home/lufsen/ws/pico-sdk/src/rp2_common/hardware_irq/irq_handler_chain.S.o
LOAD CMakeFiles/btnblink.dir/home/lufsen/ws/pico-sdk/src/common/pico_sync/sem.c.o
LOAD CMakeFiles/btnblink.dir/home/lufsen/ws/pico-sdk/src/common/pico_sync/lock_core.c.o
LOAD CMakeFiles/btnblink.dir/home/lufsen/ws/pico-sdk/src/common/pico_sync/mutex.c.o
LOAD CMakeFiles/btnblink.dir/home/lufsen/ws/pico-sdk/src/common/pico_sync/critical_section.c.o
LOAD CMakeFiles/btnblink.dir/home/lufsen/ws/pico-sdk/src/common/pico_time/time.c.o
LOAD CMakeFiles/btnblink.dir/home/lufsen/ws/pico-sdk/src/common/pico_time/timeout_helper.c.o
LOAD CMakeFiles/btnblink.dir/home/lufsen/ws/pico-sdk/src/rp2_common/hardware_timer/timer.c.o
LOAD CMakeFiles/btnblink.dir/home/lufsen/ws/pico-sdk/src/common/pico_util/datetime.c.o
LOAD CMakeFiles/btnblink.dir/home/lufsen/ws/pico-sdk/src/common/pico_util/pheap.c.o
LOAD CMakeFiles/btnblink.dir/home/lufsen/ws/pico-sdk/src/common/pico_util/queue.c.o
LOAD CMakeFiles/btnblink.dir/home/lufsen/ws/pico-sdk/src/rp2_common/hardware_uart/uart.c.o
LOAD CMakeFiles/btnblink.dir/home/lufsen/ws/pico-sdk/src/rp2_common/hardware_clocks/clocks.c.o
LOAD CMakeFiles/btnblink.dir/home/lufsen/ws/pico-sdk/src/rp2_common/hardware_pll/pll.c.o
LOAD CMakeFiles/btnblink.dir/home/lufsen/ws/pico-sdk/src/rp2_common/hardware_vreg/vreg.c.o
LOAD CMakeFiles/btnblink.dir/home/lufsen/ws/pico-sdk/src/rp2_common/hardware_watchdog/watchdog.c.o
LOAD CMakeFiles/btnblink.dir/home/lufsen/ws/pico-sdk/src/rp2_common/hardware_ticks/ticks.c.o
LOAD CMakeFiles/btnblink.dir/home/lufsen/ws/pico-sdk/src/rp2_common/pico_bootrom/bootrom.c.o
LOAD CMakeFiles/btnblink.dir/home/lufsen/ws/pico-sdk/src/rp2_common/pico_bootrom/bootrom_lock.c.o
LOAD CMakeFiles/btnblink.dir/home/lufsen/ws/pico-sdk/src/rp2_common/hardware_boot_lock/boot_lock.c.o
LOAD CMakeFiles/btnblink.dir/home/lufsen/ws/pico-sdk/src/rp2_common/pico_flash/flash.c.o
LOAD CMakeFiles/btnblink.dir/home/lufsen/ws/pico-sdk/src/rp2_common/hardware_xosc/xosc.c.o
LOAD CMakeFiles/btnblink.dir/home/lufsen/ws/pico-sdk/src/rp2_common/hardware_divider/divider.S.o
LOAD CMakeFiles/btnblink.dir/home/lufsen/ws/pico-sdk/src/rp2_common/pico_runtime/runtime.c.o
LOAD CMakeFiles/btnblink.dir/home/lufsen/ws/pico-sdk/src/rp2_common/pico_runtime_init/runtime_init.c.o
LOAD CMakeFiles/btnblink.dir/home/lufsen/ws/pico-sdk/src/rp2_common/pico_runtime_init/runtime_init_clocks.c.o
LOAD CMakeFiles/btnblink.dir/home/lufsen/ws/pico-sdk/src/rp2_common/pico_runtime_init/runtime_init_stack_guard.c.o
LOAD CMakeFiles/btnblink.dir/home/lufsen/ws/pico-sdk/src/rp2_common/pico_bit_ops/bit_ops_aeabi.S.o
LOAD CMakeFiles/btnblink.dir/home/lufsen/ws/pico-sdk/src/rp2_common/pico_divider/divider_hardware.S.o
LOAD CMakeFiles/btnblink.dir/home/lufsen/ws/pico-sdk/src/rp2_common/pico_double/double_aeabi_rp2040.S.o
LOAD CMakeFiles/btnblink.dir/home/lufsen/ws/pico-sdk/src/rp2_common/pico_double/double_init_rom_rp2040.c.o
LOAD CMakeFiles/btnblink.dir/home/lufsen/ws/pico-sdk/src/rp2_common/pico_double/double_math.c.o
LOAD CMakeFiles/btnblink.dir/home/lufsen/ws/pico-sdk/src/rp2_common/pico_double/double_v1_rom_shim_rp2040.S.o
LOAD CMakeFiles/btnblink.dir/home/lufsen/ws/pico-sdk/src/rp2_common/pico_int64_ops/pico_int64_ops_aeabi.S.o
LOAD CMakeFiles/btnblink.dir/home/lufsen/ws/pico-sdk/src/rp2_common/pico_float/float_aeabi_rp2040.S.o
LOAD CMakeFiles/btnblink.dir/home/lufsen/ws/pico-sdk/src/rp2_common/pico_float/float_init_rom_rp2040.c.o
LOAD CMakeFiles/btnblink.dir/home/lufsen/ws/pico-sdk/src/rp2_common/pico_float/float_math.c.o
LOAD CMakeFiles/btnblink.dir/home/lufsen/ws/pico-sdk/src/rp2_common/pico_float/float_v1_rom_shim_rp2040.S.o
LOAD CMakeFiles/btnblink.dir/home/lufsen/ws/pico-sdk/src/rp2_common/pico_malloc/malloc.c.o
LOAD CMakeFiles/btnblink.dir/home/lufsen/ws/pico-sdk/src/rp2_common/pico_mem_ops/mem_ops_aeabi.S.o
LOAD CMakeFiles/btnblink.dir/home/lufsen/ws/pico-sdk/src/rp2_common/pico_atomic/atomic.c.o
LOAD CMakeFiles/btnblink.dir/home/lufsen/ws/pico-sdk/src/rp2_common/pico_cxx_options/new_delete.cpp.o
LOAD CMakeFiles/btnblink.dir/home/lufsen/ws/pico-sdk/src/rp2_common/pico_standard_binary_info/standard_binary_info.c.o
LOAD CMakeFiles/btnblink.dir/home/lufsen/ws/pico-sdk/src/rp2_common/pico_printf/printf.c.o
LOAD CMakeFiles/btnblink.dir/home/lufsen/ws/pico-sdk/src/rp2_common/pico_crt0/crt0.S.o
LOAD CMakeFiles/btnblink.dir/home/lufsen/ws/pico-sdk/src/rp2_common/pico_clib_interface/newlib_interface.c.o
LOAD CMakeFiles/btnblink.dir/home/lufsen/ws/pico-sdk/src/rp2_common/pico_stdio/stdio.c.o
LOAD CMakeFiles/btnblink.dir/home/lufsen/ws/pico-sdk/src/rp2_common/pico_stdio_uart/stdio_uart.c.o
LOAD pico-sdk/src/rp2040/boot_stage2/CMakeFiles/bs2_default_library.dir/bs2_default_padded_checksummed.S.o
LOAD /usr/lib/gcc/arm-none-eabi/12.2.1/../../../arm-none-eabi/lib/thumb/v6-m/nofp/libstdc++.a
LOAD /usr/lib/gcc/arm-none-eabi/12.2.1/../../../arm-none-eabi/lib/thumb/v6-m/nofp/libm.a
START GROUP
LOAD /usr/lib/gcc/arm-none-eabi/12.2.1/thumb/v6-m/nofp/libgcc.a
LOAD /usr/lib/gcc/arm-none-eabi/12.2.1/../../../arm-none-eabi/lib/thumb/v6-m/nofp/libg.a
LOAD /usr/lib/gcc/arm-none-eabi/12.2.1/../../../arm-none-eabi/lib/thumb/v6-m/nofp/libc.a
END GROUP
START GROUP
LOAD /usr/lib/gcc/arm-none-eabi/12.2.1/thumb/v6-m/nofp/libgcc.a
LOAD /usr/lib/gcc/arm-none-eabi/12.2.1/../../../arm-none-eabi/lib/thumb/v6-m/nofp/libc.a
LOAD /usr/lib/gcc/arm-none-eabi/12.2.1/../../../arm-none-eabi/lib/thumb/v6-m/nofp/libnosys.a
END GROUP
LOAD /usr/lib/gcc/arm-none-eabi/12.2.1/thumb/v6-m/nofp/crtend.o
LOAD /usr/lib/gcc/arm-none-eabi/12.2.1/thumb/v6-m/nofp/crtn.o
OUTPUT(btnblink.elf elf32-littlearm)
LOAD linker stubs

.ARM.attributes
                0x00000000       0x28
 .ARM.attributes
                0x00000000       0x1e /usr/lib/gcc/arm-none-eabi/12.2.1/thumb/v6-m/nofp/crti.o
 .ARM.attributes
                0x0000001e       0x2c /usr/lib/gcc/arm-none-eabi/12.2.1/thumb/v6-m/nofp/crtbegin.o
 .ARM.attributes
                0x0000004a       0x2c CMakeFiles/btnblink.dir/main.cpp.o
 .ARM.attributes
                0x00000076       0x2c CMakeFiles/btnblink.dir/home/lufsen/ws/pico-sdk/src/rp2_common/hardware_gpio/gpio.c.o
 .ARM.attributes
                0x000000a2       0x2c CMakeFiles/btnblink.dir/home/lufsen/ws/pico-sdk/src/rp2_common/pico_platform_panic/panic.c.o
 .ARM.attributes
                0x000000ce       0x2c CMakeFiles/btnblink.dir/home/lufsen/ws/pico-sdk/src/common/hardware_claim/claim.c.o
 .ARM.attributes
                0x000000fa       0x2c CMakeFiles/btnblink.dir/home/lufsen/ws/pico-sdk/src/rp2_common/hardware_sync/sync.c.o
 .ARM.attributes
                0x00000126       0x2c CMakeFiles/btnblink.dir/home/lufsen/ws/pico-sdk/src/rp2_common/hardware_sync_spin_lock/sync_spin_lock.c.o
 .ARM.attributes
                0x00000152       0x2c CMakeFiles/btnblink.dir/home/lufsen/ws/pico-sdk/src/rp2_common/hardware_irq/irq.c.o
 .ARM.attributes
                0x0000017e       0x2c CMakeFiles/btnblink.dir/home/lufsen/ws/pico-sdk/src/common/pico_sync/lock_core.c.o
 .ARM.attributes
                0x000001aa       0x2c CMakeFiles/btnblink.dir/home/lufsen/ws/pico-sdk/src/common/pico_sync/mutex.c.o
 .ARM.attributes
                0x000001d6       0x2c CMakeFiles/btnblink.dir/home/lufsen/ws/pico-sdk/src/common/pico_time/time.c.o
 .ARM.attributes
                0x00000202       0x2c CMakeFiles/btnblink.dir/home/lufsen/ws/pico-sdk/src/rp2_common/hardware_timer/timer.c.o
 .ARM.attributes
                0x0000022e       0x2c CMakeFiles/btnblink.dir/home/lufsen/ws/pico-sdk/src/rp2_common/hardware_clocks/clocks.c.o
 .ARM.attributes
                0x0000025a       0x2c CMakeFiles/btnblink.dir/home/lufsen/ws/pico-sdk/src/rp2_common/hardware_pll/pll.c.o
 .ARM.attributes
                0x00000286       0x2c CMakeFiles/btnblink.dir/home/lufsen/ws/pico-sdk/src/rp2_common/hardware_ticks/ticks.c.o
 .ARM.attributes
                0x000002b2       0x2c CMakeFiles/btnblink.dir/home/lufsen/ws/pico-sdk/src/rp2_common/pico_bootrom/bootrom.c.o
 .ARM.attributes
                0x000002de       0x2c CMakeFiles/btnblink.dir/home/lufsen/ws/pico-sdk/src/rp2_common/hardware_xosc/xosc.c.o
 .ARM.attributes
                0x0000030a       0x2c CMakeFiles/btnblink.dir/home/lufsen/ws/pico-sdk/src/rp2_common/pico_runtime/runtime.c.o
 .ARM.attributes
                0x00000336       0x2c CMakeFiles/btnblink.dir/home/lufsen/ws/pico-sdk/src/rp2_common/pico_runtime_init/runtime_init.c.o
 .ARM.attributes
                0x00000362       0x2c CMakeFiles/btnblink.dir/home/lufsen/ws/pico-sdk/src/rp2_common/pico_runtime_init/runtime_init_clocks.c.o
 .ARM.attributes
                0x0000038e       0x22 CMakeFiles/btnblink.dir/home/lufsen/ws/pico-sdk/src/rp2_common/pico_bit_ops/bit_ops_aeabi.S.o
 .ARM.attributes
                0x000003b0       0x22 CMakeFiles/btnblink.dir/home/lufsen/ws/pico-sdk/src/rp2_common/pico_divider/divider_hardware.S.o
 .ARM.attributes
                0x000003d2       0x22 CMakeFiles/btnblink.dir/home/lufsen/ws/pico-sdk/src/rp2_common/pico_double/double_aeabi_rp2040.S.o
 .ARM.attributes
                0x000003f4       0x2c CMakeFiles/btnblink.dir/home/lufsen/ws/pico-sdk/src/rp2_common/pico_double/double_init_rom_rp2040.c.o
 .ARM.attributes
                0x00000420       0x22 CMakeFiles/btnblink.dir/home/lufsen/ws/pico-sdk/src/rp2_common/pico_double/double_v1_rom_shim_rp2040.S.o
 .ARM.attributes
                0x00000442       0x22 CMakeFiles/btnblink.dir/home/lufsen/ws/pico-sdk/src/rp2_common/pico_int64_ops/pico_int64_ops_aeabi.S.o
 .ARM.attributes
                0x00000464       0x22 CMakeFiles/btnblink.dir/home/lufsen/ws/pico-sdk/src/rp2_common/pico_float/float_aeabi_rp2040.S.o
 .ARM.attributes
                0x00000486       0x2c CMakeFiles/btnblink.dir/home/lufsen/ws/pico-sdk/src/rp2_common/pico_float/float_init_rom_rp2040.c.o
 .ARM.attributes
                0x000004b2       0x22 CMakeFiles/btnblink.dir/home/lufsen/ws/pico-sdk/src/rp2_common/pico_mem_ops/mem_ops_aeabi.S.o
 .ARM.attributes
                0x000004d4       0x2c CMakeFiles/btnblink.dir/home/lufsen/ws/pico-sdk/src/rp2_common/pico_standard_binary_info/standard_binary_info.c.o
 .ARM.attributes
                0x00000500       0x2c CMakeFiles/btnblink.dir/home/lufsen/ws/pico-sdk/src/rp2_common/pico_printf/printf.c.o
 .ARM.attributes
                0x0000052c       0x22 CMakeFiles/btnblink.dir/home/lufsen/ws/pico-sdk/src/rp2_common/pico_crt0/crt0.S.o
 .ARM.attributes
                0x0000054e       0x2c CMakeFiles/btnblink.dir/home/lufsen/ws/pico-sdk/src/rp2_common/pico_clib_interface/newlib_interface.c.o
 .ARM.attributes
                0x0000057a       0x2c CMakeFiles/btnblink.dir/home/lufsen/ws/pico-sdk/src/rp2_common/pico_stdio/stdio.c.o
 .ARM.attributes
                0x000005a6       0x22 pico-sdk/src/rp2040/boot_stage2/CMakeFiles/bs2_default_library.dir/bs2_default_padded_checksummed.S.o
 .ARM.attributes
                0x000005c8       0x1e /usr/lib/gcc/arm-none-eabi/12.2.1/thumb/v6-m/nofp/libgcc.a(_dvmd_tls.o)
 .ARM.attributes
                0x000005e6       0x2c /usr/lib/gcc/arm-none-eabi/12.2.1/../../../arm-none-eabi/lib/thumb/v6-m/nofp/libg.a(lib_a-strlen-stub.o)
 .ARM.attributes
                0x00000612       0x2c /usr/lib/gcc/arm-none-eabi/12.2.1/thumb/v6-m/nofp/crtend.o

.comment        0x00000000       0x26
 .comment       0x00000000       0x26 /usr/lib/gcc/arm-none-eabi/12.2.1/thumb/v6-m/nofp/crtbegin.o
                                 0x27 (size before relaxing)
 .comment       0x00000026       0x27 CMakeFiles/btnblink.dir/main.cpp.o
 .comment       0x00000026       0x27 CMakeFiles/btnblink.dir/home/lufsen/ws/pico-sdk/src/rp2_common/hardware_gpio/gpio.c.o
 .comment       0x00000026       0x27 CMakeFiles/btnblink.dir/home/lufsen/ws/pico-sdk/src/rp2_common/pico_platform_panic/panic.c.o
 .comment       0x00000026       0x27 CMakeFiles/btnblink.dir/home/lufsen/ws/pico-sdk/src/common/hardware_claim/claim.c.o
 .comment       0x00000026       0x27 CMakeFiles/btnblink.dir/home/lufsen/ws/pico-sdk/src/rp2_common/hardware_sync/sync.c.o
 .comment       0x00000026       0x27 CMakeFiles/btnblink.dir/home/lufsen/ws/pico-sdk/src/rp2_common/hardware_sync_spin_lock/sync_spin_lock.c.o
 .comment       0x00000026       0x27 CMakeFiles/btnblink.dir/home/lufsen/ws/pico-sdk/src/rp2_common/hardware_irq/irq.c.o
 .comment       0x00000026       0x27 CMakeFiles/btnblink.dir/home/lufsen/ws/pico-sdk/src/common/pico_sync/lock_core.c.o
 .comment       0x00000026       0x27 CMakeFiles/btnblink.dir/home/lufsen/ws/pico-sdk/src/common/pico_sync/mutex.c.o
 .comment       0x00000026       0x27 CMakeFiles/btnblink.dir/home/lufsen/ws/pico-sdk/src/common/pico_time/time.c.o
 .comment       0x00000026       0x27 CMakeFiles/btnblink.dir/home/lufsen/ws/pico-sdk/src/rp2_common/hardware_timer/timer.c.o
 .comment       0x00000026       0x27 CMakeFiles/btnblink.dir/home/lufsen/ws/pico-sdk/src/rp2_common/hardware_clocks/clocks.c.o
 .comment       0x00000026       0x27 CMakeFiles/btnblink.dir/home/lufsen/ws/pico-sdk/src/rp2_common/hardware_pll/pll.c.o
 .comment       0x00000026       0x27 CMakeFiles/btnblink.dir/home/lufsen/ws/pico-sdk/src/rp2_common/hardware_ticks/ticks.c.o
 .comment       0x00000026       0x27 CMakeFiles/btnblink.dir/home/lufsen/ws/pico-sdk/src/rp2_common/pico_bootrom/bootrom.c.o
 .comment       0x00000026       0x27 CMakeFiles/btnblink.dir/home/lufsen/ws/pico-sdk/src/rp2_common/hardware_xosc/xosc.c.o
 .comment       0x00000026       0x27 CMakeFiles/btnblink.dir/home/lufsen/ws/pico-sdk/src/rp2_common/pico_runtime/runtime.c.o
 .comment       0x00000026       0x27 CMakeFiles/btnblink.dir/home/lufsen/ws/pico-sdk/src/rp2_common/pico_runtime_init/runtime_init.c.o
 .comment       0x00000026       0x27 CMakeFiles/btnblink.dir/home/lufsen/ws/pico-sdk/src/rp2_common/pico_runtime_init/runtime_init_clocks.c.o
 .comment       0x00000026       0x27 CMakeFiles/btnblink.dir/home/lufsen/ws/pico-sdk/src/rp2_common/pico_double/double_init_rom_rp2040.c.o
 .comment       0x00000026       0x27 CMakeFiles/btnblink.dir/home/lufsen/ws/pico-sdk/src/rp2_common/pico_float/float_init_rom_rp2040.c.o
 .comment       0x00000026       0x27 CMakeFiles/btnblink.dir/home/lufsen/ws/pico-sdk/src/rp2_common/pico_standard_binary_info/standard_binary_info.c.o
 .comment       0x00000026       0x27 CMakeFiles/btnblink.dir/home/lufsen/ws/pico-sdk/src/rp2_common/pico_printf/printf.c.o
 .comment       0x00000026       0x27 CMakeFiles/btnblink.dir/home/lufsen/ws/pico-sdk/src/rp2_common/pico_clib_interface/newlib_interface.c.o
 .comment       0x00000026       0x27 CMakeFiles/btnblink.dir/home/lufsen/ws/pico-sdk/src/rp2_common/pico_stdio/stdio.c.o
 .comment       0x00000026       0x27 /usr/lib/gcc/arm-none-eabi/12.2.1/../../../arm-none-eabi/lib/thumb/v6-m/nofp/libg.a(lib_a-strlen-stub.o)
 .comment       0x00000026       0x27 /usr/lib/gcc/arm-none-eabi/12.2.1/thumb/v6-m/nofp/crtend.o

.debug_info     0x00000000    0x19639
 .debug_info    0x00000000      0x717 CMakeFiles/btnblink.dir/main.cpp.o
 .debug_info    0x00000717     0x2425 CMakeFiles/btnblink.dir/home/lufsen/ws/pico-sdk/src/rp2_common/hardware_gpio/gpio.c.o
 .debug_info    0x00002b3c      0x1bf CMakeFiles/btnblink.dir/home/lufsen/ws/pico-sdk/src/rp2_common/pico_platform_panic/panic.c.o
 .debug_info    0x00002cfb      0x97f CMakeFiles/btnblink.dir/home/lufsen/ws/pico-sdk/src/common/hardware_claim/claim.c.o
 .debug_info    0x0000367a      0x421 CMakeFiles/btnblink.dir/home/lufsen/ws/pico-sdk/src/rp2_common/hardware_sync/sync.c.o
 .debug_info    0x00003a9b      0x239 CMakeFiles/btnblink.dir/home/lufsen/ws/pico-sdk/src/rp2_common/hardware_sync_spin_lock/sync_spin_lock.c.o
 .debug_info    0x00003cd4     0x21a6 CMakeFiles/btnblink.dir/home/lufsen/ws/pico-sdk/src/rp2_common/hardware_irq/irq.c.o
 .debug_info    0x00005e7a      0x153 CMakeFiles/btnblink.dir/home/lufsen/ws/pico-sdk/src/common/pico_sync/lock_core.c.o
 .debug_info    0x00005fcd     0x27c5 CMakeFiles/btnblink.dir/home/lufsen/ws/pico-sdk/src/common/pico_sync/mutex.c.o
 .debug_info    0x00008792     0x47ca CMakeFiles/btnblink.dir/home/lufsen/ws/pico-sdk/src/common/pico_time/time.c.o
 .debug_info    0x0000cf5c     0x2a99 CMakeFiles/btnblink.dir/home/lufsen/ws/pico-sdk/src/rp2_common/hardware_timer/timer.c.o
 .debug_info    0x0000f9f5     0x2901 CMakeFiles/btnblink.dir/home/lufsen/ws/pico-sdk/src/rp2_common/hardware_clocks/clocks.c.o
 .debug_info    0x000122f6      0x4cd CMakeFiles/btnblink.dir/home/lufsen/ws/pico-sdk/src/rp2_common/hardware_pll/pll.c.o
 .debug_info    0x000127c3      0x230 CMakeFiles/btnblink.dir/home/lufsen/ws/pico-sdk/src/rp2_common/hardware_ticks/ticks.c.o
 .debug_info    0x000129f3      0x648 CMakeFiles/btnblink.dir/home/lufsen/ws/pico-sdk/src/rp2_common/pico_bootrom/bootrom.c.o
 .debug_info    0x0001303b      0x1b8 CMakeFiles/btnblink.dir/home/lufsen/ws/pico-sdk/src/rp2_common/hardware_xosc/xosc.c.o
 .debug_info    0x000131f3      0x20e CMakeFiles/btnblink.dir/home/lufsen/ws/pico-sdk/src/rp2_common/pico_runtime/runtime.c.o
 .debug_info    0x00013401      0x77d CMakeFiles/btnblink.dir/home/lufsen/ws/pico-sdk/src/rp2_common/pico_runtime_init/runtime_init.c.o
 .debug_info    0x00013b7e      0x768 CMakeFiles/btnblink.dir/home/lufsen/ws/pico-sdk/src/rp2_common/pico_runtime_init/runtime_init_clocks.c.o
 .debug_info    0x000142e6       0x23 CMakeFiles/btnblink.dir/home/lufsen/ws/pico-sdk/src/rp2_common/pico_bit_ops/bit_ops_aeabi.S.o
 .debug_info    0x00014309       0x23 CMakeFiles/btnblink.dir/home/lufsen/ws/pico-sdk/src/rp2_common/pico_divider/divider_hardware.S.o
 .debug_info    0x0001432c       0x23 CMakeFiles/btnblink.dir/home/lufsen/ws/pico-sdk/src/rp2_common/pico_double/double_aeabi_rp2040.S.o
 .debug_info    0x0001434f      0x2ac CMakeFiles/btnblink.dir/home/lufsen/ws/pico-sdk/src/rp2_common/pico_double/double_init_rom_rp2040.c.o
 .debug_info    0x000145fb       0x24 CMakeFiles/btnblink.dir/home/lufsen/ws/pico-sdk/src/rp2_common/pico_double/double_v1_rom_shim_rp2040.S.o
 .debug_info    0x0001461f       0x24 CMakeFiles/btnblink.dir/home/lufsen/ws/pico-sdk/src/rp2_common/pico_int64_ops/pico_int64_ops_aeabi.S.o
 .debug_info    0x00014643       0x23 CMakeFiles/btnblink.dir/home/lufsen/ws/pico-sdk/src/rp2_common/pico_float/float_aeabi_rp2040.S.o
 .debug_info    0x00014666      0x298 CMakeFiles/btnblink.dir/home/lufsen/ws/pico-sdk/src/rp2_common/pico_float/float_init_rom_rp2040.c.o
 .debug_info    0x000148fe       0x23 CMakeFiles/btnblink.dir/home/lufsen/ws/pico-sdk/src/rp2_common/pico_mem_ops/mem_ops_aeabi.S.o
 .debug_info    0x00014921      0x288 CMakeFiles/btnblink.dir/home/lufsen/ws/pico-sdk/src/rp2_common/pico_standard_binary_info/standard_binary_info.c.o
 .debug_info    0x00014ba9     0x212e CMakeFiles/btnblink.dir/home/lufsen/ws/pico-sdk/src/rp2_common/pico_printf/printf.c.o
 .debug_info    0x00016cd7       0x23 CMakeFiles/btnblink.dir/home/lufsen/ws/pico-sdk/src/rp2_common/pico_crt0/crt0.S.o
 .debug_info    0x00016cfa      0xb36 CMakeFiles/btnblink.dir/home/lufsen/ws/pico-sdk/src/rp2_common/pico_clib_interface/newlib_interface.c.o
 .debug_info    0x00017830     0x1ce5 CMakeFiles/btnblink.dir/home/lufsen/ws/pico-sdk/src/rp2_common/pico_stdio/stdio.c.o
 .debug_info    0x00019515       0x39 /usr/lib/gcc/arm-none-eabi/12.2.1/thumb/v6-m/nofp/libgcc.a(_dvmd_tls.o)
 .debug_info    0x0001954e       0xeb /usr/lib/gcc/arm-none-eabi/12.2.1/../../../arm-none-eabi/lib/thumb/v6-m/nofp/libg.a(lib_a-strlen-stub.o)

.debug_abbrev   0x00000000     0x4a9e
 .debug_abbrev  0x00000000      0x1db CMakeFiles/btnblink.dir/main.cpp.o
 .debug_abbrev  0x000001db      0x4ef CMakeFiles/btnblink.dir/home/lufsen/ws/pico-sdk/src/rp2_common/hardware_gpio/gpio.c.o
 .debug_abbrev  0x000006ca      0x12b CMakeFiles/btnblink.dir/home/lufsen/ws/pico-sdk/src/rp2_common/pico_platform_panic/panic.c.o
 .debug_abbrev  0x000007f5      0x326 CMakeFiles/btnblink.dir/home/lufsen/ws/pico-sdk/src/common/hardware_claim/claim.c.o
 .debug_abbrev  0x00000b1b      0x20d CMakeFiles/btnblink.dir/home/lufsen/ws/pico-sdk/src/rp2_common/hardware_sync/sync.c.o
 .debug_abbrev  0x00000d28      0x1bb CMakeFiles/btnblink.dir/home/lufsen/ws/pico-sdk/src/rp2_common/hardware_sync_spin_lock/sync_spin_lock.c.o
 .debug_abbrev  0x00000ee3      0x600 CMakeFiles/btnblink.dir/home/lufsen/ws/pico-sdk/src/rp2_common/hardware_irq/irq.c.o
 .debug_abbrev  0x000014e3       0xee CMakeFiles/btnblink.dir/home/lufsen/ws/pico-sdk/src/common/pico_sync/lock_core.c.o
 .debug_abbrev  0x000015d1      0x489 CMakeFiles/btnblink.dir/home/lufsen/ws/pico-sdk/src/common/pico_sync/mutex.c.o
 .debug_abbrev  0x00001a5a      0x689 CMakeFiles/btnblink.dir/home/lufsen/ws/pico-sdk/src/common/pico_time/time.c.o
 .debug_abbrev  0x000020e3      0x4f2 CMakeFiles/btnblink.dir/home/lufsen/ws/pico-sdk/src/rp2_common/hardware_timer/timer.c.o
 .debug_abbrev  0x000025d5      0x4d0 CMakeFiles/btnblink.dir/home/lufsen/ws/pico-sdk/src/rp2_common/hardware_clocks/clocks.c.o
 .debug_abbrev  0x00002aa5      0x1d2 CMakeFiles/btnblink.dir/home/lufsen/ws/pico-sdk/src/rp2_common/hardware_pll/pll.c.o
 .debug_abbrev  0x00002c77      0x145 CMakeFiles/btnblink.dir/home/lufsen/ws/pico-sdk/src/rp2_common/hardware_ticks/ticks.c.o
 .debug_abbrev  0x00002dbc      0x1bc CMakeFiles/btnblink.dir/home/lufsen/ws/pico-sdk/src/rp2_common/pico_bootrom/bootrom.c.o
 .debug_abbrev  0x00002f78      0x11d CMakeFiles/btnblink.dir/home/lufsen/ws/pico-sdk/src/rp2_common/hardware_xosc/xosc.c.o
 .debug_abbrev  0x00003095      0x182 CMakeFiles/btnblink.dir/home/lufsen/ws/pico-sdk/src/rp2_common/pico_runtime/runtime.c.o
 .debug_abbrev  0x00003217      0x222 CMakeFiles/btnblink.dir/home/lufsen/ws/pico-sdk/src/rp2_common/pico_runtime_init/runtime_init.c.o
 .debug_abbrev  0x00003439      0x294 CMakeFiles/btnblink.dir/home/lufsen/ws/pico-sdk/src/rp2_common/pico_runtime_init/runtime_init_clocks.c.o
 .debug_abbrev  0x000036cd       0x12 CMakeFiles/btnblink.dir/home/lufsen/ws/pico-sdk/src/rp2_common/pico_bit_ops/bit_ops_aeabi.S.o
 .debug_abbrev  0x000036df       0x12 CMakeFiles/btnblink.dir/home/lufsen/ws/pico-sdk/src/rp2_common/pico_divider/divider_hardware.S.o
 .debug_abbrev  0x000036f1       0x12 CMakeFiles/btnblink.dir/home/lufsen/ws/pico-sdk/src/rp2_common/pico_double/double_aeabi_rp2040.S.o
 .debug_abbrev  0x00003703      0x1bb CMakeFiles/btnblink.dir/home/lufsen/ws/pico-sdk/src/rp2_common/pico_double/double_init_rom_rp2040.c.o
 .debug_abbrev  0x000038be       0x14 CMakeFiles/btnblink.dir/home/lufsen/ws/pico-sdk/src/rp2_common/pico_double/double_v1_rom_shim_rp2040.S.o
 .debug_abbrev  0x000038d2       0x14 CMakeFiles/btnblink.dir/home/lufsen/ws/pico-sdk/src/rp2_common/pico_int64_ops/pico_int64_ops_aeabi.S.o
 .debug_abbrev  0x000038e6       0x12 CMakeFiles/btnblink.dir/home/lufsen/ws/pico-sdk/src/rp2_common/pico_float/float_aeabi_rp2040.S.o
 .debug_abbrev  0x000038f8      0x19e CMakeFiles/btnblink.dir/home/lufsen/ws/pico-sdk/src/rp2_common/pico_float/float_init_rom_rp2040.c.o
 .debug_abbrev  0x00003a96       0x12 CMakeFiles/btnblink.dir/home/lufsen/ws/pico-sdk/src/rp2_common/pico_mem_ops/mem_ops_aeabi.S.o
 .debug_abbrev  0x00003aa8       0xb8 CMakeFiles/btnblink.dir/home/lufsen/ws/pico-sdk/src/rp2_common/pico_standard_binary_info/standard_binary_info.c.o
 .debug_abbrev  0x00003b60      0x52a CMakeFiles/btnblink.dir/home/lufsen/ws/pico-sdk/src/rp2_common/pico_printf/printf.c.o
 .debug_abbrev  0x0000408a       0x12 CMakeFiles/btnblink.dir/home/lufsen/ws/pico-sdk/src/rp2_common/pico_crt0/crt0.S.o
 .debug_abbrev  0x0000409c      0x352 CMakeFiles/btnblink.dir/home/lufsen/ws/pico-sdk/src/rp2_common/pico_clib_interface/newlib_interface.c.o
 .debug_abbrev  0x000043ee      0x601 CMakeFiles/btnblink.dir/home/lufsen/ws/pico-sdk/src/rp2_common/pico_stdio/stdio.c.o
 .debug_abbrev  0x000049ef       0x1f /usr/lib/gcc/arm-none-eabi/12.2.1/thumb/v6-m/nofp/libgcc.a(_dvmd_tls.o)
 .debug_abbrev  0x00004a0e       0x90 /usr/lib/gcc/arm-none-eabi/12.2.1/../../../arm-none-eabi/lib/thumb/v6-m/nofp/libg.a(lib_a-strlen-stub.o)

.debug_loclists
                0x00000000     0xdfe0
 .debug_loclists
                0x00000000       0xf4 CMakeFiles/btnblink.dir/main.cpp.o
 .debug_loclists
                0x000000f4     0x1966 CMakeFiles/btnblink.dir/home/lufsen/ws/pico-sdk/src/rp2_common/hardware_gpio/gpio.c.o
 .debug_loclists
                0x00001a5a      0x30a CMakeFiles/btnblink.dir/home/lufsen/ws/pico-sdk/src/common/hardware_claim/claim.c.o
 .debug_loclists
                0x00001d64       0xd2 CMakeFiles/btnblink.dir/home/lufsen/ws/pico-sdk/src/rp2_common/hardware_sync/sync.c.o
 .debug_loclists
                0x00001e36       0x77 CMakeFiles/btnblink.dir/home/lufsen/ws/pico-sdk/src/rp2_common/hardware_sync_spin_lock/sync_spin_lock.c.o
 .debug_loclists
                0x00001ead     0x1092 CMakeFiles/btnblink.dir/home/lufsen/ws/pico-sdk/src/rp2_common/hardware_irq/irq.c.o
 .debug_loclists
                0x00002f3f       0x3b CMakeFiles/btnblink.dir/home/lufsen/ws/pico-sdk/src/common/pico_sync/lock_core.c.o
 .debug_loclists
                0x00002f7a      0xa9d CMakeFiles/btnblink.dir/home/lufsen/ws/pico-sdk/src/common/pico_sync/mutex.c.o
 .debug_loclists
                0x00003a17     0x22cf CMakeFiles/btnblink.dir/home/lufsen/ws/pico-sdk/src/common/pico_time/time.c.o
 .debug_loclists
                0x00005ce6     0x18b4 CMakeFiles/btnblink.dir/home/lufsen/ws/pico-sdk/src/rp2_common/hardware_timer/timer.c.o
 .debug_loclists
                0x0000759a     0x2568 CMakeFiles/btnblink.dir/home/lufsen/ws/pico-sdk/src/rp2_common/hardware_clocks/clocks.c.o
 .debug_loclists
                0x00009b02      0x1a8 CMakeFiles/btnblink.dir/home/lufsen/ws/pico-sdk/src/rp2_common/hardware_pll/pll.c.o
 .debug_loclists
                0x00009caa       0x41 CMakeFiles/btnblink.dir/home/lufsen/ws/pico-sdk/src/rp2_common/hardware_ticks/ticks.c.o
 .debug_loclists
                0x00009ceb      0x36f CMakeFiles/btnblink.dir/home/lufsen/ws/pico-sdk/src/rp2_common/pico_bootrom/bootrom.c.o
 .debug_loclists
                0x0000a05a       0x48 CMakeFiles/btnblink.dir/home/lufsen/ws/pico-sdk/src/rp2_common/hardware_xosc/xosc.c.o
 .debug_loclists
                0x0000a0a2       0x7e CMakeFiles/btnblink.dir/home/lufsen/ws/pico-sdk/src/rp2_common/pico_runtime/runtime.c.o
 .debug_loclists
                0x0000a120       0xba CMakeFiles/btnblink.dir/home/lufsen/ws/pico-sdk/src/rp2_common/pico_runtime_init/runtime_init.c.o
 .debug_loclists
                0x0000a1da       0x74 CMakeFiles/btnblink.dir/home/lufsen/ws/pico-sdk/src/rp2_common/pico_runtime_init/runtime_init_clocks.c.o
 .debug_loclists
                0x0000a24e       0x35 CMakeFiles/btnblink.dir/home/lufsen/ws/pico-sdk/src/rp2_common/pico_double/double_init_rom_rp2040.c.o
 .debug_loclists
                0x0000a283       0x4e CMakeFiles/btnblink.dir/home/lufsen/ws/pico-sdk/src/rp2_common/pico_float/float_init_rom_rp2040.c.o
 .debug_loclists
                0x0000a2d1     0x2a97 CMakeFiles/btnblink.dir/home/lufsen/ws/pico-sdk/src/rp2_common/pico_printf/printf.c.o
 .debug_loclists
                0x0000cd68      0x3a1 CMakeFiles/btnblink.dir/home/lufsen/ws/pico-sdk/src/rp2_common/pico_clib_interface/newlib_interface.c.o
 .debug_loclists
                0x0000d109      0xe86 CMakeFiles/btnblink.dir/home/lufsen/ws/pico-sdk/src/rp2_common/pico_stdio/stdio.c.o
 .debug_loclists
                0x0000df8f       0x51 /usr/lib/gcc/arm-none-eabi/12.2.1/../../../arm-none-eabi/lib/thumb/v6-m/nofp/libg.a(lib_a-strlen-stub.o)

.debug_aranges  0x00000000      0xdc0
 .debug_aranges
                0x00000000       0x20 CMakeFiles/btnblink.dir/main.cpp.o
 .debug_aranges
                0x00000020      0x120 CMakeFiles/btnblink.dir/home/lufsen/ws/pico-sdk/src/rp2_common/hardware_gpio/gpio.c.o
 .debug_aranges
                0x00000140       0x28 CMakeFiles/btnblink.dir/home/lufsen/ws/pico-sdk/src/rp2_common/pico_platform_panic/panic.c.o
 .debug_aranges
                0x00000168       0x48 CMakeFiles/btnblink.dir/home/lufsen/ws/pico-sdk/src/common/hardware_claim/claim.c.o
 .debug_aranges
                0x000001b0       0x48 CMakeFiles/btnblink.dir/home/lufsen/ws/pico-sdk/src/rp2_common/hardware_sync/sync.c.o
 .debug_aranges
                0x000001f8       0x28 CMakeFiles/btnblink.dir/home/lufsen/ws/pico-sdk/src/rp2_common/hardware_sync_spin_lock/sync_spin_lock.c.o
 .debug_aranges
                0x00000220       0xb8 CMakeFiles/btnblink.dir/home/lufsen/ws/pico-sdk/src/rp2_common/hardware_irq/irq.c.o
 .debug_aranges
                0x000002d8       0x20 CMakeFiles/btnblink.dir/home/lufsen/ws/pico-sdk/src/common/pico_sync/lock_core.c.o
 .debug_aranges
                0x000002f8       0x98 CMakeFiles/btnblink.dir/home/lufsen/ws/pico-sdk/src/common/pico_sync/mutex.c.o
 .debug_aranges
                0x00000390       0xe0 CMakeFiles/btnblink.dir/home/lufsen/ws/pico-sdk/src/common/pico_time/time.c.o
 .debug_aranges
                0x00000470       0xf0 CMakeFiles/btnblink.dir/home/lufsen/ws/pico-sdk/src/rp2_common/hardware_timer/timer.c.o
 .debug_aranges
                0x00000560       0x90 CMakeFiles/btnblink.dir/home/lufsen/ws/pico-sdk/src/rp2_common/hardware_clocks/clocks.c.o
 .debug_aranges
                0x000005f0       0x28 CMakeFiles/btnblink.dir/home/lufsen/ws/pico-sdk/src/rp2_common/hardware_pll/pll.c.o
 .debug_aranges
                0x00000618       0x30 CMakeFiles/btnblink.dir/home/lufsen/ws/pico-sdk/src/rp2_common/hardware_ticks/ticks.c.o
 .debug_aranges
                0x00000648       0x40 CMakeFiles/btnblink.dir/home/lufsen/ws/pico-sdk/src/rp2_common/pico_bootrom/bootrom.c.o
 .debug_aranges
                0x00000688       0x30 CMakeFiles/btnblink.dir/home/lufsen/ws/pico-sdk/src/rp2_common/hardware_xosc/xosc.c.o
 .debug_aranges
                0x000006b8       0x38 CMakeFiles/btnblink.dir/home/lufsen/ws/pico-sdk/src/rp2_common/pico_runtime/runtime.c.o
 .debug_aranges
                0x000006f0       0x48 CMakeFiles/btnblink.dir/home/lufsen/ws/pico-sdk/src/rp2_common/pico_runtime_init/runtime_init.c.o
 .debug_aranges
                0x00000738       0x20 CMakeFiles/btnblink.dir/home/lufsen/ws/pico-sdk/src/rp2_common/pico_runtime_init/runtime_init_clocks.c.o
 .debug_aranges
                0x00000758       0x60 CMakeFiles/btnblink.dir/home/lufsen/ws/pico-sdk/src/rp2_common/pico_bit_ops/bit_ops_aeabi.S.o
 .debug_aranges
                0x000007b8       0x40 CMakeFiles/btnblink.dir/home/lufsen/ws/pico-sdk/src/rp2_common/pico_divider/divider_hardware.S.o
 .debug_aranges
                0x000007f8      0x150 CMakeFiles/btnblink.dir/home/lufsen/ws/pico-sdk/src/rp2_common/pico_double/double_aeabi_rp2040.S.o
 .debug_aranges
                0x00000948       0x28 CMakeFiles/btnblink.dir/home/lufsen/ws/pico-sdk/src/rp2_common/pico_double/double_init_rom_rp2040.c.o
 .debug_aranges
                0x00000970       0x20 CMakeFiles/btnblink.dir/home/lufsen/ws/pico-sdk/src/rp2_common/pico_double/double_v1_rom_shim_rp2040.S.o
 .debug_aranges
                0x00000990       0x20 CMakeFiles/btnblink.dir/home/lufsen/ws/pico-sdk/src/rp2_common/pico_int64_ops/pico_int64_ops_aeabi.S.o
 .debug_aranges
                0x000009b0      0x138 CMakeFiles/btnblink.dir/home/lufsen/ws/pico-sdk/src/rp2_common/pico_float/float_aeabi_rp2040.S.o
 .debug_aranges
                0x00000ae8       0x28 CMakeFiles/btnblink.dir/home/lufsen/ws/pico-sdk/src/rp2_common/pico_float/float_init_rom_rp2040.c.o
 .debug_aranges
                0x00000b10       0x38 CMakeFiles/btnblink.dir/home/lufsen/ws/pico-sdk/src/rp2_common/pico_mem_ops/mem_ops_aeabi.S.o
 .debug_aranges
                0x00000b48       0x18 CMakeFiles/btnblink.dir/home/lufsen/ws/pico-sdk/src/rp2_common/pico_standard_binary_info/standard_binary_info.c.o
 .debug_aranges
                0x00000b60       0x90 CMakeFiles/btnblink.dir/home/lufsen/ws/pico-sdk/src/rp2_common/pico_printf/printf.c.o
 .debug_aranges
                0x00000bf0       0x28 CMakeFiles/btnblink.dir/home/lufsen/ws/pico-sdk/src/rp2_common/pico_crt0/crt0.S.o
 .debug_aranges
                0x00000c18       0xa0 CMakeFiles/btnblink.dir/home/lufsen/ws/pico-sdk/src/rp2_common/pico_clib_interface/newlib_interface.c.o
 .debug_aranges
                0x00000cb8       0xc8 CMakeFiles/btnblink.dir/home/lufsen/ws/pico-sdk/src/rp2_common/pico_stdio/stdio.c.o
 .debug_aranges
                0x00000d80       0x20 /usr/lib/gcc/arm-none-eabi/12.2.1/thumb/v6-m/nofp/libgcc.a(_dvmd_tls.o)
 .debug_aranges
                0x00000da0       0x20 /usr/lib/gcc/arm-none-eabi/12.2.1/../../../arm-none-eabi/lib/thumb/v6-m/nofp/libg.a(lib_a-strlen-stub.o)

.debug_rnglists
                0x00000000     0x293f
 .debug_rnglists
                0x00000000       0x64 CMakeFiles/btnblink.dir/main.cpp.o
 .debug_rnglists
                0x00000064      0x5b6 CMakeFiles/btnblink.dir/home/lufsen/ws/pico-sdk/src/rp2_common/hardware_gpio/gpio.c.o
 .debug_rnglists
                0x0000061a       0x19 CMakeFiles/btnblink.dir/home/lufsen/ws/pico-sdk/src/rp2_common/pico_platform_panic/panic.c.o
 .debug_rnglists
                0x00000633       0xc5 CMakeFiles/btnblink.dir/home/lufsen/ws/pico-sdk/src/common/hardware_claim/claim.c.o
 .debug_rnglists
                0x000006f8       0x67 CMakeFiles/btnblink.dir/home/lufsen/ws/pico-sdk/src/rp2_common/hardware_sync/sync.c.o
 .debug_rnglists
                0x0000075f       0x3d CMakeFiles/btnblink.dir/home/lufsen/ws/pico-sdk/src/rp2_common/hardware_sync_spin_lock/sync_spin_lock.c.o
 .debug_rnglists
                0x0000079c      0x37d CMakeFiles/btnblink.dir/home/lufsen/ws/pico-sdk/src/rp2_common/hardware_irq/irq.c.o
 .debug_rnglists
                0x00000b19       0x1f CMakeFiles/btnblink.dir/home/lufsen/ws/pico-sdk/src/common/pico_sync/lock_core.c.o
 .debug_rnglists
                0x00000b38      0x32d CMakeFiles/btnblink.dir/home/lufsen/ws/pico-sdk/src/common/pico_sync/mutex.c.o
 .debug_rnglists
                0x00000e65      0x756 CMakeFiles/btnblink.dir/home/lufsen/ws/pico-sdk/src/common/pico_time/time.c.o
 .debug_rnglists
                0x000015bb      0x2c6 CMakeFiles/btnblink.dir/home/lufsen/ws/pico-sdk/src/rp2_common/hardware_timer/timer.c.o
 .debug_rnglists
                0x00001881      0x5ea CMakeFiles/btnblink.dir/home/lufsen/ws/pico-sdk/src/rp2_common/hardware_clocks/clocks.c.o
 .debug_rnglists
                0x00001e6b       0x5c CMakeFiles/btnblink.dir/home/lufsen/ws/pico-sdk/src/rp2_common/hardware_pll/pll.c.o
 .debug_rnglists
                0x00001ec7       0x2b CMakeFiles/btnblink.dir/home/lufsen/ws/pico-sdk/src/rp2_common/hardware_ticks/ticks.c.o
 .debug_rnglists
                0x00001ef2      0x11b CMakeFiles/btnblink.dir/home/lufsen/ws/pico-sdk/src/rp2_common/pico_bootrom/bootrom.c.o
 .debug_rnglists
                0x0000200d       0x1f CMakeFiles/btnblink.dir/home/lufsen/ws/pico-sdk/src/rp2_common/hardware_xosc/xosc.c.o
 .debug_rnglists
                0x0000202c       0x3d CMakeFiles/btnblink.dir/home/lufsen/ws/pico-sdk/src/rp2_common/pico_runtime/runtime.c.o
 .debug_rnglists
                0x00002069       0x49 CMakeFiles/btnblink.dir/home/lufsen/ws/pico-sdk/src/rp2_common/pico_runtime_init/runtime_init.c.o
 .debug_rnglists
                0x000020b2       0x20 CMakeFiles/btnblink.dir/home/lufsen/ws/pico-sdk/src/rp2_common/pico_runtime_init/runtime_init_clocks.c.o
 .debug_rnglists
                0x000020d2       0x43 CMakeFiles/btnblink.dir/home/lufsen/ws/pico-sdk/src/rp2_common/pico_bit_ops/bit_ops_aeabi.S.o
 .debug_rnglists
                0x00002115       0x2c CMakeFiles/btnblink.dir/home/lufsen/ws/pico-sdk/src/rp2_common/pico_divider/divider_hardware.S.o
 .debug_rnglists
                0x00002141       0xf8 CMakeFiles/btnblink.dir/home/lufsen/ws/pico-sdk/src/rp2_common/pico_double/double_aeabi_rp2040.S.o
 .debug_rnglists
                0x00002239       0x1a CMakeFiles/btnblink.dir/home/lufsen/ws/pico-sdk/src/rp2_common/pico_double/double_init_rom_rp2040.c.o
 .debug_rnglists
                0x00002253       0xe5 CMakeFiles/btnblink.dir/home/lufsen/ws/pico-sdk/src/rp2_common/pico_float/float_aeabi_rp2040.S.o
 .debug_rnglists
                0x00002338       0x19 CMakeFiles/btnblink.dir/home/lufsen/ws/pico-sdk/src/rp2_common/pico_float/float_init_rom_rp2040.c.o
 .debug_rnglists
                0x00002351       0x25 CMakeFiles/btnblink.dir/home/lufsen/ws/pico-sdk/src/rp2_common/pico_mem_ops/mem_ops_aeabi.S.o
 .debug_rnglists
                0x00002376      0x2a1 CMakeFiles/btnblink.dir/home/lufsen/ws/pico-sdk/src/rp2_common/pico_printf/printf.c.o
 .debug_rnglists
                0x00002617       0x1b CMakeFiles/btnblink.dir/home/lufsen/ws/pico-sdk/src/rp2_common/pico_crt0/crt0.S.o
 .debug_rnglists
                0x00002632       0x7f CMakeFiles/btnblink.dir/home/lufsen/ws/pico-sdk/src/rp2_common/pico_clib_interface/newlib_interface.c.o
 .debug_rnglists
                0x000026b1      0x28e CMakeFiles/btnblink.dir/home/lufsen/ws/pico-sdk/src/rp2_common/pico_stdio/stdio.c.o

.debug_line     0x00000000    0x12310
 .debug_line    0x00000000      0x368 CMakeFiles/btnblink.dir/main.cpp.o
 .debug_line    0x00000368     0x1967 CMakeFiles/btnblink.dir/home/lufsen/ws/pico-sdk/src/rp2_common/hardware_gpio/gpio.c.o
 .debug_line    0x00001ccf      0x1e6 CMakeFiles/btnblink.dir/home/lufsen/ws/pico-sdk/src/rp2_common/pico_platform_panic/panic.c.o
 .debug_line    0x00001eb5      0x826 CMakeFiles/btnblink.dir/home/lufsen/ws/pico-sdk/src/common/hardware_claim/claim.c.o
 .debug_line    0x000026db      0x3f5 CMakeFiles/btnblink.dir/home/lufsen/ws/pico-sdk/src/rp2_common/hardware_sync/sync.c.o
 .debug_line    0x00002ad0      0x2f3 CMakeFiles/btnblink.dir/home/lufsen/ws/pico-sdk/src/rp2_common/hardware_sync_spin_lock/sync_spin_lock.c.o
 .debug_line    0x00002dc3     0x1577 CMakeFiles/btnblink.dir/home/lufsen/ws/pico-sdk/src/rp2_common/hardware_irq/irq.c.o
 .debug_line    0x0000433a      0x22a CMakeFiles/btnblink.dir/home/lufsen/ws/pico-sdk/src/common/pico_sync/lock_core.c.o
 .debug_line    0x00004564     0x18e4 CMakeFiles/btnblink.dir/home/lufsen/ws/pico-sdk/src/common/pico_sync/mutex.c.o
 .debug_line    0x00005e48     0x2c5a CMakeFiles/btnblink.dir/home/lufsen/ws/pico-sdk/src/common/pico_time/time.c.o
 .debug_line    0x00008aa2     0x1adf CMakeFiles/btnblink.dir/home/lufsen/ws/pico-sdk/src/rp2_common/hardware_timer/timer.c.o
 .debug_line    0x0000a581     0x1c8d CMakeFiles/btnblink.dir/home/lufsen/ws/pico-sdk/src/rp2_common/hardware_clocks/clocks.c.o
 .debug_line    0x0000c20e      0x474 CMakeFiles/btnblink.dir/home/lufsen/ws/pico-sdk/src/rp2_common/hardware_pll/pll.c.o
 .debug_line    0x0000c682      0x280 CMakeFiles/btnblink.dir/home/lufsen/ws/pico-sdk/src/rp2_common/hardware_ticks/ticks.c.o
 .debug_line    0x0000c902      0x3ca CMakeFiles/btnblink.dir/home/lufsen/ws/pico-sdk/src/rp2_common/pico_bootrom/bootrom.c.o
 .debug_line    0x0000cccc      0x29b CMakeFiles/btnblink.dir/home/lufsen/ws/pico-sdk/src/rp2_common/hardware_xosc/xosc.c.o
 .debug_line    0x0000cf67      0x24c CMakeFiles/btnblink.dir/home/lufsen/ws/pico-sdk/src/rp2_common/pico_runtime/runtime.c.o
 .debug_line    0x0000d1b3      0x476 CMakeFiles/btnblink.dir/home/lufsen/ws/pico-sdk/src/rp2_common/pico_runtime_init/runtime_init.c.o
 .debug_line    0x0000d629      0x467 CMakeFiles/btnblink.dir/home/lufsen/ws/pico-sdk/src/rp2_common/pico_runtime_init/runtime_init_clocks.c.o
 .debug_line    0x0000da90      0x107 CMakeFiles/btnblink.dir/home/lufsen/ws/pico-sdk/src/rp2_common/pico_bit_ops/bit_ops_aeabi.S.o
 .debug_line    0x0000db97      0x2a9 CMakeFiles/btnblink.dir/home/lufsen/ws/pico-sdk/src/rp2_common/pico_divider/divider_hardware.S.o
 .debug_line    0x0000de40      0x44d CMakeFiles/btnblink.dir/home/lufsen/ws/pico-sdk/src/rp2_common/pico_double/double_aeabi_rp2040.S.o
 .debug_line    0x0000e28d      0x3a4 CMakeFiles/btnblink.dir/home/lufsen/ws/pico-sdk/src/rp2_common/pico_double/double_init_rom_rp2040.c.o
 .debug_line    0x0000e631       0x5d CMakeFiles/btnblink.dir/home/lufsen/ws/pico-sdk/src/rp2_common/pico_double/double_v1_rom_shim_rp2040.S.o
 .debug_line    0x0000e68e       0x61 CMakeFiles/btnblink.dir/home/lufsen/ws/pico-sdk/src/rp2_common/pico_int64_ops/pico_int64_ops_aeabi.S.o
 .debug_line    0x0000e6ef      0x3c6 CMakeFiles/btnblink.dir/home/lufsen/ws/pico-sdk/src/rp2_common/pico_float/float_aeabi_rp2040.S.o
 .debug_line    0x0000eab5      0x2dc CMakeFiles/btnblink.dir/home/lufsen/ws/pico-sdk/src/rp2_common/pico_float/float_init_rom_rp2040.c.o
 .debug_line    0x0000ed91       0x94 CMakeFiles/btnblink.dir/home/lufsen/ws/pico-sdk/src/rp2_common/pico_mem_ops/mem_ops_aeabi.S.o
 .debug_line    0x0000ee25      0x15a CMakeFiles/btnblink.dir/home/lufsen/ws/pico-sdk/src/rp2_common/pico_standard_binary_info/standard_binary_info.c.o
 .debug_line    0x0000ef7f     0x1814 CMakeFiles/btnblink.dir/home/lufsen/ws/pico-sdk/src/rp2_common/pico_printf/printf.c.o
 .debug_line    0x00010793       0xa5 CMakeFiles/btnblink.dir/home/lufsen/ws/pico-sdk/src/rp2_common/pico_crt0/crt0.S.o
 .debug_line    0x00010838      0x738 CMakeFiles/btnblink.dir/home/lufsen/ws/pico-sdk/src/rp2_common/pico_clib_interface/newlib_interface.c.o
 .debug_line    0x00010f70     0x11a9 CMakeFiles/btnblink.dir/home/lufsen/ws/pico-sdk/src/rp2_common/pico_stdio/stdio.c.o
 .debug_line    0x00012119       0x4a /usr/lib/gcc/arm-none-eabi/12.2.1/thumb/v6-m/nofp/libgcc.a(_dvmd_tls.o)
 .debug_line    0x00012163      0x1ad /usr/lib/gcc/arm-none-eabi/12.2.1/../../../arm-none-eabi/lib/thumb/v6-m/nofp/libg.a(lib_a-strlen-stub.o)

.debug_str      0x00000000     0x4461
 .debug_str     0x00000000      0x414 CMakeFiles/btnblink.dir/main.cpp.o
                                0x475 (size before relaxing)
 .debug_str     0x00000414      0x8b0 CMakeFiles/btnblink.dir/home/lufsen/ws/pico-sdk/src/rp2_common/hardware_gpio/gpio.c.o
                                0xc3c (size before relaxing)
 .debug_str     0x00000cc4       0x90 CMakeFiles/btnblink.dir/home/lufsen/ws/pico-sdk/src/rp2_common/pico_platform_panic/panic.c.o
                                0x1f3 (size before relaxing)
 .debug_str     0x00000d54      0x1d2 CMakeFiles/btnblink.dir/home/lufsen/ws/pico-sdk/src/common/hardware_claim/claim.c.o
                                0x361 (size before relaxing)
 .debug_str     0x00000f26       0xca CMakeFiles/btnblink.dir/home/lufsen/ws/pico-sdk/src/rp2_common/hardware_sync/sync.c.o
                                0x30a (size before relaxing)
 .debug_str     0x00000ff0       0x60 CMakeFiles/btnblink.dir/home/lufsen/ws/pico-sdk/src/rp2_common/hardware_sync_spin_lock/sync_spin_lock.c.o
                                0x227 (size before relaxing)
 .debug_str     0x00001050      0x4d8 CMakeFiles/btnblink.dir/home/lufsen/ws/pico-sdk/src/rp2_common/hardware_irq/irq.c.o
                                0xa27 (size before relaxing)
 .debug_str     0x00001528       0x5a CMakeFiles/btnblink.dir/home/lufsen/ws/pico-sdk/src/common/pico_sync/lock_core.c.o
                                0x1f3 (size before relaxing)
 .debug_str     0x00001582      0x26a CMakeFiles/btnblink.dir/home/lufsen/ws/pico-sdk/src/common/pico_sync/mutex.c.o
                                0x752 (size before relaxing)
 .debug_str     0x000017ec      0x9e2 CMakeFiles/btnblink.dir/home/lufsen/ws/pico-sdk/src/common/pico_time/time.c.o
                               0x1139 (size before relaxing)
 .debug_str     0x000021ce      0x1e0 CMakeFiles/btnblink.dir/home/lufsen/ws/pico-sdk/src/rp2_common/hardware_timer/timer.c.o
                                0x9a3 (size before relaxing)
 .debug_str     0x000023ae      0x49d CMakeFiles/btnblink.dir/home/lufsen/ws/pico-sdk/src/rp2_common/hardware_clocks/clocks.c.o
                                0x957 (size before relaxing)
 .debug_str     0x0000284b      0x227 CMakeFiles/btnblink.dir/home/lufsen/ws/pico-sdk/src/rp2_common/hardware_pll/pll.c.o
                                0x43a (size before relaxing)
 .debug_str     0x00002a72       0xc7 CMakeFiles/btnblink.dir/home/lufsen/ws/pico-sdk/src/rp2_common/hardware_ticks/ticks.c.o
                                0x269 (size before relaxing)
 .debug_str     0x00002b39      0x1a1 CMakeFiles/btnblink.dir/home/lufsen/ws/pico-sdk/src/rp2_common/pico_bootrom/bootrom.c.o
                                0x323 (size before relaxing)
 .debug_str     0x00002cda       0x73 CMakeFiles/btnblink.dir/home/lufsen/ws/pico-sdk/src/rp2_common/hardware_xosc/xosc.c.o
                                0x21e (size before relaxing)
 .debug_str     0x00002d4d       0xe8 CMakeFiles/btnblink.dir/home/lufsen/ws/pico-sdk/src/rp2_common/pico_runtime/runtime.c.o
                                0x279 (size before relaxing)
 .debug_str     0x00002e35      0x2a9 CMakeFiles/btnblink.dir/home/lufsen/ws/pico-sdk/src/rp2_common/pico_runtime_init/runtime_init.c.o
                                0x762 (size before relaxing)
 .debug_str     0x000030de       0x60 CMakeFiles/btnblink.dir/home/lufsen/ws/pico-sdk/src/rp2_common/pico_runtime_init/runtime_init_clocks.c.o
                                0x476 (size before relaxing)
 .debug_str     0x0000313e       0x51 CMakeFiles/btnblink.dir/home/lufsen/ws/pico-sdk/src/rp2_common/pico_bit_ops/bit_ops_aeabi.S.o
                                 0x86 (size before relaxing)
 .debug_str     0x0000318f       0x48 CMakeFiles/btnblink.dir/home/lufsen/ws/pico-sdk/src/rp2_common/pico_divider/divider_hardware.S.o
                                 0x89 (size before relaxing)
 .debug_str     0x000031d7       0x4a CMakeFiles/btnblink.dir/home/lufsen/ws/pico-sdk/src/rp2_common/pico_double/double_aeabi_rp2040.S.o
                                 0x8b (size before relaxing)
 .debug_str     0x00003221       0xf2 CMakeFiles/btnblink.dir/home/lufsen/ws/pico-sdk/src/rp2_common/pico_double/double_init_rom_rp2040.c.o
                                0x2b3 (size before relaxing)
 .debug_str     0x00003313       0x50 CMakeFiles/btnblink.dir/home/lufsen/ws/pico-sdk/src/rp2_common/pico_double/double_v1_rom_shim_rp2040.S.o
                                 0x91 (size before relaxing)
 .debug_str     0x00003363       0x4e CMakeFiles/btnblink.dir/home/lufsen/ws/pico-sdk/src/rp2_common/pico_int64_ops/pico_int64_ops_aeabi.S.o
                                 0x8f (size before relaxing)
 .debug_str     0x000033b1       0x48 CMakeFiles/btnblink.dir/home/lufsen/ws/pico-sdk/src/rp2_common/pico_float/float_aeabi_rp2040.S.o
                                 0x89 (size before relaxing)
 .debug_str     0x000033f9       0x89 CMakeFiles/btnblink.dir/home/lufsen/ws/pico-sdk/src/rp2_common/pico_float/float_init_rom_rp2040.c.o
                                0x278 (size before relaxing)
 .debug_str     0x00003482       0x45 CMakeFiles/btnblink.dir/home/lufsen/ws/pico-sdk/src/rp2_common/pico_mem_ops/mem_ops_aeabi.S.o
                                 0x86 (size before relaxing)
 .debug_str     0x000034c7      0x247 CMakeFiles/btnblink.dir/home/lufsen/ws/pico-sdk/src/rp2_common/pico_standard_binary_info/standard_binary_info.c.o
                                0x3c9 (size before relaxing)
 .debug_str     0x0000370e      0x27e CMakeFiles/btnblink.dir/home/lufsen/ws/pico-sdk/src/rp2_common/pico_printf/printf.c.o
                                0x4b1 (size before relaxing)
 .debug_str     0x0000398c       0x39 CMakeFiles/btnblink.dir/home/lufsen/ws/pico-sdk/src/rp2_common/pico_crt0/crt0.S.o
                                 0x7a (size before relaxing)
 .debug_str     0x000039c5      0x325 CMakeFiles/btnblink.dir/home/lufsen/ws/pico-sdk/src/rp2_common/pico_clib_interface/newlib_interface.c.o
                                0x713 (size before relaxing)
 .debug_str     0x00003cea      0x5ac CMakeFiles/btnblink.dir/home/lufsen/ws/pico-sdk/src/rp2_common/pico_stdio/stdio.c.o
                                0xd6e (size before relaxing)
 .debug_str     0x00004296       0xbf /usr/lib/gcc/arm-none-eabi/12.2.1/thumb/v6-m/nofp/libgcc.a(_dvmd_tls.o)
 .debug_str     0x00004355      0x10c /usr/lib/gcc/arm-none-eabi/12.2.1/../../../arm-none-eabi/lib/thumb/v6-m/nofp/libg.a(lib_a-strlen-stub.o)
                                0x1b5 (size before relaxing)

.debug_frame    0x00000000     0x19a0
 .debug_frame   0x00000000       0x2c CMakeFiles/btnblink.dir/main.cpp.o
 .debug_frame   0x0000002c      0x330 CMakeFiles/btnblink.dir/home/lufsen/ws/pico-sdk/src/rp2_common/hardware_gpio/gpio.c.o
 .debug_frame   0x0000035c       0x44 CMakeFiles/btnblink.dir/home/lufsen/ws/pico-sdk/src/rp2_common/pico_platform_panic/panic.c.o
 .debug_frame   0x000003a0       0xa0 CMakeFiles/btnblink.dir/home/lufsen/ws/pico-sdk/src/common/hardware_claim/claim.c.o
 .debug_frame   0x00000440       0xa8 CMakeFiles/btnblink.dir/home/lufsen/ws/pico-sdk/src/rp2_common/hardware_sync/sync.c.o
 .debug_frame   0x000004e8       0x30 CMakeFiles/btnblink.dir/home/lufsen/ws/pico-sdk/src/rp2_common/hardware_sync_spin_lock/sync_spin_lock.c.o
 .debug_frame   0x00000518      0x1cc CMakeFiles/btnblink.dir/home/lufsen/ws/pico-sdk/src/rp2_common/hardware_irq/irq.c.o
 .debug_frame   0x000006e4       0x20 CMakeFiles/btnblink.dir/home/lufsen/ws/pico-sdk/src/common/pico_sync/lock_core.c.o
 .debug_frame   0x00000704      0x1e4 CMakeFiles/btnblink.dir/home/lufsen/ws/pico-sdk/src/common/pico_sync/mutex.c.o
 .debug_frame   0x000008e8      0x2d0 CMakeFiles/btnblink.dir/home/lufsen/ws/pico-sdk/src/common/pico_time/time.c.o
 .debug_frame   0x00000bb8      0x2c0 CMakeFiles/btnblink.dir/home/lufsen/ws/pico-sdk/src/rp2_common/hardware_timer/timer.c.o
 .debug_frame   0x00000e78      0x1f0 CMakeFiles/btnblink.dir/home/lufsen/ws/pico-sdk/src/rp2_common/hardware_clocks/clocks.c.o
 .debug_frame   0x00001068       0x40 CMakeFiles/btnblink.dir/home/lufsen/ws/pico-sdk/src/rp2_common/hardware_pll/pll.c.o
 .debug_frame   0x000010a8       0x40 CMakeFiles/btnblink.dir/home/lufsen/ws/pico-sdk/src/rp2_common/hardware_ticks/ticks.c.o
 .debug_frame   0x000010e8       0xa0 CMakeFiles/btnblink.dir/home/lufsen/ws/pico-sdk/src/rp2_common/pico_bootrom/bootrom.c.o
 .debug_frame   0x00001188       0x40 CMakeFiles/btnblink.dir/home/lufsen/ws/pico-sdk/src/rp2_common/hardware_xosc/xosc.c.o
 .debug_frame   0x000011c8       0x70 CMakeFiles/btnblink.dir/home/lufsen/ws/pico-sdk/src/rp2_common/pico_runtime/runtime.c.o
 .debug_frame   0x00001238       0x84 CMakeFiles/btnblink.dir/home/lufsen/ws/pico-sdk/src/rp2_common/pico_runtime_init/runtime_init.c.o
 .debug_frame   0x000012bc       0x2c CMakeFiles/btnblink.dir/home/lufsen/ws/pico-sdk/src/rp2_common/pico_runtime_init/runtime_init_clocks.c.o
 .debug_frame   0x000012e8       0x44 CMakeFiles/btnblink.dir/home/lufsen/ws/pico-sdk/src/rp2_common/pico_double/double_init_rom_rp2040.c.o
 .debug_frame   0x0000132c       0x40 CMakeFiles/btnblink.dir/home/lufsen/ws/pico-sdk/src/rp2_common/pico_float/float_init_rom_rp2040.c.o
 .debug_frame   0x0000136c      0x1ec CMakeFiles/btnblink.dir/home/lufsen/ws/pico-sdk/src/rp2_common/pico_printf/printf.c.o
 .debug_frame   0x00001558      0x174 CMakeFiles/btnblink.dir/home/lufsen/ws/pico-sdk/src/rp2_common/pico_clib_interface/newlib_interface.c.o
 .debug_frame   0x000016cc      0x2ac CMakeFiles/btnblink.dir/home/lufsen/ws/pico-sdk/src/rp2_common/pico_stdio/stdio.c.o
 .debug_frame   0x00001978       0x28 /usr/lib/gcc/arm-none-eabi/12.2.1/../../../arm-none-eabi/lib/thumb/v6-m/nofp/libg.a(lib_a-strlen-stub.o)

.debug_line_str
                0x00000000      0x2d3
 .debug_line_str
                0x00000000       0x7a CMakeFiles/btnblink.dir/home/lufsen/ws/pico-sdk/src/rp2_common/pico_bit_ops/bit_ops_aeabi.S.o
 .debug_line_str
                0x0000007a       0x48 CMakeFiles/btnblink.dir/home/lufsen/ws/pico-sdk/src/rp2_common/pico_divider/divider_hardware.S.o
                                 0x7d (size before relaxing)
 .debug_line_str
                0x000000c2       0x4a CMakeFiles/btnblink.dir/home/lufsen/ws/pico-sdk/src/rp2_common/pico_double/double_aeabi_rp2040.S.o
                                 0x7f (size before relaxing)
 .debug_line_str
                0x0000010c       0x1c CMakeFiles/btnblink.dir/home/lufsen/ws/pico-sdk/src/rp2_common/pico_double/double_v1_rom_shim_rp2040.S.o
                                 0x85 (size before relaxing)
 .debug_line_str
                0x00000128       0x4e CMakeFiles/btnblink.dir/home/lufsen/ws/pico-sdk/src/rp2_common/pico_int64_ops/pico_int64_ops_aeabi.S.o
                                 0x83 (size before relaxing)
 .debug_line_str
                0x00000176       0x48 CMakeFiles/btnblink.dir/home/lufsen/ws/pico-sdk/src/rp2_common/pico_float/float_aeabi_rp2040.S.o
                                 0x7d (size before relaxing)
 .debug_line_str
                0x000001be       0x45 CMakeFiles/btnblink.dir/home/lufsen/ws/pico-sdk/src/rp2_common/pico_mem_ops/mem_ops_aeabi.S.o
                                 0x7a (size before relaxing)
 .debug_line_str
                0x00000203       0x39 CMakeFiles/btnblink.dir/home/lufsen/ws/pico-sdk/src/rp2_common/pico_crt0/crt0.S.o
                                 0x6e (size before relaxing)
 .debug_line_str
                0x0000023c       0x97 /usr/lib/gcc/arm-none-eabi/12.2.1/thumb/v6-m/nofp/libgcc.a(_dvmd_tls.o)
