Archive member included to satisfy reference by file (symbol)

/Applications/ArmGNUToolchain/13.3.rel1/arm-none-eabi/bin/../lib/gcc/arm-none-eabi/13.3.1/thumb/v6-m/nofp/libgcc.a(_dvmd_tls.o)
                              CMakeFiles/chaosblink.dir/Users/ludvignorin/ws/pico-sdk/src/rp2_common/pico_divider/divider_hardware.S.o (__aeabi_idiv0)
/Applications/ArmGNUToolchain/13.3.rel1/arm-none-eabi/bin/../lib/gcc/arm-none-eabi/13.3.1/../../../../arm-none-eabi/lib/thumb/v6-m/nofp/libg.a(libc_a-calloc.o)
                              CMakeFiles/chaosblink.dir/Users/ludvignorin/ws/pico-sdk/src/rp2_common/pico_malloc/malloc.c.o (calloc)
/Applications/ArmGNUToolchain/13.3.rel1/arm-none-eabi/bin/../lib/gcc/arm-none-eabi/13.3.1/../../../../arm-none-eabi/lib/thumb/v6-m/nofp/libg.a(libc_a-callocr.o)
                              /Applications/ArmGNUToolchain/13.3.rel1/arm-none-eabi/bin/../lib/gcc/arm-none-eabi/13.3.1/../../../../arm-none-eabi/lib/thumb/v6-m/nofp/libg.a(libc_a-calloc.o) (_calloc_r)
/Applications/ArmGNUToolchain/13.3.rel1/arm-none-eabi/bin/../lib/gcc/arm-none-eabi/13.3.1/../../../../arm-none-eabi/lib/thumb/v6-m/nofp/libg.a(libc_a-malloc.o)
                              CMakeFiles/chaosblink.dir/Users/ludvignorin/ws/pico-sdk/src/rp2_common/pico_malloc/malloc.c.o (malloc)
/Applications/ArmGNUToolchain/13.3.rel1/arm-none-eabi/bin/../lib/gcc/arm-none-eabi/13.3.1/../../../../arm-none-eabi/lib/thumb/v6-m/nofp/libg.a(libc_a-mallocr.o)
                              /Applications/ArmGNUToolchain/13.3.rel1/arm-none-eabi/bin/../lib/gcc/arm-none-eabi/13.3.1/../../../../arm-none-eabi/lib/thumb/v6-m/nofp/libg.a(libc_a-callocr.o) (_malloc_r)
/Applications/ArmGNUToolchain/13.3.rel1/arm-none-eabi/bin/../lib/gcc/arm-none-eabi/13.3.1/../../../../arm-none-eabi/lib/thumb/v6-m/nofp/libg.a(libc_a-mlock.o)
                              /Applications/ArmGNUToolchain/13.3.rel1/arm-none-eabi/bin/../lib/gcc/arm-none-eabi/13.3.1/../../../../arm-none-eabi/lib/thumb/v6-m/nofp/libg.a(libc_a-mallocr.o) (__malloc_lock)
/Applications/ArmGNUToolchain/13.3.rel1/arm-none-eabi/bin/../lib/gcc/arm-none-eabi/13.3.1/../../../../arm-none-eabi/lib/thumb/v6-m/nofp/libg.a(libc_a-realloc.o)
                              CMakeFiles/chaosblink.dir/Users/ludvignorin/ws/pico-sdk/src/rp2_common/pico_malloc/malloc.c.o (realloc)
/Applications/ArmGNUToolchain/13.3.rel1/arm-none-eabi/bin/../lib/gcc/arm-none-eabi/13.3.1/../../../../arm-none-eabi/lib/thumb/v6-m/nofp/libg.a(libc_a-reallocr.o)
                              /Applications/ArmGNUToolchain/13.3.rel1/arm-none-eabi/bin/../lib/gcc/arm-none-eabi/13.3.1/../../../../arm-none-eabi/lib/thumb/v6-m/nofp/libg.a(libc_a-realloc.o) (_realloc_r)
/Applications/ArmGNUToolchain/13.3.rel1/arm-none-eabi/bin/../lib/gcc/arm-none-eabi/13.3.1/../../../../arm-none-eabi/lib/thumb/v6-m/nofp/libg.a(libc_a-memcmp.o)
                              CMakeFiles/chaosblink.dir/Users/ludvignorin/ws/pico-sdk/src/rp2_common/pico_atomic/atomic.c.o (memcmp)
/Applications/ArmGNUToolchain/13.3.rel1/arm-none-eabi/bin/../lib/gcc/arm-none-eabi/13.3.1/../../../../arm-none-eabi/lib/thumb/v6-m/nofp/libg.a(libc_a-memmove.o)
                              /Applications/ArmGNUToolchain/13.3.rel1/arm-none-eabi/bin/../lib/gcc/arm-none-eabi/13.3.1/../../../../arm-none-eabi/lib/thumb/v6-m/nofp/libg.a(libc_a-reallocr.o) (memmove)
/Applications/ArmGNUToolchain/13.3.rel1/arm-none-eabi/bin/../lib/gcc/arm-none-eabi/13.3.1/../../../../arm-none-eabi/lib/thumb/v6-m/nofp/libg.a(libc_a-lcltime_r.o)
                              CMakeFiles/chaosblink.dir/Users/ludvignorin/ws/pico-sdk/src/common/pico_util/datetime.c.o (localtime_r)
/Applications/ArmGNUToolchain/13.3.rel1/arm-none-eabi/bin/../lib/gcc/arm-none-eabi/13.3.1/../../../../arm-none-eabi/lib/thumb/v6-m/nofp/libg.a(libc_a-mktime.o)
                              CMakeFiles/chaosblink.dir/Users/ludvignorin/ws/pico-sdk/src/common/pico_util/datetime.c.o (mktime)
/Applications/ArmGNUToolchain/13.3.rel1/arm-none-eabi/bin/../lib/gcc/arm-none-eabi/13.3.1/../../../../arm-none-eabi/lib/thumb/v6-m/nofp/libg.a(libc_a-month_lengths.o)
                              /Applications/ArmGNUToolchain/13.3.rel1/arm-none-eabi/bin/../lib/gcc/arm-none-eabi/13.3.1/../../../../arm-none-eabi/lib/thumb/v6-m/nofp/libg.a(libc_a-lcltime_r.o) (__month_lengths)
/Applications/ArmGNUToolchain/13.3.rel1/arm-none-eabi/bin/../lib/gcc/arm-none-eabi/13.3.1/../../../../arm-none-eabi/lib/thumb/v6-m/nofp/libg.a(libc_a-tzcalc_limits.o)
                              /Applications/ArmGNUToolchain/13.3.rel1/arm-none-eabi/bin/../lib/gcc/arm-none-eabi/13.3.1/../../../../arm-none-eabi/lib/thumb/v6-m/nofp/libg.a(libc_a-lcltime_r.o) (__tzcalc_limits)
/Applications/ArmGNUToolchain/13.3.rel1/arm-none-eabi/bin/../lib/gcc/arm-none-eabi/13.3.1/../../../../arm-none-eabi/lib/thumb/v6-m/nofp/libg.a(libc_a-tzlock.o)
[...]
Memory Configuration

Name             Origin             Length             Attributes
FLASH            0x10000000         0x00200000         xr
RAM              0x20000000         0x00040000         xrw
SCRATCH_X        0x20040000         0x00001000         xrw
SCRATCH_Y        0x20041000         0x00001000         xrw
*default*        0x00000000         0xffffffff

Linker script and memory map

LOAD /Applications/ArmGNUToolchain/13.3.rel1/arm-none-eabi/bin/../lib/gcc/arm-none-eabi/13.3.1/thumb/v6-m/nofp/crti.o
LOAD /Applications/ArmGNUToolchain/13.3.rel1/arm-none-eabi/bin/../lib/gcc/arm-none-eabi/13.3.1/thumb/v6-m/nofp/crtbegin.o
LOAD /Applications/ArmGNUToolchain/13.3.rel1/arm-none-eabi/bin/../lib/gcc/arm-none-eabi/13.3.1/../../../../arm-none-eabi/lib/thumb/v6-m/nofp/crt0.o

.flash_begin    0x10000000        0x0
                0x10000000                        __flash_binary_start = .

.boot2          0x10000000      0x100
                0x10000000                        __boot2_start__ = .
 *(.boot2)
 .boot2         0x10000000      0x100 pico-sdk/src/rp2040/boot_stage2/CMakeFiles/bs2_default_library.dir/bs2_default_padded_checksummed.S.o
                0x10000100                        __boot2_end__ = .
                0x00000001                        ASSERT (((__boot2_end__ - __boot2_start__) == 0x100), ERROR: Pico second stage bootloader must be 256 bytes in size)

.text           0x10000100     0x4ff4
                0x10000100                        __logical_binary_start = .
 *(.vectors)
 .vectors       0x10000100       0xd4 CMakeFiles/chaosblink.dir/Users/ludvignorin/ws/pico-sdk/src/rp2_common/pico_crt0/crt0.S.o
                0x10000100                __VECTOR_TABLE
                0x10000100                __vectors
                0x100001c0                __default_isrs_start
                0x100001c0                isr_invalid
                0x100001c2                isr_nmi
                0x100001c4                isr_hardfault
                0x100001c6                isr_svcall
                0x100001c8                isr_pendsv
                0x100001ca                isr_systick
                0x100001cc                isr_irq28
                0x100001cc                isr_irq19
                0x100001cc                isr_irq0
                0x100001cc                isr_irq6
                0x100001cc                isr_irq22
                0x100001cc                isr_irq17
                0x100001cc                isr_irq14
                0x100001cc                isr_irq2
                0x100001cc                isr_irq10
                0x100001cc                isr_irq8
                0x100001cc                isr_irq24
                0x100001cc                isr_irq1
                0x100001cc                isr_irq7
                0x100001cc                isr_irq21
                0x100001cc                isr_irq20
                0x100001cc                isr_irq15
                0x100001cc                isr_irq25
                0x100001cc                isr_irq4
                0x100001cc                isr_irq16
                0x100001cc                isr_irq29
                0x100001cc                isr_irq26
                0x100001cc                __default_isrs_end
                0x100001cc                isr_irq3
                0x100001cc                isr_irq9
                0x100001cc                __unhandled_user_irq
                0x100001cc                isr_irq13
                0x100001cc                isr_irq27
                0x100001cc                isr_irq31
                0x100001cc                isr_irq5
                0x100001cc                isr_irq11
                0x100001cc                isr_irq23
                0x100001cc                isr_irq18
                0x100001cc                isr_irq30
                0x100001cc                isr_irq12
                0x100001d2                unhandled_user_irq_num_in_r0
 *(.binary_info_header)
 .binary_info_header
                0x100001d4       0x14 CMakeFiles/chaosblink.dir/Users/ludvignorin/ws/pico-sdk/src/rp2_common/pico_crt0/crt0.S.o
                0x100001e8                        __binary_info_header_end = .
 *(.embedded_block)
                0x100001e8                        __embedded_block_end = .
 *(.reset)
 .reset         0x100001e8       0x9c CMakeFiles/chaosblink.dir/Users/ludvignorin/ws/pico-sdk/src/rp2_common/pico_crt0/crt0.S.o
                0x100001e8                _entry_point
 *(.init)
 .init          0x10000284        0x4 /Applications/ArmGNUToolchain/13.3.rel1/arm-none-eabi/bin/../lib/gcc/arm-none-eabi/13.3.1/thumb/v6-m/nofp/crti.o
                0x10000284                _init
 *(EXCLUDE_FILE(*libm.a: *libc.a:*lib_a-mem*.o *libgcc.a:) .text*)
 .text.register_tm_clones
                0x10000288       0x28 /Applications/ArmGNUToolchain/13.3.rel1/arm-none-eabi/bin/../lib/gcc/arm-none-eabi/13.3.1/thumb/v6-m/nofp/crtbegin.o
 .text.frame_dummy
                0x100002b0       0x24 /Applications/ArmGNUToolchain/13.3.rel1/arm-none-eabi/bin/../lib/gcc/arm-none-eabi/13.3.1/thumb/v6-m/nofp/crtbegin.o
 .text.startup.main
                0x100002d4       0x78 CMakeFiles/chaosblink.dir/main.cpp.o
                0x100002d4                main
 .text.gpio_set_function
                0x1000034c       0x34 CMakeFiles/chaosblink.dir/Users/ludvignorin/ws/pico-sdk/src/rp2_common/hardware_gpio/gpio.c.o
                0x1000034c                gpio_set_function
 .text.gpio_init
                0x10000380       0x40 CMakeFiles/chaosblink.dir/Users/ludvignorin/ws/pico-sdk/src/rp2_common/hardware_gpio/gpio.c.o
                0x10000380                gpio_init
 .text.rp2040_chip_version
                0x100003c0        0xc CMakeFiles/chaosblink.dir/Users/ludvignorin/ws/pico-sdk/src/rp2040/pico_platform/platform.c.o
                0x100003c0                rp2040_chip_version
 .text.panic    0x100003cc       0x30 CMakeFiles/chaosblink.dir/Users/ludvignorin/ws/pico-sdk/src/rp2_common/pico_platform_panic/panic.c.o
                0x100003cc                panic
 .text.hw_claim_or_assert
                0x100003fc       0x44 CMakeFiles/chaosblink.dir/Users/ludvignorin/ws/pico-sdk/src/common/hardware_claim/claim.c.o
                0x100003fc                hw_claim_or_assert
 .text.hw_claim_unused_from_range
                0x10000440       0x9c CMakeFiles/chaosblink.dir/Users/ludvignorin/ws/pico-sdk/src/common/hardware_claim/claim.c.o
                0x10000440                hw_claim_unused_from_range
 .text.next_striped_spin_lock_num
                0x100004dc       0x18 CMakeFiles/chaosblink.dir/Users/ludvignorin/ws/pico-sdk/src/rp2_common/hardware_sync/sync.c.o
                0x100004dc                next_striped_spin_lock_num
 .text.spin_lock_claim_unused
                0x100004f4       0x24 CMakeFiles/chaosblink.dir/Users/ludvignorin/ws/pico-sdk/src/rp2_common/hardware_sync/sync.c.o
                0x100004f4                spin_lock_claim_unused
 .text.spin_locks_reset
                0x10000518       0x1c CMakeFiles/chaosblink.dir/Users/ludvignorin/ws/pico-sdk/src/rp2_common/hardware_sync_spin_lock/sync_spin_lock.c.o
                0x10000518                spin_locks_reset
 .text.runtime_init_per_core_irq_priorities
                0x10000534       0x24 CMakeFiles/chaosblink.dir/Users/ludvignorin/ws/pico-sdk/src/rp2_common/hardware_irq/irq.c.o
                0x10000534                runtime_init_per_core_irq_priorities
 .text.irq_set_enabled
                0x10000558       0x24 CMakeFiles/chaosblink.dir/Users/ludvignorin/ws/pico-sdk/src/rp2_common/hardware_irq/irq.c.o
                0x10000558                irq_set_enabled
 .text.irq_is_enabled
                0x1000057c       0x18 CMakeFiles/chaosblink.dir/Users/ludvignorin/ws/pico-sdk/src/rp2_common/hardware_irq/irq.c.o
                0x1000057c                irq_is_enabled
 .text.irq_set_pending
                0x10000594       0x10 CMakeFiles/chaosblink.dir/Users/ludvignorin/ws/pico-sdk/src/rp2_common/hardware_irq/irq.c.o
                0x10000594                irq_set_pending
 .text.irq_has_shared_handler
                0x100005a4       0x24 CMakeFiles/chaosblink.dir/Users/ludvignorin/ws/pico-sdk/src/rp2_common/hardware_irq/irq.c.o
                0x100005a4                irq_has_shared_handler
 .text.irq_set_exclusive_handler
                0x100005c8       0x54 CMakeFiles/chaosblink.dir/Users/ludvignorin/ws/pico-sdk/src/rp2_common/hardware_irq/irq.c.o
                0x100005c8                irq_set_exclusive_handler
 .text.irq_add_shared_handler
                0x1000061c      0x1f4 CMakeFiles/chaosblink.dir/Users/ludvignorin/ws/pico-sdk/src/rp2_common/hardware_irq/irq.c.o
                0x1000061c                irq_add_shared_handler
 .text.irq_remove_handler
                0x10000810      0x1d4 CMakeFiles/chaosblink.dir/Users/ludvignorin/ws/pico-sdk/src/rp2_common/hardware_irq/irq.c.o
                0x10000810                irq_remove_handler
 .text.irq_add_tail_to_free_list
                0x100009e4       0xb4 CMakeFiles/chaosblink.dir/Users/ludvignorin/ws/pico-sdk/src/rp2_common/hardware_irq/irq.c.o
                0x100009e4                irq_add_tail_to_free_list
 .text.user_irq_claim_unused
                0x10000a98       0x2c CMakeFiles/chaosblink.dir/Users/ludvignorin/ws/pico-sdk/src/rp2_common/hardware_irq/irq.c.o
                0x10000a98                user_irq_claim_unused
 .text.lock_init
                0x10000ac4       0x10 CMakeFiles/chaosblink.dir/Users/ludvignorin/ws/pico-sdk/src/common/pico_sync/lock_core.c.o
                0x10000ac4                lock_init
 .text.runtime_init_mutex
                0x10000ad4       0x50 CMakeFiles/chaosblink.dir/Users/ludvignorin/ws/pico-sdk/src/common/pico_sync/mutex.c.o
                0x10000ad4                runtime_init_mutex
 .text.mutex_init
                0x10000b24       0x1c CMakeFiles/chaosblink.dir/Users/ludvignorin/ws/pico-sdk/src/common/pico_sync/mutex.c.o
                0x10000b24                mutex_init
 .text.critical_section_init
                0x10000b40       0x1c CMakeFiles/chaosblink.dir/Users/ludvignorin/ws/pico-sdk/src/common/pico_sync/critical_section.c.o
                0x10000b40                critical_section_init
 .text.critical_section_init_with_lock_num
                0x10000b5c       0x14 CMakeFiles/chaosblink.dir/Users/ludvignorin/ws/pico-sdk/src/common/pico_sync/critical_section.c.o
                0x10000b5c                critical_section_init_with_lock_num
 .text.sleep_until_callback
                0x10000b70       0x30 CMakeFiles/chaosblink.dir/Users/ludvignorin/ws/pico-sdk/src/common/pico_time/time.c.o
 .text.alarm_pool_irq_handler
                0x10000ba0      0x2fc CMakeFiles/chaosblink.dir/Users/ludvignorin/ws/pico-sdk/src/common/pico_time/time.c.o
 .text.runtime_init_default_alarm_pool
                0x10000e9c       0xdc CMakeFiles/chaosblink.dir/Users/ludvignorin/ws/pico-sdk/src/common/pico_time/time.c.o
                0x10000e9c                runtime_init_default_alarm_pool
 .text.alarm_pool_get_default
                0x10000f78        0x8 CMakeFiles/chaosblink.dir/Users/ludvignorin/ws/pico-sdk/src/common/pico_time/time.c.o
                0x10000f78                alarm_pool_get_default
 .text.alarm_pool_add_alarm_at
                0x10000f80       0xd4 CMakeFiles/chaosblink.dir/Users/ludvignorin/ws/pico-sdk/src/common/pico_time/time.c.o
                0x10000f80                alarm_pool_add_alarm_at
 .text.alarm_pool_add_alarm_at_force_in_context
                0x10001054       0xb0 CMakeFiles/chaosblink.dir/Users/ludvignorin/ws/pico-sdk/src/common/pico_time/time.c.o
                0x10001054                alarm_pool_add_alarm_at_force_in_context
 .text.alarm_pool_cancel_alarm
                0x10001104       0x74 CMakeFiles/chaosblink.dir/Users/ludvignorin/ws/pico-sdk/src/common/pico_time/time.c.o
                0x10001104                alarm_pool_cancel_alarm
 .text.alarm_pool_core_num
                0x10001178        0x4 CMakeFiles/chaosblink.dir/Users/ludvignorin/ws/pico-sdk/src/common/pico_time/time.c.o
                0x10001178                alarm_pool_core_num
 .text.sleep_until
                0x1000117c       0xd8 CMakeFiles/chaosblink.dir/Users/ludvignorin/ws/pico-sdk/src/common/pico_time/time.c.o
                0x1000117c                sleep_until
 .text.sleep_ms
                0x10001254       0x38 CMakeFiles/chaosblink.dir/Users/ludvignorin/ws/pico-sdk/src/common/pico_time/time.c.o
                0x10001254                sleep_ms
 .text.best_effort_wfe_or_timeout
                0x1000128c       0xf8 CMakeFiles/chaosblink.dir/Users/ludvignorin/ws/pico-sdk/src/common/pico_time/time.c.o
                0x1000128c                best_effort_wfe_or_timeout
 .text.timer_hardware_alarm_claim
                0x10001384       0x14 CMakeFiles/chaosblink.dir/Users/ludvignorin/ws/pico-sdk/src/rp2_common/hardware_timer/timer.c.o
                0x10001384                timer_hardware_alarm_claim
 .text.timer_time_us_64
                0x10001398       0x10 CMakeFiles/chaosblink.dir/Users/ludvignorin/ws/pico-sdk/src/rp2_common/hardware_timer/timer.c.o
                0x10001398                timer_time_us_64
 .text.time_us_64
                0x100013a8       0x14 CMakeFiles/chaosblink.dir/Users/ludvignorin/ws/pico-sdk/src/rp2_common/hardware_timer/timer.c.o
                0x100013a8                time_us_64
 .text.busy_wait_us
                0x100013bc       0x68 CMakeFiles/chaosblink.dir/Users/ludvignorin/ws/pico-sdk/src/rp2_common/hardware_timer/timer.c.o
                0x100013bc                busy_wait_us
 .text.busy_wait_until
                0x10001424       0x20 CMakeFiles/chaosblink.dir/Users/ludvignorin/ws/pico-sdk/src/rp2_common/hardware_timer/timer.c.o
                0x10001424                busy_wait_until
 .text.uart_init
                0x10001444      0x120 CMakeFiles/chaosblink.dir/Users/ludvignorin/ws/pico-sdk/src/rp2_common/hardware_uart/uart.c.o
                0x10001444                uart_init
 .text.clock_configure_int_divider
                0x10001564       0xf4 CMakeFiles/chaosblink.dir/Users/ludvignorin/ws/pico-sdk/src/rp2_common/hardware_clocks/clocks.c.o
                0x10001564                clock_configure_int_divider
 .text.clock_configure_undivided
                0x10001658       0xe8 CMakeFiles/chaosblink.dir/Users/ludvignorin/ws/pico-sdk/src/rp2_common/hardware_clocks/clocks.c.o
                0x10001658                clock_configure_undivided
 .text.clock_get_hz
                0x10001740        0xc CMakeFiles/chaosblink.dir/Users/ludvignorin/ws/pico-sdk/src/rp2_common/hardware_clocks/clocks.c.o
                0x10001740                clock_get_hz
 .text.pll_init
                0x1000174c       0xa4 CMakeFiles/chaosblink.dir/Users/ludvignorin/ws/pico-sdk/src/rp2_common/hardware_pll/pll.c.o
                0x1000174c                pll_init
 .text.watchdog_reboot
                0x100017f0       0x9c CMakeFiles/chaosblink.dir/Users/ludvignorin/ws/pico-sdk/src/rp2_common/hardware_watchdog/watchdog.c.o
                0x100017f0                watchdog_reboot
 .text.tick_start
                0x1000188c       0x10 CMakeFiles/chaosblink.dir/Users/ludvignorin/ws/pico-sdk/src/rp2_common/hardware_ticks/ticks.c.o
                0x1000188c                tick_start
 .text.rom_func_lookup
                0x1000189c       0x10 CMakeFiles/chaosblink.dir/Users/ludvignorin/ws/pico-sdk/src/rp2_common/pico_bootrom/bootrom.c.o
                0x1000189c                rom_func_lookup
 .text.rom_data_lookup
                0x100018ac       0x10 CMakeFiles/chaosblink.dir/Users/ludvignorin/ws/pico-sdk/src/rp2_common/pico_bootrom/bootrom.c.o
                0x100018ac                rom_data_lookup
 .text.rom_funcs_lookup
                0x100018bc       0x44 CMakeFiles/chaosblink.dir/Users/ludvignorin/ws/pico-sdk/src/rp2_common/pico_bootrom/bootrom.c.o
                0x100018bc                rom_funcs_lookup
 .text.rom_reset_usb_boot_extra
                0x10001900       0x28 CMakeFiles/chaosblink.dir/Users/ludvignorin/ws/pico-sdk/src/rp2_common/pico_bootrom/bootrom.c.o
                0x10001900                rom_reset_usb_boot_extra
 .text.xosc_init
                0x10001928       0x28 CMakeFiles/chaosblink.dir/Users/ludvignorin/ws/pico-sdk/src/rp2_common/hardware_xosc/xosc.c.o
                0x10001928                xosc_init
 .text.first_per_core_initializer
                0x10001950        0x4 CMakeFiles/chaosblink.dir/Users/ludvignorin/ws/pico-sdk/src/rp2_common/pico_runtime/runtime.c.o
 .text.hard_assertion_failure
                0x10001954        0xc CMakeFiles/chaosblink.dir/Users/ludvignorin/ws/pico-sdk/src/rp2_common/pico_runtime/runtime.c.o
                0x10001954                hard_assertion_failure
 .text.runtime_run_initializers
                0x10001960       0x28 CMakeFiles/chaosblink.dir/Users/ludvignorin/ws/pico-sdk/src/rp2_common/pico_runtime/runtime.c.o
                0x10001960                runtime_run_initializers
 .text.runtime_init_early_resets
                0x10001988       0x2c CMakeFiles/chaosblink.dir/Users/ludvignorin/ws/pico-sdk/src/rp2_common/pico_runtime_init/runtime_init.c.o
                0x10001988                runtime_init_early_resets
 .text.runtime_init_usb_power_down
                0x100019b4       0x1c CMakeFiles/chaosblink.dir/Users/ludvignorin/ws/pico-sdk/src/rp2_common/pico_runtime_init/runtime_init.c.o
                0x100019b4                runtime_init_usb_power_down
 .text.runtime_init_post_clock_resets
                0x100019d0       0x20 CMakeFiles/chaosblink.dir/Users/ludvignorin/ws/pico-sdk/src/rp2_common/pico_runtime_init/runtime_init.c.o
                0x100019d0                runtime_init_post_clock_resets
 .text.runtime_init_rp2040_gpio_ie_disable
                0x100019f0       0x14 CMakeFiles/chaosblink.dir/Users/ludvignorin/ws/pico-sdk/src/rp2_common/pico_runtime_init/runtime_init.c.o
                0x100019f0                runtime_init_rp2040_gpio_ie_disable
 .text.runtime_init_spin_locks_reset
                0x10001a04        0x8 CMakeFiles/chaosblink.dir/Users/ludvignorin/ws/pico-sdk/src/rp2_common/pico_runtime_init/runtime_init.c.o
                0x10001a04                runtime_init_spin_locks_reset
 .text.runtime_init_install_ram_vector_table
                0x10001a0c       0x1c CMakeFiles/chaosblink.dir/Users/ludvignorin/ws/pico-sdk/src/rp2_common/pico_runtime_init/runtime_init.c.o
                0x10001a0c                runtime_init_install_ram_vector_table
 .text.runtime_init_clocks
                0x10001a28       0xd8 CMakeFiles/chaosblink.dir/Users/ludvignorin/ws/pico-sdk/src/rp2_common/pico_runtime_init/runtime_init_clocks.c.o
                0x10001a28                runtime_init_clocks
 .text          0x10001b00       0x10 CMakeFiles/chaosblink.dir/Users/ludvignorin/ws/pico-sdk/src/rp2_common/pico_bit_ops/bit_ops_aeabi.S.o
 .text.__wrap___aeabi_uidiv
                0x10001b10       0x4c CMakeFiles/chaosblink.dir/Users/ludvignorin/ws/pico-sdk/src/rp2_common/pico_divider/divider_hardware.S.o
                0x10001b10                __wrap___aeabi_uidiv
                0x10001b10                __wrap___aeabi_uidivmod
                0x10001b10                div_u32u32
                0x10001b10                divmod_u32u32
                0x10001b18                divmod_u32u32_unsafe
                0x10001b40                divmod_u32u32_savestate
 .text.missing_double_func_shim
                0x10001b5c        0xc CMakeFiles/chaosblink.dir/Users/ludvignorin/ws/pico-sdk/src/rp2_common/pico_double/double_init_rom_rp2040.c.o
 .text.__aeabi_double_init
                0x10001b68       0xa0 CMakeFiles/chaosblink.dir/Users/ludvignorin/ws/pico-sdk/src/rp2_common/pico_double/double_init_rom_rp2040.c.o
                0x10001b68                __aeabi_double_init
 .text.double_table_shim_on_use_helper
                0x10001c08       0x2c CMakeFiles/chaosblink.dir/Users/ludvignorin/ws/pico-sdk/src/rp2_common/pico_double/double_v1_rom_shim_rp2040.S.o
                0x10001c08                double_table_shim_on_use_helper
 .text.__aeabi_lmul
                0x10001c34       0x32 CMakeFiles/chaosblink.dir/Users/ludvignorin/ws/pico-sdk/src/rp2_common/pico_int64_ops/pico_int64_ops_aeabi.S.o
                0x10001c34                __wrap___aeabi_lmul
 *fill*         0x10001c66        0x2 
 .text.missing_float_func_shim
                0x10001c68        0xc CMakeFiles/chaosblink.dir/Users/ludvignorin/ws/pico-sdk/src/rp2_common/pico_float/float_init_rom_rp2040.c.o
 .text.__aeabi_float_init
                0x10001c74       0x5c CMakeFiles/chaosblink.dir/Users/ludvignorin/ws/pico-sdk/src/rp2_common/pico_float/float_init_rom_rp2040.c.o
                0x10001c74                __aeabi_float_init
 .text          0x10001cd0       0x10 CMakeFiles/chaosblink.dir/Users/ludvignorin/ws/pico-sdk/src/rp2_common/pico_mem_ops/mem_ops_aeabi.S.o
                0x10001cd0                __aeabi_mem_init
 .text.memset   0x10001ce0        0xc CMakeFiles/chaosblink.dir/Users/ludvignorin/ws/pico-sdk/src/rp2_common/pico_mem_ops/mem_ops_aeabi.S.o
                0x10001ce0                __wrap_memset
 .text.memcpy   0x10001cec        0xc CMakeFiles/chaosblink.dir/Users/ludvignorin/ws/pico-sdk/src/rp2_common/pico_mem_ops/mem_ops_aeabi.S.o
                0x10001cec                __wrap___aeabi_memcpy
                0x10001cec                __wrap_memcpy
 .text._out_char
                0x10001cf8       0x10 CMakeFiles/chaosblink.dir/Users/ludvignorin/ws/pico-sdk/src/rp2_common/pico_printf/printf.c.o
 .text.weak_raw_vprintf
                0x10001d08       0x30 CMakeFiles/chaosblink.dir/Users/ludvignorin/ws/pico-sdk/src/rp2_common/pico_printf/printf.c.o
                0x10001d08                weak_raw_vprintf
 .text._exit    0x10001d38        0x4 CMakeFiles/chaosblink.dir/Users/ludvignorin/ws/pico-sdk/src/rp2_common/pico_clib_interface/newlib_interface.c.o
                0x10001d38                _exit
 .text.exit     0x10001d3c        0x8 CMakeFiles/chaosblink.dir/Users/ludvignorin/ws/pico-sdk/src/rp2_common/pico_clib_interface/newlib_interface.c.o
                0x10001d3c                exit
 .text.runtime_init
                0x10001d44       0x2c CMakeFiles/chaosblink.dir/Users/ludvignorin/ws/pico-sdk/src/rp2_common/pico_clib_interface/newlib_interface.c.o
                0x10001d44                runtime_init
 .text.stdio_out_chars_no_crlf
                0x10001d70       0x10 CMakeFiles/chaosblink.dir/Users/ludvignorin/ws/pico-sdk/src/rp2_common/pico_stdio/stdio.c.o
 .text.stdio_out_chars_crlf
                0x10001d80       0x94 CMakeFiles/chaosblink.dir/Users/ludvignorin/ws/pico-sdk/src/rp2_common/pico_stdio/stdio.c.o
 .text.stdio_put_string
                0x10001e14      0x100 CMakeFiles/chaosblink.dir/Users/ludvignorin/ws/pico-sdk/src/rp2_common/pico_stdio/stdio.c.o
                0x10001e14                stdio_put_string
 .text.stdio_set_driver_enabled
                0x10001f14       0x30 CMakeFiles/chaosblink.dir/Users/ludvignorin/ws/pico-sdk/src/rp2_common/pico_stdio/stdio.c.o
                0x10001f14                stdio_set_driver_enabled
 .text.stdio_init_all
                0x10001f44       0x10 CMakeFiles/chaosblink.dir/Users/ludvignorin/ws/pico-sdk/src/rp2_common/pico_stdio/stdio.c.o
                0x10001f44                stdio_init_all
 .text.__wrap_putchar
                0x10001f54       0x98 CMakeFiles/chaosblink.dir/Users/ludvignorin/ws/pico-sdk/src/rp2_common/pico_stdio/stdio.c.o
                0x10001f54                stdio_putchar
                0x10001f54                __wrap_putchar
 .text.__wrap_puts
                0x10001fec       0x3c CMakeFiles/chaosblink.dir/Users/ludvignorin/ws/pico-sdk/src/rp2_common/pico_stdio/stdio.c.o
                0x10001fec                __wrap_puts
                0x10001fec                stdio_puts
 .text.stdio_uart_out_chars
                0x10002028       0x4c CMakeFiles/chaosblink.dir/Users/ludvignorin/ws/pico-sdk/src/rp2_common/pico_stdio_uart/stdio_uart.c.o
 .text.stdio_uart_in_chars
                0x10002074       0x90 CMakeFiles/chaosblink.dir/Users/ludvignorin/ws/pico-sdk/src/rp2_common/pico_stdio_uart/stdio_uart.c.o
                0x10002074                stdio_uart_in_chars
 .text.on_uart_rx
                0x10002104       0x28 CMakeFiles/chaosblink.dir/Users/ludvignorin/ws/pico-sdk/src/rp2_common/pico_stdio_uart/stdio_uart.c.o
 .text.stdio_uart_out_flush
                0x1000212c       0x14 CMakeFiles/chaosblink.dir/Users/ludvignorin/ws/pico-sdk/src/rp2_common/pico_stdio_uart/stdio_uart.c.o
 .text.stdio_uart_set_chars_available_callback
                0x10002140       0x84 CMakeFiles/chaosblink.dir/Users/ludvignorin/ws/pico-sdk/src/rp2_common/pico_stdio_uart/stdio_uart.c.o
 .text.stdio_uart_init
                0x100021c4       0x50 CMakeFiles/chaosblink.dir/Users/ludvignorin/ws/pico-sdk/src/rp2_common/pico_stdio_uart/stdio_uart.c.o
                0x100021c4                stdio_uart_init
 .text.resetd_init
                0x10002214        0x4 CMakeFiles/chaosblink.dir/Users/ludvignorin/ws/pico-sdk/src/rp2_common/pico_stdio_usb/reset_interface.c.o
 .text.resetd_reset
                0x10002218        0xc CMakeFiles/chaosblink.dir/Users/ludvignorin/ws/pico-sdk/src/rp2_common/pico_stdio_usb/reset_interface.c.o
 .text.resetd_open
                0x10002224       0x28 CMakeFiles/chaosblink.dir/Users/ludvignorin/ws/pico-sdk/src/rp2_common/pico_stdio_usb/reset_interface.c.o
 .text.resetd_xfer_cb
                0x1000224c        0x4 CMakeFiles/chaosblink.dir/Users/ludvignorin/ws/pico-sdk/src/rp2_common/pico_stdio_usb/reset_interface.c.o
 .text.resetd_control_xfer_cb
                0x10002250       0x5c CMakeFiles/chaosblink.dir/Users/ludvignorin/ws/pico-sdk/src/rp2_common/pico_stdio_usb/reset_interface.c.o
 .text.tud_descriptor_bos_cb
                0x100022ac        0x8 CMakeFiles/chaosblink.dir/Users/ludvignorin/ws/pico-sdk/src/rp2_common/pico_stdio_usb/reset_interface.c.o
                0x100022ac                tud_descriptor_bos_cb
 .text.tud_vendor_control_xfer_cb
                0x100022b4       0x34 CMakeFiles/chaosblink.dir/Users/ludvignorin/ws/pico-sdk/src/rp2_common/pico_stdio_usb/reset_interface.c.o
                0x100022b4                tud_vendor_control_xfer_cb
 .text.usbd_app_driver_get_cb
                0x100022e8        0xc CMakeFiles/chaosblink.dir/Users/ludvignorin/ws/pico-sdk/src/rp2_common/pico_stdio_usb/reset_interface.c.o
                0x100022e8                usbd_app_driver_get_cb
 .text.tud_cdc_line_coding_cb
                0x100022f4       0x2c CMakeFiles/chaosblink.dir/Users/ludvignorin/ws/pico-sdk/src/rp2_common/pico_stdio_usb/reset_interface.c.o
                0x100022f4                tud_cdc_line_coding_cb
 .text.stdio_usb_set_chars_available_callback
                0x10002320       0x14 CMakeFiles/chaosblink.dir/Users/ludvignorin/ws/pico-sdk/src/rp2_common/pico_stdio_usb/stdio_usb.c.o
                0x10002320                stdio_usb_set_chars_available_callback
 .text.usb_irq  0x10002334       0x10 CMakeFiles/chaosblink.dir/Users/ludvignorin/ws/pico-sdk/src/rp2_common/pico_stdio_usb/stdio_usb.c.o
 .text.timer_task
                0x10002344       0x64 CMakeFiles/chaosblink.dir/Users/ludvignorin/ws/pico-sdk/src/rp2_common/pico_stdio_usb/stdio_usb.c.o
 .text.stdio_usb_in_chars
                0x100023a8       0x90 CMakeFiles/chaosblink.dir/Users/ludvignorin/ws/pico-sdk/src/rp2_common/pico_stdio_usb/stdio_usb.c.o
                0x100023a8                stdio_usb_in_chars
 .text.stdio_usb_out_flush
                0x10002438       0x50 CMakeFiles/chaosblink.dir/Users/ludvignorin/ws/pico-sdk/src/rp2_common/pico_stdio_usb/stdio_usb.c.o
 .text.stdio_usb_out_chars
                0x10002488      0x104 CMakeFiles/chaosblink.dir/Users/ludvignorin/ws/pico-sdk/src/rp2_common/pico_stdio_usb/stdio_usb.c.o
 .text.low_priority_worker_irq
                0x1000258c       0xcc CMakeFiles/chaosblink.dir/Users/ludvignorin/ws/pico-sdk/src/rp2_common/pico_stdio_usb/stdio_usb.c.o
 .text.stdio_usb_init
                0x10002658       0xec CMakeFiles/chaosblink.dir/Users/ludvignorin/ws/pico-sdk/src/rp2_common/pico_stdio_usb/stdio_usb.c.o
                0x10002658                stdio_usb_init
 .text.tud_descriptor_device_cb
                0x10002744        0x8 CMakeFiles/chaosblink.dir/Users/ludvignorin/ws/pico-sdk/src/rp2_common/pico_stdio_usb/stdio_usb_descriptors.c.o
                0x10002744                tud_descriptor_device_cb
 .text.tud_descriptor_configuration_cb
                0x1000274c        0x8 CMakeFiles/chaosblink.dir/Users/ludvignorin/ws/pico-sdk/src/rp2_common/pico_stdio_usb/stdio_usb_descriptors.c.o
                0x1000274c                tud_descriptor_configuration_cb
 .text.tud_descriptor_string_cb
                0x10002754       0x78 CMakeFiles/chaosblink.dir/Users/ludvignorin/ws/pico-sdk/src/rp2_common/pico_stdio_usb/stdio_usb_descriptors.c.o
                0x10002754                tud_descriptor_string_cb
 .text.startup._retrieve_unique_id_on_boot
                0x100027cc       0x10 CMakeFiles/chaosblink.dir/Users/ludvignorin/ws/pico-sdk/src/rp2_common/pico_unique_id/unique_id.c.o
 .text.pico_get_unique_board_id
                0x100027dc       0x10 CMakeFiles/chaosblink.dir/Users/ludvignorin/ws/pico-sdk/src/rp2_common/pico_unique_id/unique_id.c.o
                0x100027dc                pico_get_unique_board_id
 .text.pico_get_unique_board_id_string
                0x100027ec      0x1a8 CMakeFiles/chaosblink.dir/Users/ludvignorin/ws/pico-sdk/src/rp2_common/pico_unique_id/unique_id.c.o
                0x100027ec                pico_get_unique_board_id_string
 .text.flash_get_unique_id
                0x10002994       0x3c CMakeFiles/chaosblink.dir/Users/ludvignorin/ws/pico-sdk/src/rp2_common/hardware_flash/flash.c.o
                0x10002994                flash_get_unique_id
 .text.dcd_init
                0x100029d0       0x90 CMakeFiles/chaosblink.dir/Users/ludvignorin/ws/pico-sdk/lib/tinyusb/src/portable/raspberrypi/rp2040/dcd_rp2040.c.o
                0x100029d0                dcd_init
 .text.dcd_int_enable
                0x10002a60        0xc CMakeFiles/chaosblink.dir/Users/ludvignorin/ws/pico-sdk/lib/tinyusb/src/portable/raspberrypi/rp2040/dcd_rp2040.c.o
                0x10002a60                dcd_int_enable
 .text.dcd_set_address
                0x10002a6c       0x14 CMakeFiles/chaosblink.dir/Users/ludvignorin/ws/pico-sdk/lib/tinyusb/src/portable/raspberrypi/rp2040/dcd_rp2040.c.o
                0x10002a6c                dcd_set_address
 .text.dcd_sof_enable
                0x10002a80       0x1c CMakeFiles/chaosblink.dir/Users/ludvignorin/ws/pico-sdk/lib/tinyusb/src/portable/raspberrypi/rp2040/dcd_rp2040.c.o
                0x10002a80                dcd_sof_enable
 .text.dcd_edpt0_status_complete
                0x10002a9c       0x1c CMakeFiles/chaosblink.dir/Users/ludvignorin/ws/pico-sdk/lib/tinyusb/src/portable/raspberrypi/rp2040/dcd_rp2040.c.o
                0x10002a9c                dcd_edpt0_status_complete
 .text.dcd_edpt_open
                0x10002ab8      0x114 CMakeFiles/chaosblink.dir/Users/ludvignorin/ws/pico-sdk/lib/tinyusb/src/portable/raspberrypi/rp2040/dcd_rp2040.c.o
                0x10002ab8                dcd_edpt_open
 .text.dcd_edpt_close_all
                0x10002bcc        0x8 CMakeFiles/chaosblink.dir/Users/ludvignorin/ws/pico-sdk/lib/tinyusb/src/portable/raspberrypi/rp2040/dcd_rp2040.c.o
                0x10002bcc                dcd_edpt_close_all
 .text.dcd_edpt_xfer
                0x10002bd4       0x24 CMakeFiles/chaosblink.dir/Users/ludvignorin/ws/pico-sdk/lib/tinyusb/src/portable/raspberrypi/rp2040/dcd_rp2040.c.o
                0x10002bd4                dcd_edpt_xfer
 .text.dcd_edpt_stall
                0x10002bf8       0x34 CMakeFiles/chaosblink.dir/Users/ludvignorin/ws/pico-sdk/lib/tinyusb/src/portable/raspberrypi/rp2040/dcd_rp2040.c.o
                0x10002bf8                dcd_edpt_stall
 .text.dcd_edpt_clear_stall
                0x10002c2c       0x30 CMakeFiles/chaosblink.dir/Users/ludvignorin/ws/pico-sdk/lib/tinyusb/src/portable/raspberrypi/rp2040/dcd_rp2040.c.o
                0x10002c2c                dcd_edpt_clear_stall
 .text.rp2040_usb_init
                0x10002c5c       0x40 CMakeFiles/chaosblink.dir/Users/ludvignorin/ws/pico-sdk/lib/tinyusb/src/portable/raspberrypi/rp2040/rp2040_usb.c.o
                0x10002c5c                rp2040_usb_init
 .text.hw_endpoint_xfer_start
                0x10002c9c       0x40 CMakeFiles/chaosblink.dir/Users/ludvignorin/ws/pico-sdk/lib/tinyusb/src/portable/raspberrypi/rp2040/rp2040_usb.c.o
                0x10002c9c                hw_endpoint_xfer_start
 .text.tud_event_hook_cb
                0x10002cdc        0x4 CMakeFiles/chaosblink.dir/Users/ludvignorin/ws/pico-sdk/lib/tinyusb/src/device/usbd.c.o
                0x10002cdc                tud_event_hook_cb
 .text.tud_sof_cb
                0x10002ce0        0x4 CMakeFiles/chaosblink.dir/Users/ludvignorin/ws/pico-sdk/lib/tinyusb/src/device/usbd.c.o
                0x10002ce0                tud_sof_cb
 .text.tud_descriptor_device_qualifier_cb
                0x10002ce4        0x4 CMakeFiles/chaosblink.dir/Users/ludvignorin/ws/pico-sdk/lib/tinyusb/src/device/usbd.c.o
                0x10002ce4                tud_descriptor_device_qualifier_cb
 .text.tud_descriptor_other_speed_configuration_cb
                0x10002ce8        0x4 CMakeFiles/chaosblink.dir/Users/ludvignorin/ws/pico-sdk/lib/tinyusb/src/device/usbd.c.o
                0x10002ce8                tud_descriptor_other_speed_configuration_cb
 .text.tud_mount_cb
                0x10002cec        0x4 CMakeFiles/chaosblink.dir/Users/ludvignorin/ws/pico-sdk/lib/tinyusb/src/device/usbd.c.o
                0x10002cec                tud_mount_cb
 .text.tud_umount_cb
                0x10002cf0        0x4 CMakeFiles/chaosblink.dir/Users/ludvignorin/ws/pico-sdk/lib/tinyusb/src/device/usbd.c.o
                0x10002cf0                tud_umount_cb
 .text.tud_suspend_cb
                0x10002cf4        0x4 CMakeFiles/chaosblink.dir/Users/ludvignorin/ws/pico-sdk/lib/tinyusb/src/device/usbd.c.o
                0x10002cf4                tud_suspend_cb
 .text.tud_resume_cb
                0x10002cf8        0x4 CMakeFiles/chaosblink.dir/Users/ludvignorin/ws/pico-sdk/lib/tinyusb/src/device/usbd.c.o
                0x10002cf8                tud_resume_cb
 .text.tud_mounted
                0x10002cfc       0x10 CMakeFiles/chaosblink.dir/Users/ludvignorin/ws/pico-sdk/lib/tinyusb/src/device/usbd.c.o
                0x10002cfc                tud_mounted
 .text.tud_suspended
                0x10002d0c       0x10 CMakeFiles/chaosblink.dir/Users/ludvignorin/ws/pico-sdk/lib/tinyusb/src/device/usbd.c.o
                0x10002d0c                tud_suspended
 .text.tud_rhport_init
                0x10002d1c       0xfc CMakeFiles/chaosblink.dir/Users/ludvignorin/ws/pico-sdk/lib/tinyusb/src/device/usbd.c.o
                0x10002d1c                tud_rhport_init
 .text.tud_task_ext
                0x10002e18      0x800 CMakeFiles/chaosblink.dir/Users/ludvignorin/ws/pico-sdk/lib/tinyusb/src/device/usbd.c.o
                0x10002e18                tud_task_ext
 .text.usbd_open_edpt_pair
                0x10003618       0x9c CMakeFiles/chaosblink.dir/Users/ludvignorin/ws/pico-sdk/lib/tinyusb/src/device/usbd.c.o
                0x10003618                usbd_open_edpt_pair
 .text.usbd_edpt_open
                0x100036b4       0x34 CMakeFiles/chaosblink.dir/Users/ludvignorin/ws/pico-sdk/lib/tinyusb/src/device/usbd.c.o
                0x100036b4                usbd_edpt_open
 .text.usbd_edpt_claim
                0x100036e8       0x28 CMakeFiles/chaosblink.dir/Users/ludvignorin/ws/pico-sdk/lib/tinyusb/src/device/usbd.c.o
                0x100036e8                usbd_edpt_claim
 .text.usbd_edpt_release
                0x10003710       0x28 CMakeFiles/chaosblink.dir/Users/ludvignorin/ws/pico-sdk/lib/tinyusb/src/device/usbd.c.o
                0x10003710                usbd_edpt_release
 .text.usbd_edpt_xfer
                0x10003738       0x4c CMakeFiles/chaosblink.dir/Users/ludvignorin/ws/pico-sdk/lib/tinyusb/src/device/usbd.c.o
                0x10003738                usbd_edpt_xfer
 .text.tud_control_status
                0x10003784       0x2c CMakeFiles/chaosblink.dir/Users/ludvignorin/ws/pico-sdk/lib/tinyusb/src/device/usbd_control.c.o
                0x10003784                tud_control_status
 .text.tud_control_xfer
                0x100037b0       0xac CMakeFiles/chaosblink.dir/Users/ludvignorin/ws/pico-sdk/lib/tinyusb/src/device/usbd_control.c.o
                0x100037b0                tud_control_xfer
 .text.usbd_control_reset
                0x1000385c       0x14 CMakeFiles/chaosblink.dir/Users/ludvignorin/ws/pico-sdk/lib/tinyusb/src/device/usbd_control.c.o
                0x1000385c                usbd_control_reset
 .text.usbd_control_set_complete_callback
                0x10003870        0xc CMakeFiles/chaosblink.dir/Users/ludvignorin/ws/pico-sdk/lib/tinyusb/src/device/usbd_control.c.o
                0x10003870                usbd_control_set_complete_callback
 .text.usbd_control_set_request
                0x1000387c       0x1c CMakeFiles/chaosblink.dir/Users/ludvignorin/ws/pico-sdk/lib/tinyusb/src/device/usbd_control.c.o
                0x1000387c                usbd_control_set_request
 .text.usbd_control_xfer_cb
                0x10003898       0xec CMakeFiles/chaosblink.dir/Users/ludvignorin/ws/pico-sdk/lib/tinyusb/src/device/usbd_control.c.o
                0x10003898                usbd_control_xfer_cb
 .text._prep_out_transaction.isra.0
                0x10003984       0x6c CMakeFiles/chaosblink.dir/Users/ludvignorin/ws/pico-sdk/lib/tinyusb/src/class/cdc/cdc_device.c.o
 .text.tud_cdc_n_connected
                0x100039f0       0x2c CMakeFiles/chaosblink.dir/Users/ludvignorin/ws/pico-sdk/lib/tinyusb/src/class/cdc/cdc_device.c.o
                0x100039f0                tud_cdc_n_connected
 .text.tud_cdc_n_available
                0x10003a1c       0x14 CMakeFiles/chaosblink.dir/Users/ludvignorin/ws/pico-sdk/lib/tinyusb/src/class/cdc/cdc_device.c.o
                0x10003a1c                tud_cdc_n_available
 .text.tud_cdc_n_read
                0x10003a30       0x94 CMakeFiles/chaosblink.dir/Users/ludvignorin/ws/pico-sdk/lib/tinyusb/src/class/cdc/cdc_device.c.o
                0x10003a30                tud_cdc_n_read
 .text.tud_cdc_n_write_flush
                0x10003ac4       0x74 CMakeFiles/chaosblink.dir/Users/ludvignorin/ws/pico-sdk/lib/tinyusb/src/class/cdc/cdc_device.c.o
                0x10003ac4                tud_cdc_n_write_flush
 .text.tud_cdc_n_write
                0x10003b38       0x40 CMakeFiles/chaosblink.dir/Users/ludvignorin/ws/pico-sdk/lib/tinyusb/src/class/cdc/cdc_device.c.o
                0x10003b38                tud_cdc_n_write
 .text.tud_cdc_n_write_available
                0x10003b78       0x14 CMakeFiles/chaosblink.dir/Users/ludvignorin/ws/pico-sdk/lib/tinyusb/src/class/cdc/cdc_device.c.o
                0x10003b78                tud_cdc_n_write_available
 .text.cdcd_init
                0x10003b8c       0x70 CMakeFiles/chaosblink.dir/Users/ludvignorin/ws/pico-sdk/lib/tinyusb/src/class/cdc/cdc_device.c.o
                0x10003b8c                cdcd_init
 .text.cdcd_deinit
                0x10003bfc       0x34 CMakeFiles/chaosblink.dir/Users/ludvignorin/ws/pico-sdk/lib/tinyusb/src/class/cdc/cdc_device.c.o
                0x10003bfc                cdcd_deinit
 .text.cdcd_reset
                0x10003c30       0x4c CMakeFiles/chaosblink.dir/Users/ludvignorin/ws/pico-sdk/lib/tinyusb/src/class/cdc/cdc_device.c.o
                0x10003c30                cdcd_reset
 .text.cdcd_open
                0x10003c7c       0xa8 CMakeFiles/chaosblink.dir/Users/ludvignorin/ws/pico-sdk/lib/tinyusb/src/class/cdc/cdc_device.c.o
                0x10003c7c                cdcd_open
 .text.cdcd_control_xfer_cb
                0x10003d24       0xe8 CMakeFiles/chaosblink.dir/Users/ludvignorin/ws/pico-sdk/lib/tinyusb/src/class/cdc/cdc_device.c.o
                0x10003d24                cdcd_control_xfer_cb
 .text.cdcd_xfer_cb
                0x10003e0c      0x100 CMakeFiles/chaosblink.dir/Users/ludvignorin/ws/pico-sdk/lib/tinyusb/src/class/cdc/cdc_device.c.o
                0x10003e0c                cdcd_xfer_cb
 .text.vendord_init
                0x10003f0c       0x5c CMakeFiles/chaosblink.dir/Users/ludvignorin/ws/pico-sdk/lib/tinyusb/src/class/vendor/vendor_device.c.o
                0x10003f0c                vendord_init
 .text.vendord_deinit
                0x10003f68       0x1c CMakeFiles/chaosblink.dir/Users/ludvignorin/ws/pico-sdk/lib/tinyusb/src/class/vendor/vendor_device.c.o
                0x10003f68                vendord_deinit
 .text.vendord_reset
                0x10003f84       0x28 CMakeFiles/chaosblink.dir/Users/ludvignorin/ws/pico-sdk/lib/tinyusb/src/class/vendor/vendor_device.c.o
                0x10003f84                vendord_reset
 .text.vendord_open
                0x10003fac      0x128 CMakeFiles/chaosblink.dir/Users/ludvignorin/ws/pico-sdk/lib/tinyusb/src/class/vendor/vendor_device.c.o
                0x10003fac                vendord_open
 .text.vendord_xfer_cb
                0x100040d4       0x9c CMakeFiles/chaosblink.dir/Users/ludvignorin/ws/pico-sdk/lib/tinyusb/src/class/vendor/vendor_device.c.o
                0x100040d4                vendord_xfer_cb
 .text.tusb_rhport_init
                0x10004170       0x48 CMakeFiles/chaosblink.dir/Users/ludvignorin/ws/pico-sdk/lib/tinyusb/src/tusb.c.o
                0x10004170                tusb_rhport_init
 .text.tu_edpt_claim
                0x100041b8       0x50 CMakeFiles/chaosblink.dir/Users/ludvignorin/ws/pico-sdk/lib/tinyusb/src/tusb.c.o
                0x100041b8                tu_edpt_claim
 .text.tu_edpt_release
                0x10004208       0x38 CMakeFiles/chaosblink.dir/Users/ludvignorin/ws/pico-sdk/lib/tinyusb/src/tusb.c.o
                0x10004208                tu_edpt_release
 .text.tu_edpt_validate
                0x10004240       0x7c CMakeFiles/chaosblink.dir/Users/ludvignorin/ws/pico-sdk/lib/tinyusb/src/tusb.c.o
                0x10004240                tu_edpt_validate
 .text.tu_edpt_bind_driver
                0x100042bc       0x34 CMakeFiles/chaosblink.dir/Users/ludvignorin/ws/pico-sdk/lib/tinyusb/src/tusb.c.o
                0x100042bc                tu_edpt_bind_driver
 .text.tu_edpt_stream_init
                0x100042f0       0x6c CMakeFiles/chaosblink.dir/Users/ludvignorin/ws/pico-sdk/lib/tinyusb/src/tusb.c.o
                0x100042f0                tu_edpt_stream_init
 .text.tu_edpt_stream_deinit
                0x1000435c        0x4 CMakeFiles/chaosblink.dir/Users/ludvignorin/ws/pico-sdk/lib/tinyusb/src/tusb.c.o
                0x1000435c                tu_edpt_stream_deinit
 .text.tu_edpt_stream_write_zlp_if_needed
                0x10004360       0x68 CMakeFiles/chaosblink.dir/Users/ludvignorin/ws/pico-sdk/lib/tinyusb/src/tusb.c.o
                0x10004360                tu_edpt_stream_write_zlp_if_needed
 .text.tu_edpt_stream_write_xfer
                0x100043c8       0x64 CMakeFiles/chaosblink.dir/Users/ludvignorin/ws/pico-sdk/lib/tinyusb/src/tusb.c.o
                0x100043c8                tu_edpt_stream_write_xfer
 .text.tu_edpt_stream_read_xfer
                0x1000442c       0xdc CMakeFiles/chaosblink.dir/Users/ludvignorin/ws/pico-sdk/lib/tinyusb/src/tusb.c.o
                0x1000442c                tu_edpt_stream_read_xfer
 .text.tu_fifo_config
                0x10004508       0x6c CMakeFiles/chaosblink.dir/Users/ludvignorin/ws/pico-sdk/lib/tinyusb/src/common/tusb_fifo.c.o
                0x10004508                tu_fifo_config
 .text.tu_fifo_count
                0x10004574       0x2c CMakeFiles/chaosblink.dir/Users/ludvignorin/ws/pico-sdk/lib/tinyusb/src/common/tusb_fifo.c.o
                0x10004574                tu_fifo_count
 .text.tu_fifo_empty
                0x100045a0       0x10 CMakeFiles/chaosblink.dir/Users/ludvignorin/ws/pico-sdk/lib/tinyusb/src/common/tusb_fifo.c.o
                0x100045a0                tu_fifo_empty
 .text.tu_fifo_remaining
                0x100045b0       0x2c CMakeFiles/chaosblink.dir/Users/ludvignorin/ws/pico-sdk/lib/tinyusb/src/common/tusb_fifo.c.o
                0x100045b0                tu_fifo_remaining
 .text.tu_fifo_read
                0x100045dc       0x9c CMakeFiles/chaosblink.dir/Users/ludvignorin/ws/pico-sdk/lib/tinyusb/src/common/tusb_fifo.c.o
                0x100045dc                tu_fifo_read
 .text.tu_fifo_read_n
                0x10004678       0xe8 CMakeFiles/chaosblink.dir/Users/ludvignorin/ws/pico-sdk/lib/tinyusb/src/common/tusb_fifo.c.o
                0x10004678                tu_fifo_read_n
 .text.tu_fifo_write
                0x10004760       0xa8 CMakeFiles/chaosblink.dir/Users/ludvignorin/ws/pico-sdk/lib/tinyusb/src/common/tusb_fifo.c.o
                0x10004760                tu_fifo_write
 .text.tu_fifo_write_n
                0x10004808      0x178 CMakeFiles/chaosblink.dir/Users/ludvignorin/ws/pico-sdk/lib/tinyusb/src/common/tusb_fifo.c.o
                0x10004808                tu_fifo_write_n
 .text.tu_fifo_clear
                0x10004980       0x40 CMakeFiles/chaosblink.dir/Users/ludvignorin/ws/pico-sdk/lib/tinyusb/src/common/tusb_fifo.c.o
                0x10004980                tu_fifo_clear
 .text.tu_fifo_set_overwritable
                0x100049c0       0x48 CMakeFiles/chaosblink.dir/Users/ludvignorin/ws/pico-sdk/lib/tinyusb/src/common/tusb_fifo.c.o
                0x100049c0                tu_fifo_set_overwritable
 .text.splitmix64
                0x10004a08       0x58 CMakeFiles/chaosblink.dir/Users/ludvignorin/ws/pico-sdk/src/rp2_common/pico_rand/rand.c.o
 .text.xoroshiro128ss
                0x10004a60       0x90 CMakeFiles/chaosblink.dir/Users/ludvignorin/ws/pico-sdk/src/rp2_common/pico_rand/rand.c.o
 .text.get_rand_64
                0x10004af0      0x4a4 CMakeFiles/chaosblink.dir/Users/ludvignorin/ws/pico-sdk/src/rp2_common/pico_rand/rand.c.o
                0x10004af0                get_rand_64
 .text.get_rand_32
                0x10004f94        0x8 CMakeFiles/chaosblink.dir/Users/ludvignorin/ws/pico-sdk/src/rp2_common/pico_rand/rand.c.o
                0x10004f94                get_rand_32
 .text.strlen   0x10004f9c       0x5c /Applications/ArmGNUToolchain/13.3.rel1/arm-none-eabi/bin/../lib/gcc/arm-none-eabi/13.3.1/../../../../arm-none-eabi/lib/thumb/v6-m/nofp/libg.a(libc_a-strlen-stub.o)
                0x10004f9c                strlen
 *(.fini)
 .fini          0x10004ff8        0x4 /Applications/ArmGNUToolchain/13.3.rel1/arm-none-eabi/bin/../lib/gcc/arm-none-eabi/13.3.1/thumb/v6-m/nofp/crti.o
                0x10004ff8                _fini
 *fill*         0x10004ffc        0x4 
 .fini.__stub   0x10005000       0xb0 linker stubs
 *crtbegin.o(.ctors)
 *crtbegin?.o(.ctors)
 *(EXCLUDE_FILE(*crtend.o *crtend?.o) .ctors)
 *(SORT_BY_NAME(.ctors.*))
 *(.ctors)
 *crtbegin.o(.dtors)
 *crtbegin?.o(.dtors)
 *(EXCLUDE_FILE(*crtend.o *crtend?.o) .dtors)
 *(SORT_BY_NAME(.dtors.*))
 *(.dtors)
                0x100050b0                        . = ALIGN (0x4)
                0x100050b0                        PROVIDE (__preinit_array_start = .)
 *(SORT_BY_NAME(.preinit_array.*))
 .preinit_array.00100
                0x100050b0        0x4 CMakeFiles/chaosblink.dir/Users/ludvignorin/ws/pico-sdk/src/rp2_common/pico_runtime_init/runtime_init.c.o
                0x100050b0                __pre_init_runtime_init_early_resets
 .preinit_array.00101
                0x100050b4        0x4 CMakeFiles/chaosblink.dir/Users/ludvignorin/ws/pico-sdk/src/rp2_common/pico_runtime_init/runtime_init.c.o
                0x100050b4                __pre_init_runtime_init_usb_power_down
 .preinit_array.00275
                0x100050b8        0x4 CMakeFiles/chaosblink.dir/Users/ludvignorin/ws/pico-sdk/src/rp2_common/pico_bit_ops/bit_ops_aeabi.S.o
 .preinit_array.00300
                0x100050bc        0x4 CMakeFiles/chaosblink.dir/Users/ludvignorin/ws/pico-sdk/src/rp2_common/pico_mem_ops/mem_ops_aeabi.S.o
 .preinit_array.00350
                0x100050c0        0x4 CMakeFiles/chaosblink.dir/Users/ludvignorin/ws/pico-sdk/src/rp2_common/pico_double/double_aeabi_rp2040.S.o
 .preinit_array.00350
                0x100050c4        0x4 CMakeFiles/chaosblink.dir/Users/ludvignorin/ws/pico-sdk/src/rp2_common/pico_float/float_aeabi_rp2040.S.o
 .preinit_array.00500
                0x100050c8        0x4 CMakeFiles/chaosblink.dir/Users/ludvignorin/ws/pico-sdk/src/rp2_common/pico_runtime_init/runtime_init.c.o
                0x100050c8                __pre_init_runtime_init_clocks
 .preinit_array.00600
                0x100050cc        0x4 CMakeFiles/chaosblink.dir/Users/ludvignorin/ws/pico-sdk/src/rp2_common/pico_runtime_init/runtime_init.c.o
                0x100050cc                __pre_init_runtime_init_post_clock_resets
 .preinit_array.00700
                0x100050d0        0x4 CMakeFiles/chaosblink.dir/Users/ludvignorin/ws/pico-sdk/src/rp2_common/pico_runtime_init/runtime_init.c.o
                0x100050d0                __pre_init_runtime_init_rp2040_gpio_ie_disable
 .preinit_array.01000
                0x100050d4        0x4 CMakeFiles/chaosblink.dir/Users/ludvignorin/ws/pico-sdk/src/rp2_common/pico_runtime_init/runtime_init.c.o
                0x100050d4                __pre_init_runtime_init_spin_locks_reset
 .preinit_array.01100
                0x100050d8        0x4 CMakeFiles/chaosblink.dir/Users/ludvignorin/ws/pico-sdk/src/common/pico_sync/mutex.c.o
                0x100050d8                __pre_init_runtime_init_mutex
 .preinit_array.10080
                0x100050dc        0x4 CMakeFiles/chaosblink.dir/Users/ludvignorin/ws/pico-sdk/src/rp2_common/pico_runtime_init/runtime_init.c.o
                0x100050dc                __pre_init_runtime_init_install_ram_vector_table
 .preinit_array.11000
                0x100050e0        0x4 CMakeFiles/chaosblink.dir/Users/ludvignorin/ws/pico-sdk/src/common/pico_time/time.c.o
                0x100050e0                __pre_init_runtime_init_default_alarm_pool
 .preinit_array.YYYYY
                0x100050e4        0x4 CMakeFiles/chaosblink.dir/Users/ludvignorin/ws/pico-sdk/src/rp2_common/pico_runtime/runtime.c.o
                0x100050e4                __pre_init_first_per_core_initializer
 .preinit_array.ZZZZZ.01200
                0x100050e8        0x4 CMakeFiles/chaosblink.dir/Users/ludvignorin/ws/pico-sdk/src/rp2_common/hardware_irq/irq.c.o
                0x100050e8                __pre_init_runtime_init_per_core_irq_priorities
 *(.preinit_array)
                0x100050ec                        PROVIDE (__preinit_array_end = .)
                0x100050ec                        . = ALIGN (0x4)
                0x100050ec                        PROVIDE (__init_array_start = .)
 *(SORT_BY_NAME(.init_array.*))
 *(.init_array)
 .init_array    0x100050ec        0x4 /Applications/ArmGNUToolchain/13.3.rel1/arm-none-eabi/bin/../lib/gcc/arm-none-eabi/13.3.1/thumb/v6-m/nofp/crtbegin.o
 .init_array    0x100050f0        0x4 CMakeFiles/chaosblink.dir/Users/ludvignorin/ws/pico-sdk/src/rp2_common/pico_unique_id/unique_id.c.o
                0x100050f4                        PROVIDE (__init_array_end = .)
                0x100050f4                        . = ALIGN (0x4)
                [!provide]                        PROVIDE (__fini_array_start = .)
 *(SORT_BY_NAME(.fini_array.*))
 *(.fini_array)
                [!provide]                        PROVIDE (__fini_array_end = .)
 *(.eh_frame*)
 .eh_frame      0x100050f4        0x0 /Applications/ArmGNUToolchain/13.3.rel1/arm-none-eabi/bin/../lib/gcc/arm-none-eabi/13.3.1/thumb/v6-m/nofp/crtbegin.o
                0x100050f4                        . = ALIGN (0x4)

.glue_7         0x100050f4        0x0
 .glue_7        0x100050f4        0x0 linker stubs

.glue_7t        0x100050f4        0x0
 .glue_7t       0x100050f4        0x0 linker stubs

.vfp11_veneer   0x100050f4        0x0
 .vfp11_veneer  0x100050f4        0x0 linker stubs

.v4_bx          0x100050f4        0x0
 .v4_bx         0x100050f4        0x0 linker stubs

.iplt           0x100050f4        0x0
 .iplt          0x100050f4        0x0 /Applications/ArmGNUToolchain/13.3.rel1/arm-none-eabi/bin/../lib/gcc/arm-none-eabi/13.3.1/thumb/v6-m/nofp/crtbegin.o

.rodata         0x100050f4      0x498
 *(EXCLUDE_FILE(*libm.a: *libc.a:*lib_a-mem*.o *libgcc.a:) .rodata*)
 .rodata        0x100050f4       0x28 CMakeFiles/chaosblink.dir/main.cpp.o
 .rodata.panic.str1.4
                0x1000511c      0x19c CMakeFiles/chaosblink.dir/Users/ludvignorin/ws/pico-sdk/src/rp2_common/pico_platform_panic/panic.c.o
                                 0x12 (size before relaxing)
 .rodata.spin_lock_claim_unused.str1.4
                0x100052b8       0x1b CMakeFiles/chaosblink.dir/Users/ludvignorin/ws/pico-sdk/src/rp2_common/hardware_sync/sync.c.o
 .rodata.user_irq_claim_unused.str1.4
                0x100052b8       0x1b CMakeFiles/chaosblink.dir/Users/ludvignorin/ws/pico-sdk/src/rp2_common/hardware_irq/irq.c.o
 .rodata.timer_hardware_alarm_claim.str1.4
                0x100052b8       0x22 CMakeFiles/chaosblink.dir/Users/ludvignorin/ws/pico-sdk/src/rp2_common/hardware_timer/timer.c.o
 .rodata.hard_assertion_failure.str1.4
                0x100052b8        0xc CMakeFiles/chaosblink.dir/Users/ludvignorin/ws/pico-sdk/src/rp2_common/pico_runtime/runtime.c.o
 .rodata.missing_double_func_shim.str1.4
                0x100052b8       0x18 CMakeFiles/chaosblink.dir/Users/ludvignorin/ws/pico-sdk/src/rp2_common/pico_double/double_init_rom_rp2040.c.o
 .rodata.missing_float_func_shim.str1.4
                0x100052b8        0x1 CMakeFiles/chaosblink.dir/Users/ludvignorin/ws/pico-sdk/src/rp2_common/pico_float/float_init_rom_rp2040.c.o
 .rodata.str1.4
                0x100052b8       0x40 CMakeFiles/chaosblink.dir/Users/ludvignorin/ws/pico-sdk/src/rp2_common/pico_standard_binary_info/standard_binary_info.c.o
 .rodata.__bi_84
                0x100052b8        0xc CMakeFiles/chaosblink.dir/Users/ludvignorin/ws/pico-sdk/src/rp2_common/pico_standard_binary_info/standard_binary_info.c.o
 .rodata.__bi_78
                0x100052c4        0xc CMakeFiles/chaosblink.dir/Users/ludvignorin/ws/pico-sdk/src/rp2_common/pico_standard_binary_info/standard_binary_info.c.o
 .rodata.__bi_54
                0x100052d0        0xc CMakeFiles/chaosblink.dir/Users/ludvignorin/ws/pico-sdk/src/rp2_common/pico_standard_binary_info/standard_binary_info.c.o
 .rodata.__bi_48
                0x100052dc        0xc CMakeFiles/chaosblink.dir/Users/ludvignorin/ws/pico-sdk/src/rp2_common/pico_standard_binary_info/standard_binary_info.c.o
 .rodata.__bi_42
                0x100052e8        0xc CMakeFiles/chaosblink.dir/Users/ludvignorin/ws/pico-sdk/src/rp2_common/pico_standard_binary_info/standard_binary_info.c.o
 .rodata.__bi_34
                0x100052f4        0xc CMakeFiles/chaosblink.dir/Users/ludvignorin/ws/pico-sdk/src/rp2_common/pico_standard_binary_info/standard_binary_info.c.o
 .rodata.__bi_26
                0x10005300        0xc CMakeFiles/chaosblink.dir/Users/ludvignorin/ws/pico-sdk/src/rp2_common/pico_standard_binary_info/standard_binary_info.c.o
 .rodata.crlf_str.0
                0x1000530c        0x2 CMakeFiles/chaosblink.dir/Users/ludvignorin/ws/pico-sdk/src/rp2_common/pico_stdio/stdio.c.o
 .rodata.str1.4
                0x1000530e       0x2c CMakeFiles/chaosblink.dir/Users/ludvignorin/ws/pico-sdk/src/rp2_common/pico_stdio_uart/stdio_uart.c.o
 *fill*         0x1000530e        0x2 
 .rodata.__bi_45.4
                0x10005310        0xc CMakeFiles/chaosblink.dir/Users/ludvignorin/ws/pico-sdk/src/rp2_common/pico_stdio_uart/stdio_uart.c.o
 .rodata.__bi_49.5
                0x1000531c        0x8 CMakeFiles/chaosblink.dir/Users/ludvignorin/ws/pico-sdk/src/rp2_common/pico_stdio_uart/stdio_uart.c.o
 .rodata.__bi_50.6
                0x10005324        0x8 CMakeFiles/chaosblink.dir/Users/ludvignorin/ws/pico-sdk/src/rp2_common/pico_stdio_uart/stdio_uart.c.o
 .rodata._resetd_driver
                0x1000532c       0x20 CMakeFiles/chaosblink.dir/Users/ludvignorin/ws/pico-sdk/src/rp2_common/pico_stdio_usb/reset_interface.c.o
 .rodata.desc_ms_os_20
                0x1000534c       0xa6 CMakeFiles/chaosblink.dir/Users/ludvignorin/ws/pico-sdk/src/rp2_common/pico_stdio_usb/reset_interface.c.o
 *fill*         0x100053f2        0x2 
 .rodata.desc_bos
                0x100053f4       0x21 CMakeFiles/chaosblink.dir/Users/ludvignorin/ws/pico-sdk/src/rp2_common/pico_stdio_usb/reset_interface.c.o
                0x100053f4                desc_bos
 .rodata.str1.4
                0x10005415       0x13 CMakeFiles/chaosblink.dir/Users/ludvignorin/ws/pico-sdk/src/rp2_common/pico_stdio_usb/stdio_usb.c.o
 *fill*         0x10005415        0x3 
 .rodata.__bi_197.0
                0x10005418        0xc CMakeFiles/chaosblink.dir/Users/ludvignorin/ws/pico-sdk/src/rp2_common/pico_stdio_usb/stdio_usb.c.o
 .rodata.str1.4
                0x10005424       0x2a CMakeFiles/chaosblink.dir/Users/ludvignorin/ws/pico-sdk/src/rp2_common/pico_stdio_usb/stdio_usb_descriptors.c.o
 .rodata.usbd_desc_str
                0x10005424       0x18 CMakeFiles/chaosblink.dir/Users/ludvignorin/ws/pico-sdk/src/rp2_common/pico_stdio_usb/stdio_usb_descriptors.c.o
 .rodata.usbd_desc_cfg
                0x1000543c       0x54 CMakeFiles/chaosblink.dir/Users/ludvignorin/ws/pico-sdk/src/rp2_common/pico_stdio_usb/stdio_usb_descriptors.c.o
 .rodata.usbd_desc_device
                0x10005490       0x12 CMakeFiles/chaosblink.dir/Users/ludvignorin/ws/pico-sdk/src/rp2_common/pico_stdio_usb/stdio_usb_descriptors.c.o
 .rodata.str1.4
                0x100054a2       0x14 CMakeFiles/chaosblink.dir/Users/ludvignorin/ws/pico-sdk/lib/tinyusb/src/portable/raspberrypi/rp2040/dcd_rp2040.c.o
 .rodata.str1.4
                0x100054a2       0x48 CMakeFiles/chaosblink.dir/Users/ludvignorin/ws/pico-sdk/lib/tinyusb/src/portable/raspberrypi/rp2040/rp2040_usb.c.o
 *fill*         0x100054a2        0x2 
 .rodata.tud_task_ext
                0x100054a4       0x8c CMakeFiles/chaosblink.dir/Users/ludvignorin/ws/pico-sdk/lib/tinyusb/src/device/usbd.c.o
 .rodata        0x10005530       0x1c CMakeFiles/chaosblink.dir/Users/ludvignorin/ws/pico-sdk/lib/tinyusb/src/device/usbd.c.o
 .rodata._usbd_driver
                0x1000554c       0x40 CMakeFiles/chaosblink.dir/Users/ludvignorin/ws/pico-sdk/lib/tinyusb/src/device/usbd.c.o
                0x1000558c                        . = ALIGN (0x4)
 *(SORT_BY_ALIGNMENT(SORT_BY_NAME(.flashdata*)))
                0x1000558c                        . = ALIGN (0x4)

.ARM.extab
 *(.ARM.extab* .gnu.linkonce.armextab.*)
                0x1000558c                        __exidx_start = .

.ARM.exidx
 *(.ARM.exidx* .gnu.linkonce.armexidx.*)
                0x1000558c                        __exidx_end = .
                0x1000558c                        . = ALIGN (0x4)
                0x1000558c                        __binary_info_start = .

.binary_info    0x1000558c       0x2c
 *(.binary_info.keep.*)
 .binary_info.keep.__bi_ptr84
                0x1000558c        0x4 CMakeFiles/chaosblink.dir/Users/ludvignorin/ws/pico-sdk/src/rp2_common/pico_standard_binary_info/standard_binary_info.c.o
 .binary_info.keep.__bi_ptr78
                0x10005590        0x4 CMakeFiles/chaosblink.dir/Users/ludvignorin/ws/pico-sdk/src/rp2_common/pico_standard_binary_info/standard_binary_info.c.o
 .binary_info.keep.__bi_ptr54
                0x10005594        0x4 CMakeFiles/chaosblink.dir/Users/ludvignorin/ws/pico-sdk/src/rp2_common/pico_standard_binary_info/standard_binary_info.c.o
 .binary_info.keep.__bi_ptr48
                0x10005598        0x4 CMakeFiles/chaosblink.dir/Users/ludvignorin/ws/pico-sdk/src/rp2_common/pico_standard_binary_info/standard_binary_info.c.o
 .binary_info.keep.__bi_ptr42
                0x1000559c        0x4 CMakeFiles/chaosblink.dir/Users/ludvignorin/ws/pico-sdk/src/rp2_common/pico_standard_binary_info/standard_binary_info.c.o
 .binary_info.keep.__bi_ptr34
                0x100055a0        0x4 CMakeFiles/chaosblink.dir/Users/ludvignorin/ws/pico-sdk/src/rp2_common/pico_standard_binary_info/standard_binary_info.c.o
 .binary_info.keep.__bi_ptr26
                0x100055a4        0x4 CMakeFiles/chaosblink.dir/Users/ludvignorin/ws/pico-sdk/src/rp2_common/pico_standard_binary_info/standard_binary_info.c.o
 *(.binary_info.*)
 .binary_info.__bi_ptr50
                0x100055a8        0x4 CMakeFiles/chaosblink.dir/Users/ludvignorin/ws/pico-sdk/src/rp2_common/pico_stdio_uart/stdio_uart.c.o
 .binary_info.__bi_ptr49
                0x100055ac        0x4 CMakeFiles/chaosblink.dir/Users/ludvignorin/ws/pico-sdk/src/rp2_common/pico_stdio_uart/stdio_uart.c.o
 .binary_info.__bi_ptr45
                0x100055b0        0x4 CMakeFiles/chaosblink.dir/Users/ludvignorin/ws/pico-sdk/src/rp2_common/pico_stdio_uart/stdio_uart.c.o
 .binary_info.__bi_ptr197
                0x100055b4        0x4 CMakeFiles/chaosblink.dir/Users/ludvignorin/ws/pico-sdk/src/rp2_common/pico_stdio_usb/stdio_usb.c.o
                0x100055b8                        __binary_info_end = .

.rel.dyn        0x100055b8        0x0
 .rel.iplt      0x100055b8        0x0 /Applications/ArmGNUToolchain/13.3.rel1/arm-none-eabi/bin/../lib/gcc/arm-none-eabi/13.3.1/thumb/v6-m/nofp/crtbegin.o
                0x100055b8                        . = ALIGN (0x4)

.ram_vector_table
                0x20000000       0xc0
 *(.ram_vector_table)
 .ram_vector_table
                0x20000000       0xc0 CMakeFiles/chaosblink.dir/Users/ludvignorin/ws/pico-sdk/src/rp2_common/pico_runtime_init/runtime_init.c.o
                0x20000000                ram_vector_table

.uninitialized_data
                0x200000c0       0x20
                0x200000c0                        . = ALIGN (0x4)
 *(.uninitialized_data*)
 .uninitialized_data.rosc_samples
                0x200000c0        0x8 CMakeFiles/chaosblink.dir/Users/ludvignorin/ws/pico-sdk/src/rp2_common/pico_rand/rand.c.o
 .uninitialized_data.ram_hash
                0x200000c8        0x8 CMakeFiles/chaosblink.dir/Users/ludvignorin/ws/pico-sdk/src/rp2_common/pico_rand/rand.c.o
 .uninitialized_data.rng_state
                0x200000d0       0x10 CMakeFiles/chaosblink.dir/Users/ludvignorin/ws/pico-sdk/src/rp2_common/pico_rand/rand.c.o

.data           0x200000e0      0xf78 load address 0x100055b8
                0x200000e0                        __data_start__ = .
 *(vtable)
 *(.time_critical*)
 .time_critical.mutex_try_enter
                0x200000e0       0x40 CMakeFiles/chaosblink.dir/Users/ludvignorin/ws/pico-sdk/src/common/pico_sync/mutex.c.o
                0x200000e0                mutex_try_enter
 .time_critical.mutex_try_enter_block_until
                0x20000120       0x9c CMakeFiles/chaosblink.dir/Users/ludvignorin/ws/pico-sdk/src/common/pico_sync/mutex.c.o
                0x20000120                mutex_try_enter_block_until
 .time_critical.mutex_enter_timeout_ms
                0x200001bc       0x90 CMakeFiles/chaosblink.dir/Users/ludvignorin/ws/pico-sdk/src/common/pico_sync/mutex.c.o
                0x200001bc                mutex_enter_timeout_ms
 .time_critical.mutex_exit
                0x2000024c       0x28 CMakeFiles/chaosblink.dir/Users/ludvignorin/ws/pico-sdk/src/common/pico_sync/mutex.c.o
                0x2000024c                mutex_exit
 .time_critical.flash_init_boot2_copyout
                0x20000274       0x30 CMakeFiles/chaosblink.dir/Users/ludvignorin/ws/pico-sdk/src/rp2_common/hardware_flash/flash.c.o
 .time_critical.flash_enable_xip_via_boot2
                0x200002a4        0xc CMakeFiles/chaosblink.dir/Users/ludvignorin/ws/pico-sdk/src/rp2_common/hardware_flash/flash.c.o
 .time_critical.flash_cs_force
                0x200002b0       0x38 CMakeFiles/chaosblink.dir/Users/ludvignorin/ws/pico-sdk/src/rp2_common/hardware_flash/flash.c.o
 .time_critical.flash_do_cmd
                0x200002e8       0xc0 CMakeFiles/chaosblink.dir/Users/ludvignorin/ws/pico-sdk/src/rp2_common/hardware_flash/flash.c.o
                0x200002e8                flash_do_cmd
 .time_critical.reset_non_control_endpoints
                0x200003a8       0x68 CMakeFiles/chaosblink.dir/Users/ludvignorin/ws/pico-sdk/lib/tinyusb/src/portable/raspberrypi/rp2040/dcd_rp2040.c.o
 .time_critical.hw_handle_buff_status
                0x20000410       0xa0 CMakeFiles/chaosblink.dir/Users/ludvignorin/ws/pico-sdk/lib/tinyusb/src/portable/raspberrypi/rp2040/dcd_rp2040.c.o
 .time_critical.dcd_rp2040_irq
                0x200004b0      0x544 CMakeFiles/chaosblink.dir/Users/ludvignorin/ws/pico-sdk/lib/tinyusb/src/portable/raspberrypi/rp2040/dcd_rp2040.c.o
 .time_critical.prepare_ep_buffer
                0x200009f4       0xe0 CMakeFiles/chaosblink.dir/Users/ludvignorin/ws/pico-sdk/lib/tinyusb/src/portable/raspberrypi/rp2040/rp2040_usb.c.o
 .time_critical.sync_ep_buffer
                0x20000ad4       0xa8 CMakeFiles/chaosblink.dir/Users/ludvignorin/ws/pico-sdk/lib/tinyusb/src/portable/raspberrypi/rp2040/rp2040_usb.c.o
 .time_critical._hw_endpoint_xfer_sync
                0x20000b7c       0x28 CMakeFiles/chaosblink.dir/Users/ludvignorin/ws/pico-sdk/lib/tinyusb/src/portable/raspberrypi/rp2040/rp2040_usb.c.o
 .time_critical.e15_is_bulkin_ep
                0x20000ba4       0x28 CMakeFiles/chaosblink.dir/Users/ludvignorin/ws/pico-sdk/lib/tinyusb/src/portable/raspberrypi/rp2040/rp2040_usb.c.o
 .time_critical.e15_is_critical_frame_period
                0x20000bcc       0x34 CMakeFiles/chaosblink.dir/Users/ludvignorin/ws/pico-sdk/lib/tinyusb/src/portable/raspberrypi/rp2040/rp2040_usb.c.o
 .time_critical.hw_endpoint_reset_transfer
                0x20000c00        0xc CMakeFiles/chaosblink.dir/Users/ludvignorin/ws/pico-sdk/lib/tinyusb/src/portable/raspberrypi/rp2040/rp2040_usb.c.o
                0x20000c00                hw_endpoint_reset_transfer
 .time_critical._hw_endpoint_buffer_control_update32
                0x20000c0c       0x50 CMakeFiles/chaosblink.dir/Users/ludvignorin/ws/pico-sdk/lib/tinyusb/src/portable/raspberrypi/rp2040/rp2040_usb.c.o
                0x20000c0c                _hw_endpoint_buffer_control_update32
 .time_critical.hw_endpoint_start_next_buffer
                0x20000c5c       0x6c CMakeFiles/chaosblink.dir/Users/ludvignorin/ws/pico-sdk/lib/tinyusb/src/portable/raspberrypi/rp2040/rp2040_usb.c.o
                0x20000c5c                hw_endpoint_start_next_buffer
 .time_critical.hw_endpoint_xfer_continue
                0x20000cc8       0x40 CMakeFiles/chaosblink.dir/Users/ludvignorin/ws/pico-sdk/lib/tinyusb/src/portable/raspberrypi/rp2040/rp2040_usb.c.o
                0x20000cc8                hw_endpoint_xfer_continue
 .time_critical.tinyusb
                0x20000d08      0x1e4 CMakeFiles/chaosblink.dir/Users/ludvignorin/ws/pico-sdk/lib/tinyusb/src/device/usbd.c.o
                0x20000d08                dcd_event_handler
 *(.text*)
 .text          0x20000eec        0x4 /Applications/ArmGNUToolchain/13.3.rel1/arm-none-eabi/bin/../lib/gcc/arm-none-eabi/13.3.1/thumb/v6-m/nofp/libgcc.a(_dvmd_tls.o)
                0x20000eec                __aeabi_ldiv0
                0x20000eec                __aeabi_idiv0
 .text.__stub   0x20000ef0       0x80 linker stubs
                0x20000f70                        . = ALIGN (0x4)
 *(.rodata*)
                0x20000f70                        . = ALIGN (0x4)
 *(.data*)
 .data.striped_spin_lock_num
                0x20000f70        0x1 CMakeFiles/chaosblink.dir/Users/ludvignorin/ws/pico-sdk/src/rp2_common/hardware_sync/sync.c.o
 *fill*         0x20000f71        0x3 
 .data          0x20000f74       0x48 CMakeFiles/chaosblink.dir/Users/ludvignorin/ws/pico-sdk/src/rp2_common/hardware_irq/irq_handler_chain.S.o
                0x20000f74                irq_handler_chain_slots
                0x20000fa4                irq_handler_chain_first_slot
                0x20000fae                irq_handler_chain_remove_tail
 .data.default_alarm_pool
                0x20000fbc       0x18 CMakeFiles/chaosblink.dir/Users/ludvignorin/ws/pico-sdk/src/common/pico_time/time.c.o
 *fill*         0x20000fd4        0xc 
 .data.aeabi_bits_funcs
                0x20000fe0       0x10 CMakeFiles/chaosblink.dir/Users/ludvignorin/ws/pico-sdk/src/rp2_common/pico_bit_ops/bit_ops_aeabi.S.o
                0x20000fe0                aeabi_bits_funcs
                0x20000ff0                aeabi_bits_funcs_end
 .data.aeabi_mem_funcs
                0x20000ff0       0x10 CMakeFiles/chaosblink.dir/Users/ludvignorin/ws/pico-sdk/src/rp2_common/pico_mem_ops/mem_ops_aeabi.S.o
                0x20000ff0                aeabi_mem_funcs
                0x20001000                aeabi_mem_funcs_end
 .data.stdio_uart
                0x20001000       0x18 CMakeFiles/chaosblink.dir/Users/ludvignorin/ws/pico-sdk/src/rp2_common/pico_stdio_uart/stdio_uart.c.o
                0x20001000                stdio_uart
 .data.stdio_usb
                0x20001018       0x18 CMakeFiles/chaosblink.dir/Users/ludvignorin/ws/pico-sdk/src/rp2_common/pico_stdio_usb/stdio_usb.c.o
                0x20001018                stdio_usb
 .data._usbd_qdef
                0x20001030       0x1c CMakeFiles/chaosblink.dir/Users/ludvignorin/ws/pico-sdk/lib/tinyusb/src/device/usbd.c.o
                0x20001030                _usbd_qdef
 .data._usbd_rhport
                0x2000104c        0x1 CMakeFiles/chaosblink.dir/Users/ludvignorin/ws/pico-sdk/lib/tinyusb/src/device/usbd.c.o
                0x20001050                        . = ALIGN (0x4)
 *fill*         0x2000104d        0x3 
 *(.after_data.*)
                0x20001050                        . = ALIGN (0x4)
                0x20001050                        PROVIDE (__mutex_array_start = .)
 *(SORT_BY_NAME(.mutex_array.*))
 *(.mutex_array)
 .mutex_array   0x20001050        0x8 CMakeFiles/chaosblink.dir/Users/ludvignorin/ws/pico-sdk/src/rp2_common/pico_stdio/stdio.c.o
                0x20001058                        PROVIDE (__mutex_array_end = .)
                0x20001058                        . = ALIGN (0x4)
 *(.jcr)
                0x20001058                        . = ALIGN (0x4)

.tm_clone_table
                0x20001058        0x0 load address 0x10006530
 .tm_clone_table
                0x20001058        0x0 /Applications/ArmGNUToolchain/13.3.rel1/arm-none-eabi/bin/../lib/gcc/arm-none-eabi/13.3.1/thumb/v6-m/nofp/crtbegin.o
 .tm_clone_table
                0x20001058        0x0 /Applications/ArmGNUToolchain/13.3.rel1/arm-none-eabi/bin/../lib/gcc/arm-none-eabi/13.3.1/thumb/v6-m/nofp/crtend.o

.igot.plt       0x20001058        0x0 load address 0x10006530
 .igot.plt      0x20001058        0x0 /Applications/ArmGNUToolchain/13.3.rel1/arm-none-eabi/bin/../lib/gcc/arm-none-eabi/13.3.1/thumb/v6-m/nofp/crtbegin.o

.tdata          0x20001058        0x0 load address 0x10006530
                0x20001058                        . = ALIGN (0x4)
 *(.tdata .tdata.* .gnu.linkonce.td.*)
                0x20001058                        __tdata_end = .
                0x20001058                        PROVIDE (__data_end__ = .)
                0x100055b8                        __etext = LOADADDR (.data)

.tbss           0x20001058        0x0 load address 0x10006530
                0x20001058                        . = ALIGN (0x4)
                0x20001058                        __bss_start__ = .
                0x20001058                        __tls_base = .
 *(.tbss .tbss.* .gnu.linkonce.tb.*)
 *(.tcommon)
                0x20001058                        __tls_end = .

.bss            0x20001058      0xf18 load address 0x10006530
                0x20001058                        . = ALIGN (0x4)
                0x20001058                        __tbss_end = .
 *(SORT_BY_ALIGNMENT(SORT_BY_NAME(.bss*)))
 .bss.default_alarm_pool_entries
                0x20001058      0x180 CMakeFiles/chaosblink.dir/Users/ludvignorin/ws/pico-sdk/src/common/pico_time/time.c.o
 .bss.last_avail_time.1
                0x200011d8        0x8 CMakeFiles/chaosblink.dir/Users/ludvignorin/ws/pico-sdk/src/rp2_common/pico_stdio_usb/stdio_usb.c.o
 .bss.next_sample_time.0
                0x200011e0        0x8 CMakeFiles/chaosblink.dir/Users/ludvignorin/ws/pico-sdk/src/rp2_common/pico_rand/rand.c.o
 .bss.sd_table  0x200011e8      0x100 CMakeFiles/chaosblink.dir/Users/ludvignorin/ws/pico-sdk/src/rp2_common/pico_double/double_init_rom_rp2040.c.o
                0x200011e8                sd_table
 .bss._app_driver
                0x200012e8        0x4 CMakeFiles/chaosblink.dir/Users/ludvignorin/ws/pico-sdk/lib/tinyusb/src/device/usbd.c.o
 .bss._cdcd_epbuf
                0x200012ec       0x80 CMakeFiles/chaosblink.dir/Users/ludvignorin/ws/pico-sdk/lib/tinyusb/src/class/cdc/cdc_device.c.o
 .bss._cdcd_fifo_cfg
                0x2000136c        0x1 CMakeFiles/chaosblink.dir/Users/ludvignorin/ws/pico-sdk/lib/tinyusb/src/class/cdc/cdc_device.c.o
 *fill*         0x2000136d        0x3 
 .bss._cdcd_itf
                0x20001370       0xc8 CMakeFiles/chaosblink.dir/Users/ludvignorin/ws/pico-sdk/lib/tinyusb/src/class/cdc/cdc_device.c.o
 .bss._ctrl_epbuf
                0x20001438       0x40 CMakeFiles/chaosblink.dir/Users/ludvignorin/ws/pico-sdk/lib/tinyusb/src/device/usbd_control.c.o
 .bss._ctrl_xfer
                0x20001478       0x14 CMakeFiles/chaosblink.dir/Users/ludvignorin/ws/pico-sdk/lib/tinyusb/src/device/usbd_control.c.o
 .bss._tusb_rhport_role
                0x2000148c        0x2 CMakeFiles/chaosblink.dir/Users/ludvignorin/ws/pico-sdk/lib/tinyusb/src/tusb.c.o
                0x2000148c                _tusb_rhport_role
 *fill*         0x2000148e        0x2 
 .bss._ubsd_mutexdef
                0x20001490        0x8 CMakeFiles/chaosblink.dir/Users/ludvignorin/ws/pico-sdk/lib/tinyusb/src/device/usbd.c.o
 .bss._usbd_dev
                0x20001498       0x54 CMakeFiles/chaosblink.dir/Users/ludvignorin/ws/pico-sdk/lib/tinyusb/src/device/usbd.c.o
 .bss._usbd_mutex
                0x200014ec        0x4 CMakeFiles/chaosblink.dir/Users/ludvignorin/ws/pico-sdk/lib/tinyusb/src/device/usbd.c.o
 .bss._usbd_q   0x200014f0        0x4 CMakeFiles/chaosblink.dir/Users/ludvignorin/ws/pico-sdk/lib/tinyusb/src/device/usbd.c.o
 .bss._usbd_qdef_buf
                0x200014f4       0xc0 CMakeFiles/chaosblink.dir/Users/ludvignorin/ws/pico-sdk/lib/tinyusb/src/device/usbd.c.o
                0x200014f4                _usbd_qdef_buf
 .bss._vendord_epbuf
                0x200015b4       0x80 CMakeFiles/chaosblink.dir/Users/ludvignorin/ws/pico-sdk/lib/tinyusb/src/class/vendor/vendor_device.c.o
 .bss._vendord_itf
                0x20001634      0x24c CMakeFiles/chaosblink.dir/Users/ludvignorin/ws/pico-sdk/lib/tinyusb/src/class/vendor/vendor_device.c.o
 .bss.boot2_copyout
                0x20001880      0x100 CMakeFiles/chaosblink.dir/Users/ludvignorin/ws/pico-sdk/src/rp2_common/hardware_flash/flash.c.o
 .bss.chars_available_callback
                0x20001980        0x4 CMakeFiles/chaosblink.dir/Users/ludvignorin/ws/pico-sdk/src/rp2_common/pico_stdio_uart/stdio_uart.c.o
 .bss.chars_available_callback
                0x20001984        0x4 CMakeFiles/chaosblink.dir/Users/ludvignorin/ws/pico-sdk/src/rp2_common/pico_stdio_usb/stdio_usb.c.o
 .bss.chars_available_param
                0x20001988        0x4 CMakeFiles/chaosblink.dir/Users/ludvignorin/ws/pico-sdk/src/rp2_common/pico_stdio_uart/stdio_uart.c.o
 .bss.chars_available_param
                0x2000198c        0x4 CMakeFiles/chaosblink.dir/Users/ludvignorin/ws/pico-sdk/src/rp2_common/pico_stdio_usb/stdio_usb.c.o
 .bss.claimed   0x20001990        0x4 CMakeFiles/chaosblink.dir/Users/ludvignorin/ws/pico-sdk/src/rp2_common/hardware_sync/sync.c.o
 .bss.claimed   0x20001994        0x1 CMakeFiles/chaosblink.dir/Users/ludvignorin/ws/pico-sdk/src/rp2_common/hardware_timer/timer.c.o
 *fill*         0x20001995        0x3 
 .bss.configured_freq
                0x20001998       0x28 CMakeFiles/chaosblink.dir/Users/ludvignorin/ws/pico-sdk/src/rp2_common/hardware_clocks/clocks.c.o
 .bss.desc_str.0
                0x200019c0       0x28 CMakeFiles/chaosblink.dir/Users/ludvignorin/ws/pico-sdk/src/rp2_common/pico_stdio_usb/stdio_usb_descriptors.c.o
 .bss.drivers   0x200019e8        0x4 CMakeFiles/chaosblink.dir/Users/ludvignorin/ws/pico-sdk/src/rp2_common/pico_stdio/stdio.c.o
 .bss.e15_last_sof
                0x200019ec        0x4 CMakeFiles/chaosblink.dir/Users/ludvignorin/ws/pico-sdk/lib/tinyusb/src/portable/raspberrypi/rp2040/rp2040_usb.c.o
                0x200019ec                e15_last_sof
 .bss.filter    0x200019f0        0x4 CMakeFiles/chaosblink.dir/Users/ludvignorin/ws/pico-sdk/src/rp2_common/pico_stdio/stdio.c.o
 .bss.hw_endpoints
                0x200019f4      0x400 CMakeFiles/chaosblink.dir/Users/ludvignorin/ws/pico-sdk/lib/tinyusb/src/portable/raspberrypi/rp2040/dcd_rp2040.c.o
 .bss.lazy_vsnprintf
                0x20001df4        0x4 CMakeFiles/chaosblink.dir/Users/ludvignorin/ws/pico-sdk/src/rp2_common/pico_printf/printf.c.o
 .bss.load_value
                0x20001df8        0x4 CMakeFiles/chaosblink.dir/Users/ludvignorin/ws/pico-sdk/src/rp2_common/hardware_watchdog/watchdog.c.o
 .bss.next_buffer_ptr
                0x20001dfc        0x4 CMakeFiles/chaosblink.dir/Users/ludvignorin/ws/pico-sdk/lib/tinyusb/src/portable/raspberrypi/rp2040/dcd_rp2040.c.o
 .bss.object.0  0x20001e00       0x18 /Applications/ArmGNUToolchain/13.3.rel1/arm-none-eabi/bin/../lib/gcc/arm-none-eabi/13.3.1/thumb/v6-m/nofp/crtbegin.o
 .bss.one_shot_timer_crit_sec
                0x20001e18        0x8 CMakeFiles/chaosblink.dir/Users/ludvignorin/ws/pico-sdk/src/rp2_common/pico_stdio_usb/stdio_usb.c.o
 .bss.pools     0x20001e20       0x10 CMakeFiles/chaosblink.dir/Users/ludvignorin/ws/pico-sdk/src/common/pico_time/time.c.o
 .bss.retrieved_id
                0x20001e30        0x8 CMakeFiles/chaosblink.dir/Users/ludvignorin/ws/pico-sdk/src/rp2_common/pico_unique_id/unique_id.c.o
 .bss.sf_clz_func
                0x20001e38        0x4 CMakeFiles/chaosblink.dir/Users/ludvignorin/ws/pico-sdk/src/rp2_common/pico_double/double_init_rom_rp2040.c.o
                0x20001e38                sf_clz_func
 .bss.sf_table  0x20001e3c      0x100 CMakeFiles/chaosblink.dir/Users/ludvignorin/ws/pico-sdk/src/rp2_common/pico_float/float_init_rom_rp2040.c.o
                0x20001e3c                sf_table
 .bss.sleep_notifier
                0x20001f3c        0x4 CMakeFiles/chaosblink.dir/Users/ludvignorin/ws/pico-sdk/src/common/pico_time/time.c.o
 .bss.stdio_usb_mutex
                0x20001f40        0x8 CMakeFiles/chaosblink.dir/Users/ludvignorin/ws/pico-sdk/src/rp2_common/pico_stdio_usb/stdio_usb.c.o
 .bss.uart_char_to_line_feed
                0x20001f48        0x4 CMakeFiles/chaosblink.dir/Users/ludvignorin/ws/pico-sdk/src/rp2_common/hardware_uart/uart.c.o
                0x20001f48                uart_char_to_line_feed
 .bss.uart_instance
                0x20001f4c        0x4 CMakeFiles/chaosblink.dir/Users/ludvignorin/ws/pico-sdk/src/rp2_common/pico_stdio_uart/stdio_uart.c.o
 .bss.usbd_serial_str
                0x20001f50       0x11 CMakeFiles/chaosblink.dir/Users/ludvignorin/ws/pico-sdk/src/rp2_common/pico_stdio_usb/stdio_usb_descriptors.c.o
 .bss._app_driver_count
                0x20001f61        0x1 CMakeFiles/chaosblink.dir/Users/ludvignorin/ws/pico-sdk/lib/tinyusb/src/device/usbd.c.o
 .bss._sof_enable
                0x20001f62        0x1 CMakeFiles/chaosblink.dir/Users/ludvignorin/ws/pico-sdk/lib/tinyusb/src/portable/raspberrypi/rp2040/dcd_rp2040.c.o
 .bss._usbd_queued_setup
                0x20001f63        0x1 CMakeFiles/chaosblink.dir/Users/ludvignorin/ws/pico-sdk/lib/tinyusb/src/device/usbd.c.o
 .bss.boot2_copyout_valid
                0x20001f64        0x1 CMakeFiles/chaosblink.dir/Users/ludvignorin/ws/pico-sdk/src/rp2_common/hardware_flash/flash.c.o
 .bss.bus_counter_idx
                0x20001f65        0x1 CMakeFiles/chaosblink.dir/Users/ludvignorin/ws/pico-sdk/src/rp2_common/pico_rand/rand.c.o
 .bss.check_byte.1
                0x20001f66        0x1 CMakeFiles/chaosblink.dir/Users/ludvignorin/ws/pico-sdk/src/rp2_common/pico_rand/rand.c.o
 .bss.irq_handler_chain_free_slot_head
                0x20001f67        0x1 CMakeFiles/chaosblink.dir/Users/ludvignorin/ws/pico-sdk/src/rp2_common/hardware_irq/irq.c.o
 .bss.itf_num   0x20001f68        0x1 CMakeFiles/chaosblink.dir/Users/ludvignorin/ws/pico-sdk/src/rp2_common/pico_stdio_usb/reset_interface.c.o
 .bss.low_priority_irq_num
                0x20001f69        0x1 CMakeFiles/chaosblink.dir/Users/ludvignorin/ws/pico-sdk/src/rp2_common/pico_stdio_usb/stdio_usb.c.o
 .bss.one_shot_timer_pending
                0x20001f6a        0x1 CMakeFiles/chaosblink.dir/Users/ludvignorin/ws/pico-sdk/src/rp2_common/pico_stdio_usb/stdio_usb.c.o
 .bss.rng_initialised
                0x20001f6b        0x1 CMakeFiles/chaosblink.dir/Users/ludvignorin/ws/pico-sdk/src/rp2_common/pico_rand/rand.c.o
 .bss.user_irq_claimed
                0x20001f6c        0x1 CMakeFiles/chaosblink.dir/Users/ludvignorin/ws/pico-sdk/src/rp2_common/hardware_irq/irq.c.o
 *(COMMON)
                0x20001f70                        . = ALIGN (0x4)
 *fill*         0x20001f6d        0x3 
                0x20001f70                        __bss_end__ = .

.heap           0x20001f70      0x800 load address 0x10006530
                0x20001f70                        __end__ = .
                0x20001f70                        end = __end__
 *(.heap*)
 .heap          0x20001f70      0x800 CMakeFiles/chaosblink.dir/Users/ludvignorin/ws/pico-sdk/src/rp2_common/pico_crt0/crt0.S.o
                0x20040000                        __HeapLimit = (ORIGIN (RAM) + LENGTH (RAM))

.scratch_x      0x20040000        0x0 load address 0x10006530
                0x20040000                        __scratch_x_start__ = .
 *(.scratch_x.*)
                0x20040000                        . = ALIGN (0x4)
                0x20040000                        __scratch_x_end__ = .
                0x10006530                        __scratch_x_source__ = LOADADDR (.scratch_x)

.scratch_y      0x20041000        0x0 load address 0x10006530
                0x20041000                        __scratch_y_start__ = .
 *(.scratch_y.*)
                0x20041000                        . = ALIGN (0x4)
                0x20041000                        __scratch_y_end__ = .
                0x10006530                        __scratch_y_source__ = LOADADDR (.scratch_y)

.stack1_dummy
 *(.stack1*)

.stack_dummy    0x20041000      0x800
 *(.stack*)
 .stack         0x20041000      0x800 CMakeFiles/chaosblink.dir/Users/ludvignorin/ws/pico-sdk/src/rp2_common/pico_crt0/crt0.S.o

.flash_end      0x10006530        0x0
 *(.embedded_end_block*)
                0x10006530                        PROVIDE (__flash_binary_end = .)
                0x20040000                        __StackLimit = (ORIGIN (RAM) + LENGTH (RAM))
                0x20041000                        __StackOneTop = (ORIGIN (SCRATCH_X) + LENGTH (SCRATCH_X))
                0x20042000                        __StackTop = (ORIGIN (SCRATCH_Y) + LENGTH (SCRATCH_Y))
                0x20041000                        __StackOneBottom = (__StackOneTop - SIZEOF (.stack1_dummy))
                0x20041800                        __StackBottom = (__StackTop - SIZEOF (.stack_dummy))
                0x20042000                        PROVIDE (__stack = __StackTop)
                [!provide]                        PROVIDE (__heap_start = __end__)
                [!provide]                        PROVIDE (__heap_end = __HeapLimit)
                [!provide]                        PROVIDE (__tls_align = MAX (ALIGNOF (.tdata), ALIGNOF (.tbss)))
                [!provide]                        PROVIDE (__tls_size_align = (((__tls_size + __tls_align) - 0x1) & ~ ((__tls_align - 0x1))))
                [!provide]                        PROVIDE (__arm32_tls_tcb_offset = MAX (0x8, __tls_align))
                [!provide]                        PROVIDE (_end = __end__)
                [!provide]                        PROVIDE (__llvm_libc_heap_limit = __HeapLimit)
                0x00000001                        ASSERT ((__StackLimit >= __HeapLimit), region RAM overflowed)
                0x00000001                        ASSERT (((__binary_info_header_end - __logical_binary_start) <= 0x100), Binary info must be in first 256 bytes of the binary)
LOAD CMakeFiles/chaosblink.dir/main.cpp.o
LOAD CMakeFiles/chaosblink.dir/Users/ludvignorin/ws/pico-sdk/src/rp2_common/pico_stdlib/stdlib.c.o
LOAD CMakeFiles/chaosblink.dir/Users/ludvignorin/ws/pico-sdk/src/rp2_common/hardware_gpio/gpio.c.o
LOAD CMakeFiles/chaosblink.dir/Users/ludvignorin/ws/pico-sdk/src/rp2040/pico_platform/platform.c.o
LOAD CMakeFiles/chaosblink.dir/Users/ludvignorin/ws/pico-sdk/src/rp2_common/pico_platform_panic/panic.c.o
LOAD CMakeFiles/chaosblink.dir/Users/ludvignorin/ws/pico-sdk/src/common/hardware_claim/claim.c.o
LOAD CMakeFiles/chaosblink.dir/Users/ludvignorin/ws/pico-sdk/src/rp2_common/hardware_sync/sync.c.o
LOAD CMakeFiles/chaosblink.dir/Users/ludvignorin/ws/pico-sdk/src/rp2_common/hardware_sync_spin_lock/sync_spin_lock.c.o
LOAD CMakeFiles/chaosblink.dir/Users/ludvignorin/ws/pico-sdk/src/rp2_common/hardware_irq/irq.c.o
LOAD CMakeFiles/chaosblink.dir/Users/ludvignorin/ws/pico-sdk/src/rp2_common/hardware_irq/irq_handler_chain.S.o
LOAD CMakeFiles/chaosblink.dir/Users/ludvignorin/ws/pico-sdk/src/common/pico_sync/sem.c.o
LOAD CMakeFiles/chaosblink.dir/Users/ludvignorin/ws/pico-sdk/src/common/pico_sync/lock_core.c.o
LOAD CMakeFiles/chaosblink.dir/Users/ludvignorin/ws/pico-sdk/src/common/pico_sync/mutex.c.o
LOAD CMakeFiles/chaosblink.dir/Users/ludvignorin/ws/pico-sdk/src/common/pico_sync/critical_section.c.o
LOAD CMakeFiles/chaosblink.dir/Users/ludvignorin/ws/pico-sdk/src/common/pico_time/time.c.o
LOAD CMakeFiles/chaosblink.dir/Users/ludvignorin/ws/pico-sdk/src/common/pico_time/timeout_helper.c.o
LOAD CMakeFiles/chaosblink.dir/Users/ludvignorin/ws/pico-sdk/src/rp2_common/hardware_timer/timer.c.o
LOAD CMakeFiles/chaosblink.dir/Users/ludvignorin/ws/pico-sdk/src/common/pico_util/datetime.c.o
LOAD CMakeFiles/chaosblink.dir/Users/ludvignorin/ws/pico-sdk/src/common/pico_util/pheap.c.o
LOAD CMakeFiles/chaosblink.dir/Users/ludvignorin/ws/pico-sdk/src/common/pico_util/queue.c.o
LOAD CMakeFiles/chaosblink.dir/Users/ludvignorin/ws/pico-sdk/src/rp2_common/hardware_uart/uart.c.o
LOAD CMakeFiles/chaosblink.dir/Users/ludvignorin/ws/pico-sdk/src/rp2_common/hardware_clocks/clocks.c.o
LOAD CMakeFiles/chaosblink.dir/Users/ludvignorin/ws/pico-sdk/src/rp2_common/hardware_pll/pll.c.o
LOAD CMakeFiles/chaosblink.dir/Users/ludvignorin/ws/pico-sdk/src/rp2_common/hardware_vreg/vreg.c.o
LOAD CMakeFiles/chaosblink.dir/Users/ludvignorin/ws/pico-sdk/src/rp2_common/hardware_watchdog/watchdog.c.o
LOAD CMakeFiles/chaosblink.dir/Users/ludvignorin/ws/pico-sdk/src/rp2_common/hardware_ticks/ticks.c.o
LOAD CMakeFiles/chaosblink.dir/Users/ludvignorin/ws/pico-sdk/src/rp2_common/pico_bootrom/bootrom.c.o
LOAD CMakeFiles/chaosblink.dir/Users/ludvignorin/ws/pico-sdk/src/rp2_common/pico_bootrom/bootrom_lock.c.o
LOAD CMakeFiles/chaosblink.dir/Users/ludvignorin/ws/pico-sdk/src/rp2_common/hardware_boot_lock/boot_lock.c.o
LOAD CMakeFiles/chaosblink.dir/Users/ludvignorin/ws/pico-sdk/src/rp2_common/pico_flash/flash.c.o
LOAD CMakeFiles/chaosblink.dir/Users/ludvignorin/ws/pico-sdk/src/rp2_common/hardware_xosc/xosc.c.o
LOAD CMakeFiles/chaosblink.dir/Users/ludvignorin/ws/pico-sdk/src/rp2_common/hardware_divider/divider.S.o
LOAD CMakeFiles/chaosblink.dir/Users/ludvignorin/ws/pico-sdk/src/rp2_common/pico_runtime/runtime.c.o
LOAD CMakeFiles/chaosblink.dir/Users/ludvignorin/ws/pico-sdk/src/rp2_common/pico_runtime_init/runtime_init.c.o
LOAD CMakeFiles/chaosblink.dir/Users/ludvignorin/ws/pico-sdk/src/rp2_common/pico_runtime_init/runtime_init_clocks.c.o
LOAD CMakeFiles/chaosblink.dir/Users/ludvignorin/ws/pico-sdk/src/rp2_common/pico_runtime_init/runtime_init_stack_guard.c.o
LOAD CMakeFiles/chaosblink.dir/Users/ludvignorin/ws/pico-sdk/src/rp2_common/pico_bit_ops/bit_ops_aeabi.S.o
LOAD CMakeFiles/chaosblink.dir/Users/ludvignorin/ws/pico-sdk/src/rp2_common/pico_divider/divider_hardware.S.o
LOAD CMakeFiles/chaosblink.dir/Users/ludvignorin/ws/pico-sdk/src/rp2_common/pico_double/double_aeabi_rp2040.S.o
LOAD CMakeFiles/chaosblink.dir/Users/ludvignorin/ws/pico-sdk/src/rp2_common/pico_double/double_init_rom_rp2040.c.o
LOAD CMakeFiles/chaosblink.dir/Users/ludvignorin/ws/pico-sdk/src/rp2_common/pico_double/double_math.c.o
LOAD CMakeFiles/chaosblink.dir/Users/ludvignorin/ws/pico-sdk/src/rp2_common/pico_double/double_v1_rom_shim_rp2040.S.o
LOAD CMakeFiles/chaosblink.dir/Users/ludvignorin/ws/pico-sdk/src/rp2_common/pico_int64_ops/pico_int64_ops_aeabi.S.o
LOAD CMakeFiles/chaosblink.dir/Users/ludvignorin/ws/pico-sdk/src/rp2_common/pico_float/float_aeabi_rp2040.S.o
LOAD CMakeFiles/chaosblink.dir/Users/ludvignorin/ws/pico-sdk/src/rp2_common/pico_float/float_init_rom_rp2040.c.o
LOAD CMakeFiles/chaosblink.dir/Users/ludvignorin/ws/pico-sdk/src/rp2_common/pico_float/float_math.c.o
LOAD CMakeFiles/chaosblink.dir/Users/ludvignorin/ws/pico-sdk/src/rp2_common/pico_float/float_v1_rom_shim_rp2040.S.o
LOAD CMakeFiles/chaosblink.dir/Users/ludvignorin/ws/pico-sdk/src/rp2_common/pico_malloc/malloc.c.o
LOAD CMakeFiles/chaosblink.dir/Users/ludvignorin/ws/pico-sdk/src/rp2_common/pico_mem_ops/mem_ops_aeabi.S.o
LOAD CMakeFiles/chaosblink.dir/Users/ludvignorin/ws/pico-sdk/src/rp2_common/pico_atomic/atomic.c.o
LOAD CMakeFiles/chaosblink.dir/Users/ludvignorin/ws/pico-sdk/src/rp2_common/pico_cxx_options/new_delete.cpp.o
LOAD CMakeFiles/chaosblink.dir/Users/ludvignorin/ws/pico-sdk/src/rp2_common/pico_standard_binary_info/standard_binary_info.c.o
LOAD CMakeFiles/chaosblink.dir/Users/ludvignorin/ws/pico-sdk/src/rp2_common/pico_printf/printf.c.o
LOAD CMakeFiles/chaosblink.dir/Users/ludvignorin/ws/pico-sdk/src/rp2_common/pico_crt0/crt0.S.o
LOAD CMakeFiles/chaosblink.dir/Users/ludvignorin/ws/pico-sdk/src/rp2_common/pico_clib_interface/newlib_interface.c.o
LOAD CMakeFiles/chaosblink.dir/Users/ludvignorin/ws/pico-sdk/src/rp2_common/pico_stdio/stdio.c.o
LOAD CMakeFiles/chaosblink.dir/Users/ludvignorin/ws/pico-sdk/src/rp2_common/pico_stdio_uart/stdio_uart.c.o
LOAD CMakeFiles/chaosblink.dir/Users/ludvignorin/ws/pico-sdk/src/rp2_common/pico_stdio_usb/reset_interface.c.o
LOAD CMakeFiles/chaosblink.dir/Users/ludvignorin/ws/pico-sdk/src/rp2_common/pico_stdio_usb/stdio_usb.c.o
LOAD CMakeFiles/chaosblink.dir/Users/ludvignorin/ws/pico-sdk/src/rp2_common/pico_stdio_usb/stdio_usb_descriptors.c.o
LOAD CMakeFiles/chaosblink.dir/Users/ludvignorin/ws/pico-sdk/src/rp2_common/pico_unique_id/unique_id.c.o
LOAD CMakeFiles/chaosblink.dir/Users/ludvignorin/ws/pico-sdk/src/rp2_common/hardware_flash/flash.c.o
LOAD CMakeFiles/chaosblink.dir/Users/ludvignorin/ws/pico-sdk/src/rp2_common/hardware_xip_cache/xip_cache.c.o
LOAD CMakeFiles/chaosblink.dir/Users/ludvignorin/ws/pico-sdk/lib/tinyusb/src/portable/raspberrypi/rp2040/dcd_rp2040.c.o
LOAD CMakeFiles/chaosblink.dir/Users/ludvignorin/ws/pico-sdk/lib/tinyusb/src/portable/raspberrypi/rp2040/rp2040_usb.c.o
LOAD CMakeFiles/chaosblink.dir/Users/ludvignorin/ws/pico-sdk/lib/tinyusb/src/device/usbd.c.o
LOAD CMakeFiles/chaosblink.dir/Users/ludvignorin/ws/pico-sdk/lib/tinyusb/src/device/usbd_control.c.o
LOAD CMakeFiles/chaosblink.dir/Users/ludvignorin/ws/pico-sdk/lib/tinyusb/src/class/audio/audio_device.c.o
LOAD CMakeFiles/chaosblink.dir/Users/ludvignorin/ws/pico-sdk/lib/tinyusb/src/class/cdc/cdc_device.c.o
LOAD CMakeFiles/chaosblink.dir/Users/ludvignorin/ws/pico-sdk/lib/tinyusb/src/class/dfu/dfu_device.c.o
LOAD CMakeFiles/chaosblink.dir/Users/ludvignorin/ws/pico-sdk/lib/tinyusb/src/class/dfu/dfu_rt_device.c.o
LOAD CMakeFiles/chaosblink.dir/Users/ludvignorin/ws/pico-sdk/lib/tinyusb/src/class/hid/hid_device.c.o
LOAD CMakeFiles/chaosblink.dir/Users/ludvignorin/ws/pico-sdk/lib/tinyusb/src/class/midi/midi_device.c.o
LOAD CMakeFiles/chaosblink.dir/Users/ludvignorin/ws/pico-sdk/lib/tinyusb/src/class/msc/msc_device.c.o
LOAD CMakeFiles/chaosblink.dir/Users/ludvignorin/ws/pico-sdk/lib/tinyusb/src/class/net/ecm_rndis_device.c.o
LOAD CMakeFiles/chaosblink.dir/Users/ludvignorin/ws/pico-sdk/lib/tinyusb/src/class/net/ncm_device.c.o
LOAD CMakeFiles/chaosblink.dir/Users/ludvignorin/ws/pico-sdk/lib/tinyusb/src/class/usbtmc/usbtmc_device.c.o
LOAD CMakeFiles/chaosblink.dir/Users/ludvignorin/ws/pico-sdk/lib/tinyusb/src/class/vendor/vendor_device.c.o
LOAD CMakeFiles/chaosblink.dir/Users/ludvignorin/ws/pico-sdk/lib/tinyusb/src/class/video/video_device.c.o
LOAD CMakeFiles/chaosblink.dir/Users/ludvignorin/ws/pico-sdk/lib/tinyusb/src/tusb.c.o
LOAD CMakeFiles/chaosblink.dir/Users/ludvignorin/ws/pico-sdk/lib/tinyusb/src/common/tusb_fifo.c.o
LOAD CMakeFiles/chaosblink.dir/Users/ludvignorin/ws/pico-sdk/src/rp2_common/pico_fix/rp2040_usb_device_enumeration/rp2040_usb_device_enumeration.c.o
LOAD CMakeFiles/chaosblink.dir/Users/ludvignorin/ws/pico-sdk/src/rp2_common/pico_rand/rand.c.o
LOAD pico-sdk/src/rp2040/boot_stage2/CMakeFiles/bs2_default_library.dir/bs2_default_padded_checksummed.S.o
LOAD /Applications/ArmGNUToolchain/13.3.rel1/arm-none-eabi/bin/../lib/gcc/arm-none-eabi/13.3.1/../../../../arm-none-eabi/lib/thumb/v6-m/nofp/libstdc++.a
LOAD /Applications/ArmGNUToolchain/13.3.rel1/arm-none-eabi/bin/../lib/gcc/arm-none-eabi/13.3.1/../../../../arm-none-eabi/lib/thumb/v6-m/nofp/libm.a
START GROUP
LOAD /Applications/ArmGNUToolchain/13.3.rel1/arm-none-eabi/bin/../lib/gcc/arm-none-eabi/13.3.1/thumb/v6-m/nofp/libgcc.a
LOAD /Applications/ArmGNUToolchain/13.3.rel1/arm-none-eabi/bin/../lib/gcc/arm-none-eabi/13.3.1/../../../../arm-none-eabi/lib/thumb/v6-m/nofp/libg.a
LOAD /Applications/ArmGNUToolchain/13.3.rel1/arm-none-eabi/bin/../lib/gcc/arm-none-eabi/13.3.1/../../../../arm-none-eabi/lib/thumb/v6-m/nofp/libc.a
END GROUP
START GROUP
LOAD /Applications/ArmGNUToolchain/13.3.rel1/arm-none-eabi/bin/../lib/gcc/arm-none-eabi/13.3.1/thumb/v6-m/nofp/libgcc.a
LOAD /Applications/ArmGNUToolchain/13.3.rel1/arm-none-eabi/bin/../lib/gcc/arm-none-eabi/13.3.1/../../../../arm-none-eabi/lib/thumb/v6-m/nofp/libc.a
LOAD /Applications/ArmGNUToolchain/13.3.rel1/arm-none-eabi/bin/../lib/gcc/arm-none-eabi/13.3.1/../../../../arm-none-eabi/lib/thumb/v6-m/nofp/libnosys.a
END GROUP