Archive member included to satisfy reference by file (symbol)

/Applications/ArmGNUToolchain/13.3.rel1/arm-none-eabi/bin/../lib/gcc/arm-none-eabi/13.3.1/thumb/v6-m/nofp/libgcc.a(_dvmd_tls.o)
                              CMakeFiles/blink.dir/Users/ludvignorin/ws/pico-sdk/src/rp2_common/pico_divider/divider_hardware.S.o (__aeabi_idiv0)
/Applications/ArmGNUToolchain/13.3.rel1/arm-none-eabi/bin/../lib/gcc/arm-none-eabi/13.3.1/../../../../arm-none-eabi/lib/thumb/v6-m/nofp/libg.a(libc_a-calloc.o)
                              CMakeFiles/blink.dir/Users/ludvignorin/ws/pico-sdk/src/rp2_common/pico_malloc/malloc.c.o (calloc)
/Applications/ArmGNUToolchain/13.3.rel1/arm-none-eabi/bin/../lib/gcc/arm-none-eabi/13.3.1/../../../../arm-none-eabi/lib/thumb/v6-m/nofp/libg.a(libc_a-callocr.o)
                              /Applications/ArmGNUToolchain/13.3.rel1/arm-none-eabi/bin/../lib/gcc/arm-none-eabi/13.3.1/../../../../arm-none-eabi/lib/thumb/v6-m/nofp/libg.a(libc_a-calloc.o) (_calloc_r)
/Applications/ArmGNUToolchain/13.3.rel1/arm-none-eabi/bin/../lib/gcc/arm-none-eabi/13.3.1/../../../../arm-none-eabi/lib/thumb/v6-m/nofp/libg.a(libc_a-malloc.o)
                              CMakeFiles/blink.dir/Users/ludvignorin/ws/pico-sdk/src/rp2_common/pico_malloc/malloc.c.o (malloc)
/Applications/ArmGNUToolchain/13.3.rel1/arm-none-eabi/bin/../lib/gcc/arm-none-eabi/13.3.1/../../../../arm-none-eabi/lib/thumb/v6-m/nofp/libg.a(libc_a-mallocr.o)
                              /Applications/ArmGNUToolchain/13.3.rel1/arm-none-eabi/bin/../lib/gcc/arm-none-eabi/13.3.1/../../../../arm-none-eabi/lib/thumb/v6-m/nofp/libg.a(libc_a-callocr.o) (_malloc_r)
/Applications/ArmGNUToolchain/13.3.rel1/arm-none-eabi/bin/../lib/gcc/arm-none-eabi/13.3.1/../../../../arm-none-eabi/lib/thumb/v6-m/nofp/libg.a(libc_a-mlock.o)
                              /Applications/ArmGNUToolchain/13.3.rel1/arm-none-eabi/bin/../lib/gcc/arm-none-eabi/13.3.1/../../../../arm-none-eabi/lib/thumb/v6-m/nofp/libg.a(libc_a-mallocr.o) (__malloc_lock)
/Applications/ArmGNUToolchain/13.3.rel1/arm-none-eabi/bin/../lib/gcc/arm-none-eabi/13.3.1/../../../../arm-none-eabi/lib/thumb/v6-m/nofp/libg.a(libc_a-realloc.o)
                              CMakeFiles/blink.dir/Users/ludvignorin/ws/pico-sdk/src/rp2_common/pico_malloc/malloc.c.o (realloc)
/Applications/ArmGNUToolchain/13.3.rel1/arm-none-eabi/bin/../lib/gcc/arm-none-eabi/13.3.1/../../../../arm-none-eabi/lib/thumb/v6-m/nofp/libg.a(libc_a-reallocr.o)
                              /Applications/ArmGNUToolchain/13.3.rel1/arm-none-eabi/bin/../lib/gcc/arm-none-eabi/13.3.1/../../../../arm-none-eabi/lib/thumb/v6-m/nofp/libg.a(libc_a-realloc.o) (_realloc_r)
/Applications/ArmGNUToolchain/13.3.rel1/arm-none-eabi/bin/../lib/gcc/arm-none-eabi/13.3.1/../../../../arm-none-eabi/lib/thumb/v6-m/nofp/libg.a(libc_a-memcmp.o)
                              CMakeFiles/blink.dir/Users/ludvignorin/ws/pico-sdk/src/rp2_common/pico_atomic/atomic.c.o (memcmp)
/Applications/ArmGNUToolchain/13.3.rel1/arm-none-eabi/bin/../lib/gcc/arm-none-eabi/13.3.1/../../../../arm-none-eabi/lib/thumb/v6-m/nofp/libg.a(libc_a-memmove.o)
                              /Applications/ArmGNUToolchain/13.3.rel1/arm-none-eabi/bin/../lib/gcc/arm-none-eabi/13.3.1/../../../../arm-none-eabi/lib/thumb/v6-m/nofp/libg.a(libc_a-reallocr.o) (memmove)
/Applications/ArmGNUToolchain/13.3.rel1/arm-none-eabi/bin/../lib/gcc/arm-none-eabi/13.3.1/../../../../arm-none-eabi/lib/thumb/v6-m/nofp/libg.a(libc_a-lcltime_r.o)
                              CMakeFiles/blink.dir/Users/ludvignorin/ws/pico-sdk/src/common/pico_util/datetime.c.o (localtime_r)
/Applications/ArmGNUToolchain/13.3.rel1/arm-none-eabi/bin/../lib/gcc/arm-none-eabi/13.3.1/../../../../arm-none-eabi/lib/thumb/v6-m/nofp/libg.a(libc_a-mktime.o)
                              CMakeFiles/blink.dir/Users/ludvignorin/ws/pico-sdk/src/common/pico_util/datetime.c.o (mktime)
/Applications/ArmGNUToolchain/13.3.rel1/arm-none-eabi/bin/../lib/gcc/arm-none-eabi/13.3.1/../../../../arm-none-eabi/lib/thumb/v6-m/nofp/libg.a(libc_a-month_lengths.o)
                              /Applications/ArmGNUToolchain/13.3.rel1/arm-none-eabi/bin/../lib/gcc/arm-none-eabi/13.3.1/../../../../arm-none-eabi/lib/thumb/v6-m/nofp/libg.a(libc_a-lcltime_r.o) (__month_lengths)
/Applications/ArmGNUToolchain/13.3.rel1/arm-none-eabi/bin/../lib/gcc/arm-none-eabi/13.3.1/../../../../arm-none-eabi/lib/thumb/v6-m/nofp/libg.a(libc_a-tzcalc_limits.o)
                              /Applications/ArmGNUToolchain/13.3.rel1/arm-none-eabi/bin/../lib/gcc/arm-none-eabi/13.3.1/../../../../arm-none-eabi/lib/thumb/v6-m/nofp/libg.a(libc_a-lcltime_r.o) (__tzcalc_limits)
/Applications/ArmGNUToolchain/13.3.rel1/arm-none-eabi/bin/../lib/gcc/arm-none-eabi/13.3.1/../../../../arm-none-eabi/lib/thumb/v6-m/nofp/libg.a(libc_a-tzlock.o)
[...]
Memory Configuration

Name             Origin             Length             Attributes
FLASH            0x10000000         0x00200000         xr
RAM              0x20000000         0x00040000         xrw
SCRATCH_X        0x20040000         0x00001000         xrw
SCRATCH_Y        0x20041000         0x00001000         xrw
*default*        0x00000000         0xffffffff

Linker script and memory map

LOAD /Applications/ArmGNUToolchain/13.3.rel1/arm-none-eabi/bin/../lib/gcc/arm-none-eabi/13.3.1/thumb/v6-m/nofp/crti.o
LOAD /Applications/ArmGNUToolchain/13.3.rel1/arm-none-eabi/bin/../lib/gcc/arm-none-eabi/13.3.1/thumb/v6-m/nofp/crtbegin.o
LOAD /Applications/ArmGNUToolchain/13.3.rel1/arm-none-eabi/bin/../lib/gcc/arm-none-eabi/13.3.1/../../../../arm-none-eabi/lib/thumb/v6-m/nofp/crt0.o

.flash_begin    0x10000000        0x0
                0x10000000                        __flash_binary_start = .

.boot2          0x10000000      0x100
                0x10000000                        __boot2_start__ = .
 *(.boot2)
 .boot2         0x10000000      0x100 pico-sdk/src/rp2040/boot_stage2/CMakeFiles/bs2_default_library.dir/bs2_default_padded_checksummed.S.o
                0x10000100                        __boot2_end__ = .
                0x00000001                        ASSERT (((__boot2_end__ - __boot2_start__) == 0x100), ERROR: Pico second stage bootloader must be 256 bytes in size)

.text           0x10000100     0x15f0
                0x10000100                        __logical_binary_start = .
 *(.vectors)
 .vectors       0x10000100       0xd4 CMakeFiles/blink.dir/Users/ludvignorin/ws/pico-sdk/src/rp2_common/pico_crt0/crt0.S.o
                0x10000100                __VECTOR_TABLE
                0x10000100                __vectors
                0x100001c0                __default_isrs_start
                0x100001c0                isr_invalid
                0x100001c2                isr_nmi
                0x100001c4                isr_hardfault
                0x100001c6                isr_svcall
                0x100001c8                isr_pendsv
                0x100001ca                isr_systick
                0x100001cc                isr_irq28
                0x100001cc                isr_irq19
                0x100001cc                isr_irq0
                0x100001cc                isr_irq6
                0x100001cc                isr_irq22
                0x100001cc                isr_irq17
                0x100001cc                isr_irq14
                0x100001cc                isr_irq2
                0x100001cc                isr_irq10
                0x100001cc                isr_irq8
                0x100001cc                isr_irq24
                0x100001cc                isr_irq1
                0x100001cc                isr_irq7
                0x100001cc                isr_irq21
                0x100001cc                isr_irq20
                0x100001cc                isr_irq15
                0x100001cc                isr_irq25
                0x100001cc                isr_irq4
                0x100001cc                isr_irq16
                0x100001cc                isr_irq29
                0x100001cc                isr_irq26
                0x100001cc                __default_isrs_end
                0x100001cc                isr_irq3
                0x100001cc                isr_irq9
                0x100001cc                __unhandled_user_irq
                0x100001cc                isr_irq13
                0x100001cc                isr_irq27
                0x100001cc                isr_irq31
                0x100001cc                isr_irq5
                0x100001cc                isr_irq11
                0x100001cc                isr_irq23
                0x100001cc                isr_irq18
                0x100001cc                isr_irq30
                0x100001cc                isr_irq12
                0x100001d2                unhandled_user_irq_num_in_r0
 *(.binary_info_header)
 .binary_info_header
                0x100001d4       0x14 CMakeFiles/blink.dir/Users/ludvignorin/ws/pico-sdk/src/rp2_common/pico_crt0/crt0.S.o
                0x100001e8                        __binary_info_header_end = .
 *(.embedded_block)
                0x100001e8                        __embedded_block_end = .
 *(.reset)
 .reset         0x100001e8       0x9c CMakeFiles/blink.dir/Users/ludvignorin/ws/pico-sdk/src/rp2_common/pico_crt0/crt0.S.o
                0x100001e8                _entry_point
 *(.init)
 .init          0x10000284        0x4 /Applications/ArmGNUToolchain/13.3.rel1/arm-none-eabi/bin/../lib/gcc/arm-none-eabi/13.3.1/thumb/v6-m/nofp/crti.o
                0x10000284                _init
 *(EXCLUDE_FILE(*libm.a: *libc.a:*lib_a-mem*.o *libgcc.a:) .text*)
 .text.register_tm_clones
                0x10000288       0x28 /Applications/ArmGNUToolchain/13.3.rel1/arm-none-eabi/bin/../lib/gcc/arm-none-eabi/13.3.1/thumb/v6-m/nofp/crtbegin.o
 .text.frame_dummy
                0x100002b0       0x24 /Applications/ArmGNUToolchain/13.3.rel1/arm-none-eabi/bin/../lib/gcc/arm-none-eabi/13.3.1/thumb/v6-m/nofp/crtbegin.o
 .text.startup.main
                0x100002d4       0x24 CMakeFiles/blink.dir/main2.cpp.o
                0x100002d4                main
 .text.gpio_init
                0x100002f8       0x40 CMakeFiles/blink.dir/Users/ludvignorin/ws/pico-sdk/src/rp2_common/hardware_gpio/gpio.c.o
                0x100002f8                gpio_init
 .text.panic    0x10000338       0x30 CMakeFiles/blink.dir/Users/ludvignorin/ws/pico-sdk/src/rp2_common/pico_platform_panic/panic.c.o
                0x10000338                panic
 .text.hw_claim_or_assert
                0x10000368       0x44 CMakeFiles/blink.dir/Users/ludvignorin/ws/pico-sdk/src/common/hardware_claim/claim.c.o
                0x10000368                hw_claim_or_assert
 .text.next_striped_spin_lock_num
                0x100003ac       0x18 CMakeFiles/blink.dir/Users/ludvignorin/ws/pico-sdk/src/rp2_common/hardware_sync/sync.c.o
                0x100003ac                next_striped_spin_lock_num
 .text.spin_locks_reset
                0x100003c4       0x1c CMakeFiles/blink.dir/Users/ludvignorin/ws/pico-sdk/src/rp2_common/hardware_sync_spin_lock/sync_spin_lock.c.o
                0x100003c4                spin_locks_reset
 .text.runtime_init_per_core_irq_priorities
                0x100003e0       0x24 CMakeFiles/blink.dir/Users/ludvignorin/ws/pico-sdk/src/rp2_common/hardware_irq/irq.c.o
                0x100003e0                runtime_init_per_core_irq_priorities
 .text.irq_set_enabled
                0x10000404       0x24 CMakeFiles/blink.dir/Users/ludvignorin/ws/pico-sdk/src/rp2_common/hardware_irq/irq.c.o
                0x10000404                irq_set_enabled
 .text.irq_set_exclusive_handler
                0x10000428       0x54 CMakeFiles/blink.dir/Users/ludvignorin/ws/pico-sdk/src/rp2_common/hardware_irq/irq.c.o
                0x10000428                irq_set_exclusive_handler
 .text.lock_init
                0x1000047c       0x10 CMakeFiles/blink.dir/Users/ludvignorin/ws/pico-sdk/src/common/pico_sync/lock_core.c.o
                0x1000047c                lock_init
 .text.runtime_init_mutex
                0x1000048c       0x50 CMakeFiles/blink.dir/Users/ludvignorin/ws/pico-sdk/src/common/pico_sync/mutex.c.o
                0x1000048c                runtime_init_mutex
 .text.sleep_until_callback
                0x100004dc       0x30 CMakeFiles/blink.dir/Users/ludvignorin/ws/pico-sdk/src/common/pico_time/time.c.o
 .text.alarm_pool_irq_handler
                0x1000050c      0x2fc CMakeFiles/blink.dir/Users/ludvignorin/ws/pico-sdk/src/common/pico_time/time.c.o
 .text.runtime_init_default_alarm_pool
                0x10000808       0xdc CMakeFiles/blink.dir/Users/ludvignorin/ws/pico-sdk/src/common/pico_time/time.c.o
                0x10000808                runtime_init_default_alarm_pool
 .text.alarm_pool_add_alarm_at_force_in_context
                0x100008e4       0xb0 CMakeFiles/blink.dir/Users/ludvignorin/ws/pico-sdk/src/common/pico_time/time.c.o
                0x100008e4                alarm_pool_add_alarm_at_force_in_context
 .text.alarm_pool_cancel_alarm
                0x10000994       0x74 CMakeFiles/blink.dir/Users/ludvignorin/ws/pico-sdk/src/common/pico_time/time.c.o
                0x10000994                alarm_pool_cancel_alarm
 .text.sleep_until
                0x10000a08       0xd8 CMakeFiles/blink.dir/Users/ludvignorin/ws/pico-sdk/src/common/pico_time/time.c.o
                0x10000a08                sleep_until
 .text.sleep_ms
                0x10000ae0       0x38 CMakeFiles/blink.dir/Users/ludvignorin/ws/pico-sdk/src/common/pico_time/time.c.o
                0x10000ae0                sleep_ms
 .text.best_effort_wfe_or_timeout
                0x10000b18       0xf8 CMakeFiles/blink.dir/Users/ludvignorin/ws/pico-sdk/src/common/pico_time/time.c.o
                0x10000b18                best_effort_wfe_or_timeout
 .text.timer_hardware_alarm_claim
                0x10000c10       0x14 CMakeFiles/blink.dir/Users/ludvignorin/ws/pico-sdk/src/rp2_common/hardware_timer/timer.c.o
                0x10000c10                timer_hardware_alarm_claim
 .text.timer_time_us_64
                0x10000c24       0x10 CMakeFiles/blink.dir/Users/ludvignorin/ws/pico-sdk/src/rp2_common/hardware_timer/timer.c.o
                0x10000c24                timer_time_us_64
 .text.time_us_64
                0x10000c34       0x14 CMakeFiles/blink.dir/Users/ludvignorin/ws/pico-sdk/src/rp2_common/hardware_timer/timer.c.o
                0x10000c34                time_us_64
 .text.busy_wait_until
                0x10000c48       0x20 CMakeFiles/blink.dir/Users/ludvignorin/ws/pico-sdk/src/rp2_common/hardware_timer/timer.c.o
                0x10000c48                busy_wait_until
 .text.clock_configure_int_divider
                0x10000c68       0xf4 CMakeFiles/blink.dir/Users/ludvignorin/ws/pico-sdk/src/rp2_common/hardware_clocks/clocks.c.o
                0x10000c68                clock_configure_int_divider
 .text.clock_configure_undivided
                0x10000d5c       0xe8 CMakeFiles/blink.dir/Users/ludvignorin/ws/pico-sdk/src/rp2_common/hardware_clocks/clocks.c.o
                0x10000d5c                clock_configure_undivided
 .text.clock_get_hz
                0x10000e44        0xc CMakeFiles/blink.dir/Users/ludvignorin/ws/pico-sdk/src/rp2_common/hardware_clocks/clocks.c.o
                0x10000e44                clock_get_hz
 .text.pll_init
                0x10000e50       0xa4 CMakeFiles/blink.dir/Users/ludvignorin/ws/pico-sdk/src/rp2_common/hardware_pll/pll.c.o
                0x10000e50                pll_init
 .text.tick_start
                0x10000ef4       0x10 CMakeFiles/blink.dir/Users/ludvignorin/ws/pico-sdk/src/rp2_common/hardware_ticks/ticks.c.o
                0x10000ef4                tick_start
 .text.rom_func_lookup
                0x10000f04       0x10 CMakeFiles/blink.dir/Users/ludvignorin/ws/pico-sdk/src/rp2_common/pico_bootrom/bootrom.c.o
                0x10000f04                rom_func_lookup
 .text.rom_data_lookup
                0x10000f14       0x10 CMakeFiles/blink.dir/Users/ludvignorin/ws/pico-sdk/src/rp2_common/pico_bootrom/bootrom.c.o
                0x10000f14                rom_data_lookup
 .text.rom_funcs_lookup
                0x10000f24       0x44 CMakeFiles/blink.dir/Users/ludvignorin/ws/pico-sdk/src/rp2_common/pico_bootrom/bootrom.c.o
                0x10000f24                rom_funcs_lookup
 .text.xosc_init
                0x10000f68       0x28 CMakeFiles/blink.dir/Users/ludvignorin/ws/pico-sdk/src/rp2_common/hardware_xosc/xosc.c.o
                0x10000f68                xosc_init
 .text.first_per_core_initializer
                0x10000f90        0x4 CMakeFiles/blink.dir/Users/ludvignorin/ws/pico-sdk/src/rp2_common/pico_runtime/runtime.c.o
 .text.hard_assertion_failure
                0x10000f94        0xc CMakeFiles/blink.dir/Users/ludvignorin/ws/pico-sdk/src/rp2_common/pico_runtime/runtime.c.o
                0x10000f94                hard_assertion_failure
 .text.runtime_run_initializers
                0x10000fa0       0x28 CMakeFiles/blink.dir/Users/ludvignorin/ws/pico-sdk/src/rp2_common/pico_runtime/runtime.c.o
                0x10000fa0                runtime_run_initializers
 .text.runtime_init_early_resets
                0x10000fc8       0x2c CMakeFiles/blink.dir/Users/ludvignorin/ws/pico-sdk/src/rp2_common/pico_runtime_init/runtime_init.c.o
                0x10000fc8                runtime_init_early_resets
 .text.runtime_init_usb_power_down
                0x10000ff4       0x1c CMakeFiles/blink.dir/Users/ludvignorin/ws/pico-sdk/src/rp2_common/pico_runtime_init/runtime_init.c.o
                0x10000ff4                runtime_init_usb_power_down
 .text.runtime_init_post_clock_resets
                0x10001010       0x20 CMakeFiles/blink.dir/Users/ludvignorin/ws/pico-sdk/src/rp2_common/pico_runtime_init/runtime_init.c.o
                0x10001010                runtime_init_post_clock_resets
 .text.runtime_init_rp2040_gpio_ie_disable
                0x10001030       0x14 CMakeFiles/blink.dir/Users/ludvignorin/ws/pico-sdk/src/rp2_common/pico_runtime_init/runtime_init.c.o
                0x10001030                runtime_init_rp2040_gpio_ie_disable
 .text.runtime_init_spin_locks_reset
                0x10001044        0x8 CMakeFiles/blink.dir/Users/ludvignorin/ws/pico-sdk/src/rp2_common/pico_runtime_init/runtime_init.c.o
                0x10001044                runtime_init_spin_locks_reset
 .text.runtime_init_install_ram_vector_table
                0x1000104c       0x1c CMakeFiles/blink.dir/Users/ludvignorin/ws/pico-sdk/src/rp2_common/pico_runtime_init/runtime_init.c.o
                0x1000104c                runtime_init_install_ram_vector_table
 .text.runtime_init_clocks
                0x10001068       0xd8 CMakeFiles/blink.dir/Users/ludvignorin/ws/pico-sdk/src/rp2_common/pico_runtime_init/runtime_init_clocks.c.o
                0x10001068                runtime_init_clocks
 .text          0x10001140       0x10 CMakeFiles/blink.dir/Users/ludvignorin/ws/pico-sdk/src/rp2_common/pico_bit_ops/bit_ops_aeabi.S.o
 .text.__wrap___aeabi_uidiv
                0x10001150       0x4c CMakeFiles/blink.dir/Users/ludvignorin/ws/pico-sdk/src/rp2_common/pico_divider/divider_hardware.S.o
                0x10001150                __wrap___aeabi_uidiv
                0x10001150                __wrap___aeabi_uidivmod
                0x10001150                div_u32u32
                0x10001150                divmod_u32u32
                0x10001158                divmod_u32u32_unsafe
                0x10001180                divmod_u32u32_savestate
 .text.missing_double_func_shim
                0x1000119c        0xc CMakeFiles/blink.dir/Users/ludvignorin/ws/pico-sdk/src/rp2_common/pico_double/double_init_rom_rp2040.c.o
 .text.__aeabi_double_init
                0x100011a8       0xa0 CMakeFiles/blink.dir/Users/ludvignorin/ws/pico-sdk/src/rp2_common/pico_double/double_init_rom_rp2040.c.o
                0x100011a8                __aeabi_double_init
 .text.double_table_shim_on_use_helper
                0x10001248       0x2c CMakeFiles/blink.dir/Users/ludvignorin/ws/pico-sdk/src/rp2_common/pico_double/double_v1_rom_shim_rp2040.S.o
                0x10001248                double_table_shim_on_use_helper
 .text.__aeabi_lmul
                0x10001274       0x32 CMakeFiles/blink.dir/Users/ludvignorin/ws/pico-sdk/src/rp2_common/pico_int64_ops/pico_int64_ops_aeabi.S.o
                0x10001274                __wrap___aeabi_lmul
 *fill*         0x100012a6        0x2 
 .text.missing_float_func_shim
                0x100012a8        0xc CMakeFiles/blink.dir/Users/ludvignorin/ws/pico-sdk/src/rp2_common/pico_float/float_init_rom_rp2040.c.o
 .text.__aeabi_float_init
                0x100012b4       0x5c CMakeFiles/blink.dir/Users/ludvignorin/ws/pico-sdk/src/rp2_common/pico_float/float_init_rom_rp2040.c.o
                0x100012b4                __aeabi_float_init
 .text          0x10001310       0x10 CMakeFiles/blink.dir/Users/ludvignorin/ws/pico-sdk/src/rp2_common/pico_mem_ops/mem_ops_aeabi.S.o
                0x10001310                __aeabi_mem_init
 .text.memcpy   0x10001320        0xc CMakeFiles/blink.dir/Users/ludvignorin/ws/pico-sdk/src/rp2_common/pico_mem_ops/mem_ops_aeabi.S.o
                0x10001320                __wrap___aeabi_memcpy
                0x10001320                __wrap_memcpy
 .text._out_char
                0x1000132c       0x10 CMakeFiles/blink.dir/Users/ludvignorin/ws/pico-sdk/src/rp2_common/pico_printf/printf.c.o
 .text.weak_raw_vprintf
                0x1000133c       0x30 CMakeFiles/blink.dir/Users/ludvignorin/ws/pico-sdk/src/rp2_common/pico_printf/printf.c.o
                0x1000133c                weak_raw_vprintf
 .text._exit    0x1000136c        0x4 CMakeFiles/blink.dir/Users/ludvignorin/ws/pico-sdk/src/rp2_common/pico_clib_interface/newlib_interface.c.o
                0x1000136c                _exit
 .text.exit     0x10001370        0x8 CMakeFiles/blink.dir/Users/ludvignorin/ws/pico-sdk/src/rp2_common/pico_clib_interface/newlib_interface.c.o
                0x10001370                exit
 .text.runtime_init
                0x10001378       0x2c CMakeFiles/blink.dir/Users/ludvignorin/ws/pico-sdk/src/rp2_common/pico_clib_interface/newlib_interface.c.o
                0x10001378                runtime_init
 .text.stdio_out_chars_no_crlf
                0x100013a4       0x10 CMakeFiles/blink.dir/Users/ludvignorin/ws/pico-sdk/src/rp2_common/pico_stdio/stdio.c.o
 .text.stdio_out_chars_crlf
                0x100013b4       0x94 CMakeFiles/blink.dir/Users/ludvignorin/ws/pico-sdk/src/rp2_common/pico_stdio/stdio.c.o
 .text.stdio_put_string
                0x10001448      0x100 CMakeFiles/blink.dir/Users/ludvignorin/ws/pico-sdk/src/rp2_common/pico_stdio/stdio.c.o
                0x10001448                stdio_put_string
 .text.__wrap_putchar
                0x10001548       0x98 CMakeFiles/blink.dir/Users/ludvignorin/ws/pico-sdk/src/rp2_common/pico_stdio/stdio.c.o
                0x10001548                stdio_putchar
                0x10001548                __wrap_putchar
 .text.__wrap_puts
                0x100015e0       0x3c CMakeFiles/blink.dir/Users/ludvignorin/ws/pico-sdk/src/rp2_common/pico_stdio/stdio.c.o
                0x100015e0                __wrap_puts
                0x100015e0                stdio_puts
 .text.strlen   0x1000161c       0x5c /Applications/ArmGNUToolchain/13.3.rel1/arm-none-eabi/bin/../lib/gcc/arm-none-eabi/13.3.1/../../../../arm-none-eabi/lib/thumb/v6-m/nofp/libg.a(libc_a-strlen-stub.o)
                0x1000161c                strlen
 *(.fini)
 .fini          0x10001678        0x4 /Applications/ArmGNUToolchain/13.3.rel1/arm-none-eabi/bin/../lib/gcc/arm-none-eabi/13.3.1/thumb/v6-m/nofp/crti.o
                0x10001678                _fini
 *fill*         0x1000167c        0x4 
 .fini.__stub   0x10001680       0x30 linker stubs
 *crtbegin.o(.ctors)
 *crtbegin?.o(.ctors)
 *(EXCLUDE_FILE(*crtend.o *crtend?.o) .ctors)
 *(SORT_BY_NAME(.ctors.*))
 *(.ctors)
 *crtbegin.o(.dtors)
 *crtbegin?.o(.dtors)
 *(EXCLUDE_FILE(*crtend.o *crtend?.o) .dtors)
 *(SORT_BY_NAME(.dtors.*))
 *(.dtors)
                0x100016b0                        . = ALIGN (0x4)
                0x100016b0                        PROVIDE (__preinit_array_start = .)
 *(SORT_BY_NAME(.preinit_array.*))
 .preinit_array.00100
                0x100016b0        0x4 CMakeFiles/blink.dir/Users/ludvignorin/ws/pico-sdk/src/rp2_common/pico_runtime_init/runtime_init.c.o
                0x100016b0                __pre_init_runtime_init_early_resets
 .preinit_array.00101
                0x100016b4        0x4 CMakeFiles/blink.dir/Users/ludvignorin/ws/pico-sdk/src/rp2_common/pico_runtime_init/runtime_init.c.o
                0x100016b4                __pre_init_runtime_init_usb_power_down
 .preinit_array.00275
                0x100016b8        0x4 CMakeFiles/blink.dir/Users/ludvignorin/ws/pico-sdk/src/rp2_common/pico_bit_ops/bit_ops_aeabi.S.o
 .preinit_array.00300
                0x100016bc        0x4 CMakeFiles/blink.dir/Users/ludvignorin/ws/pico-sdk/src/rp2_common/pico_mem_ops/mem_ops_aeabi.S.o
 .preinit_array.00350
                0x100016c0        0x4 CMakeFiles/blink.dir/Users/ludvignorin/ws/pico-sdk/src/rp2_common/pico_double/double_aeabi_rp2040.S.o
 .preinit_array.00350
                0x100016c4        0x4 CMakeFiles/blink.dir/Users/ludvignorin/ws/pico-sdk/src/rp2_common/pico_float/float_aeabi_rp2040.S.o
 .preinit_array.00500
                0x100016c8        0x4 CMakeFiles/blink.dir/Users/ludvignorin/ws/pico-sdk/src/rp2_common/pico_runtime_init/runtime_init.c.o
                0x100016c8                __pre_init_runtime_init_clocks
 .preinit_array.00600
                0x100016cc        0x4 CMakeFiles/blink.dir/Users/ludvignorin/ws/pico-sdk/src/rp2_common/pico_runtime_init/runtime_init.c.o
                0x100016cc                __pre_init_runtime_init_post_clock_resets
 .preinit_array.00700
                0x100016d0        0x4 CMakeFiles/blink.dir/Users/ludvignorin/ws/pico-sdk/src/rp2_common/pico_runtime_init/runtime_init.c.o
                0x100016d0                __pre_init_runtime_init_rp2040_gpio_ie_disable
 .preinit_array.01000
                0x100016d4        0x4 CMakeFiles/blink.dir/Users/ludvignorin/ws/pico-sdk/src/rp2_common/pico_runtime_init/runtime_init.c.o
                0x100016d4                __pre_init_runtime_init_spin_locks_reset
 .preinit_array.01100
                0x100016d8        0x4 CMakeFiles/blink.dir/Users/ludvignorin/ws/pico-sdk/src/common/pico_sync/mutex.c.o
                0x100016d8                __pre_init_runtime_init_mutex
 .preinit_array.10080
                0x100016dc        0x4 CMakeFiles/blink.dir/Users/ludvignorin/ws/pico-sdk/src/rp2_common/pico_runtime_init/runtime_init.c.o
                0x100016dc                __pre_init_runtime_init_install_ram_vector_table
 .preinit_array.11000
                0x100016e0        0x4 CMakeFiles/blink.dir/Users/ludvignorin/ws/pico-sdk/src/common/pico_time/time.c.o
                0x100016e0                __pre_init_runtime_init_default_alarm_pool
 .preinit_array.YYYYY
                0x100016e4        0x4 CMakeFiles/blink.dir/Users/ludvignorin/ws/pico-sdk/src/rp2_common/pico_runtime/runtime.c.o
                0x100016e4                __pre_init_first_per_core_initializer
 .preinit_array.ZZZZZ.01200
                0x100016e8        0x4 CMakeFiles/blink.dir/Users/ludvignorin/ws/pico-sdk/src/rp2_common/hardware_irq/irq.c.o
                0x100016e8                __pre_init_runtime_init_per_core_irq_priorities
 *(.preinit_array)
                0x100016ec                        PROVIDE (__preinit_array_end = .)
                0x100016ec                        . = ALIGN (0x4)
                0x100016ec                        PROVIDE (__init_array_start = .)
 *(SORT_BY_NAME(.init_array.*))
 *(.init_array)
 .init_array    0x100016ec        0x4 /Applications/ArmGNUToolchain/13.3.rel1/arm-none-eabi/bin/../lib/gcc/arm-none-eabi/13.3.1/thumb/v6-m/nofp/crtbegin.o
                0x100016f0                        PROVIDE (__init_array_end = .)
                0x100016f0                        . = ALIGN (0x4)
                [!provide]                        PROVIDE (__fini_array_start = .)
 *(SORT_BY_NAME(.fini_array.*))
 *(.fini_array)
                [!provide]                        PROVIDE (__fini_array_end = .)
 *(.eh_frame*)
 .eh_frame      0x100016f0        0x0 /Applications/ArmGNUToolchain/13.3.rel1/arm-none-eabi/bin/../lib/gcc/arm-none-eabi/13.3.1/thumb/v6-m/nofp/crtbegin.o
                0x100016f0                        . = ALIGN (0x4)

.glue_7         0x100016f0        0x0
 .glue_7        0x100016f0        0x0 linker stubs

.glue_7t        0x100016f0        0x0
 .glue_7t       0x100016f0        0x0 linker stubs

.vfp11_veneer   0x100016f0        0x0
 .vfp11_veneer  0x100016f0        0x0 linker stubs

.v4_bx          0x100016f0        0x0
 .v4_bx         0x100016f0        0x0 linker stubs

.iplt           0x100016f0        0x0
 .iplt          0x100016f0        0x0 /Applications/ArmGNUToolchain/13.3.rel1/arm-none-eabi/bin/../lib/gcc/arm-none-eabi/13.3.1/thumb/v6-m/nofp/crtbegin.o

.rodata         0x100016f0       0xf4
 *(EXCLUDE_FILE(*libm.a: *libc.a:*lib_a-mem*.o *libgcc.a:) .rodata*)
 .rodata.panic.str1.4
                0x100016f0       0x9c CMakeFiles/blink.dir/Users/ludvignorin/ws/pico-sdk/src/rp2_common/pico_platform_panic/panic.c.o
                                 0x12 (size before relaxing)
 .rodata.timer_hardware_alarm_claim.str1.4
                0x1000178c       0x22 CMakeFiles/blink.dir/Users/ludvignorin/ws/pico-sdk/src/rp2_common/hardware_timer/timer.c.o
 .rodata.hard_assertion_failure.str1.4
                0x1000178c        0xc CMakeFiles/blink.dir/Users/ludvignorin/ws/pico-sdk/src/rp2_common/pico_runtime/runtime.c.o
 .rodata.missing_double_func_shim.str1.4
                0x1000178c       0x18 CMakeFiles/blink.dir/Users/ludvignorin/ws/pico-sdk/src/rp2_common/pico_double/double_init_rom_rp2040.c.o
 .rodata.missing_float_func_shim.str1.4
                0x1000178c        0x1 CMakeFiles/blink.dir/Users/ludvignorin/ws/pico-sdk/src/rp2_common/pico_float/float_init_rom_rp2040.c.o
 .rodata.str1.4
                0x1000178c       0x3c CMakeFiles/blink.dir/Users/ludvignorin/ws/pico-sdk/src/rp2_common/pico_standard_binary_info/standard_binary_info.c.o
 .rodata.__bi_84
                0x1000178c        0xc CMakeFiles/blink.dir/Users/ludvignorin/ws/pico-sdk/src/rp2_common/pico_standard_binary_info/standard_binary_info.c.o
 .rodata.__bi_78
                0x10001798        0xc CMakeFiles/blink.dir/Users/ludvignorin/ws/pico-sdk/src/rp2_common/pico_standard_binary_info/standard_binary_info.c.o
 .rodata.__bi_54
                0x100017a4        0xc CMakeFiles/blink.dir/Users/ludvignorin/ws/pico-sdk/src/rp2_common/pico_standard_binary_info/standard_binary_info.c.o
 .rodata.__bi_48
                0x100017b0        0xc CMakeFiles/blink.dir/Users/ludvignorin/ws/pico-sdk/src/rp2_common/pico_standard_binary_info/standard_binary_info.c.o
 .rodata.__bi_42
                0x100017bc        0xc CMakeFiles/blink.dir/Users/ludvignorin/ws/pico-sdk/src/rp2_common/pico_standard_binary_info/standard_binary_info.c.o
 .rodata.__bi_34
                0x100017c8        0xc CMakeFiles/blink.dir/Users/ludvignorin/ws/pico-sdk/src/rp2_common/pico_standard_binary_info/standard_binary_info.c.o
 .rodata.__bi_26
                0x100017d4        0xc CMakeFiles/blink.dir/Users/ludvignorin/ws/pico-sdk/src/rp2_common/pico_standard_binary_info/standard_binary_info.c.o
 .rodata.crlf_str.0
                0x100017e0        0x2 CMakeFiles/blink.dir/Users/ludvignorin/ws/pico-sdk/src/rp2_common/pico_stdio/stdio.c.o
                0x100017e4                        . = ALIGN (0x4)
 *fill*         0x100017e2        0x2 
 *(SORT_BY_ALIGNMENT(SORT_BY_NAME(.flashdata*)))
                0x100017e4                        . = ALIGN (0x4)

.ARM.extab
 *(.ARM.extab* .gnu.linkonce.armextab.*)
                0x100017e4                        __exidx_start = .

.ARM.exidx
 *(.ARM.exidx* .gnu.linkonce.armexidx.*)
                0x100017e4                        __exidx_end = .
                0x100017e4                        . = ALIGN (0x4)
                0x100017e4                        __binary_info_start = .

.binary_info    0x100017e4       0x1c
 *(.binary_info.keep.*)
 .binary_info.keep.__bi_ptr84
                0x100017e4        0x4 CMakeFiles/blink.dir/Users/ludvignorin/ws/pico-sdk/src/rp2_common/pico_standard_binary_info/standard_binary_info.c.o
 .binary_info.keep.__bi_ptr78
                0x100017e8        0x4 CMakeFiles/blink.dir/Users/ludvignorin/ws/pico-sdk/src/rp2_common/pico_standard_binary_info/standard_binary_info.c.o
 .binary_info.keep.__bi_ptr54
                0x100017ec        0x4 CMakeFiles/blink.dir/Users/ludvignorin/ws/pico-sdk/src/rp2_common/pico_standard_binary_info/standard_binary_info.c.o
 .binary_info.keep.__bi_ptr48
                0x100017f0        0x4 CMakeFiles/blink.dir/Users/ludvignorin/ws/pico-sdk/src/rp2_common/pico_standard_binary_info/standard_binary_info.c.o
 .binary_info.keep.__bi_ptr42
                0x100017f4        0x4 CMakeFiles/blink.dir/Users/ludvignorin/ws/pico-sdk/src/rp2_common/pico_standard_binary_info/standard_binary_info.c.o
 .binary_info.keep.__bi_ptr34
                0x100017f8        0x4 CMakeFiles/blink.dir/Users/ludvignorin/ws/pico-sdk/src/rp2_common/pico_standard_binary_info/standard_binary_info.c.o
 .binary_info.keep.__bi_ptr26
                0x100017fc        0x4 CMakeFiles/blink.dir/Users/ludvignorin/ws/pico-sdk/src/rp2_common/pico_standard_binary_info/standard_binary_info.c.o
 *(.binary_info.*)
                0x10001800                        __binary_info_end = .

.rel.dyn        0x10001800        0x0
 .rel.iplt      0x10001800        0x0 /Applications/ArmGNUToolchain/13.3.rel1/arm-none-eabi/bin/../lib/gcc/arm-none-eabi/13.3.1/thumb/v6-m/nofp/crtbegin.o
                0x10001800                        . = ALIGN (0x4)

.ram_vector_table
                0x20000000       0xc0
 *(.ram_vector_table)
 .ram_vector_table
                0x20000000       0xc0 CMakeFiles/blink.dir/Users/ludvignorin/ws/pico-sdk/src/rp2_common/pico_runtime_init/runtime_init.c.o
                0x20000000                ram_vector_table

.uninitialized_data
                0x200000c0        0x0
                0x200000c0                        . = ALIGN (0x4)
 *(.uninitialized_data*)

.data           0x200000c0      0x128 load address 0x10001800
                0x200000c0                        __data_start__ = .
 *(vtable)
 *(.time_critical*)
 .time_critical.mutex_try_enter_block_until
                0x200000c0       0x9c CMakeFiles/blink.dir/Users/ludvignorin/ws/pico-sdk/src/common/pico_sync/mutex.c.o
                0x200000c0                mutex_try_enter_block_until
 .time_critical.mutex_exit
                0x2000015c       0x28 CMakeFiles/blink.dir/Users/ludvignorin/ws/pico-sdk/src/common/pico_sync/mutex.c.o
                0x2000015c                mutex_exit
 *(.text*)
 .text          0x20000184        0x4 /Applications/ArmGNUToolchain/13.3.rel1/arm-none-eabi/bin/../lib/gcc/arm-none-eabi/13.3.1/thumb/v6-m/nofp/libgcc.a(_dvmd_tls.o)
                0x20000184                __aeabi_ldiv0
                0x20000184                __aeabi_idiv0
 .text.__stub   0x20000188       0x10 linker stubs
                0x20000198                        . = ALIGN (0x4)
 *(.rodata*)
                0x20000198                        . = ALIGN (0x4)
 *(.data*)
 .data.striped_spin_lock_num
                0x20000198        0x1 CMakeFiles/blink.dir/Users/ludvignorin/ws/pico-sdk/src/rp2_common/hardware_sync/sync.c.o
 *fill*         0x20000199        0x3 
 .data.default_alarm_pool
                0x2000019c       0x18 CMakeFiles/blink.dir/Users/ludvignorin/ws/pico-sdk/src/common/pico_time/time.c.o
 *fill*         0x200001b4        0xc 
 .data.aeabi_bits_funcs
                0x200001c0       0x10 CMakeFiles/blink.dir/Users/ludvignorin/ws/pico-sdk/src/rp2_common/pico_bit_ops/bit_ops_aeabi.S.o
                0x200001c0                aeabi_bits_funcs
                0x200001d0                aeabi_bits_funcs_end
 .data.aeabi_mem_funcs
                0x200001d0       0x10 CMakeFiles/blink.dir/Users/ludvignorin/ws/pico-sdk/src/rp2_common/pico_mem_ops/mem_ops_aeabi.S.o
                0x200001d0                aeabi_mem_funcs
                0x200001e0                aeabi_mem_funcs_end
                0x200001e0                        . = ALIGN (0x4)
 *(.after_data.*)
                0x200001e0                        . = ALIGN (0x4)
                0x200001e0                        PROVIDE (__mutex_array_start = .)
 *(SORT_BY_NAME(.mutex_array.*))
 *(.mutex_array)
 .mutex_array   0x200001e0        0x8 CMakeFiles/blink.dir/Users/ludvignorin/ws/pico-sdk/src/rp2_common/pico_stdio/stdio.c.o
                0x200001e8                        PROVIDE (__mutex_array_end = .)
                0x200001e8                        . = ALIGN (0x4)
 *(.jcr)
                0x200001e8                        . = ALIGN (0x4)

.tm_clone_table
                0x200001e8        0x0 load address 0x10001928
 .tm_clone_table
                0x200001e8        0x0 /Applications/ArmGNUToolchain/13.3.rel1/arm-none-eabi/bin/../lib/gcc/arm-none-eabi/13.3.1/thumb/v6-m/nofp/crtbegin.o
 .tm_clone_table
                0x200001e8        0x0 /Applications/ArmGNUToolchain/13.3.rel1/arm-none-eabi/bin/../lib/gcc/arm-none-eabi/13.3.1/thumb/v6-m/nofp/crtend.o

.igot.plt       0x200001e8        0x0 load address 0x10001928
 .igot.plt      0x200001e8        0x0 /Applications/ArmGNUToolchain/13.3.rel1/arm-none-eabi/bin/../lib/gcc/arm-none-eabi/13.3.1/thumb/v6-m/nofp/crtbegin.o

.tdata          0x200001e8        0x0 load address 0x10001928
                0x200001e8                        . = ALIGN (0x4)
 *(.tdata .tdata.* .gnu.linkonce.td.*)
                0x200001e8                        __tdata_end = .
                0x200001e8                        PROVIDE (__data_end__ = .)
                0x10001800                        __etext = LOADADDR (.data)

.tbss           0x200001e8        0x0 load address 0x10001928
                0x200001e8                        . = ALIGN (0x4)
                0x200001e8                        __bss_start__ = .
                0x200001e8                        __tls_base = .
 *(.tbss .tbss.* .gnu.linkonce.tb.*)
 *(.tcommon)
                0x200001e8                        __tls_end = .

.bss            0x200001e8      0x3e8 load address 0x10001928
                0x200001e8                        . = ALIGN (0x4)
                0x200001e8                        __tbss_end = .
 *(SORT_BY_ALIGNMENT(SORT_BY_NAME(.bss*)))
 .bss.default_alarm_pool_entries
                0x200001e8      0x180 CMakeFiles/blink.dir/Users/ludvignorin/ws/pico-sdk/src/common/pico_time/time.c.o
 .bss.sd_table  0x20000368      0x100 CMakeFiles/blink.dir/Users/ludvignorin/ws/pico-sdk/src/rp2_common/pico_double/double_init_rom_rp2040.c.o
                0x20000368                sd_table
 .bss.claimed   0x20000468        0x1 CMakeFiles/blink.dir/Users/ludvignorin/ws/pico-sdk/src/rp2_common/hardware_timer/timer.c.o
 *fill*         0x20000469        0x3 
 .bss.configured_freq
                0x2000046c       0x28 CMakeFiles/blink.dir/Users/ludvignorin/ws/pico-sdk/src/rp2_common/hardware_clocks/clocks.c.o
 .bss.drivers   0x20000494        0x4 CMakeFiles/blink.dir/Users/ludvignorin/ws/pico-sdk/src/rp2_common/pico_stdio/stdio.c.o
 .bss.filter    0x20000498        0x4 CMakeFiles/blink.dir/Users/ludvignorin/ws/pico-sdk/src/rp2_common/pico_stdio/stdio.c.o
 .bss.lazy_vsnprintf
                0x2000049c        0x4 CMakeFiles/blink.dir/Users/ludvignorin/ws/pico-sdk/src/rp2_common/pico_printf/printf.c.o
 .bss.object.0  0x200004a0       0x18 /Applications/ArmGNUToolchain/13.3.rel1/arm-none-eabi/bin/../lib/gcc/arm-none-eabi/13.3.1/thumb/v6-m/nofp/crtbegin.o
 .bss.pools     0x200004b8       0x10 CMakeFiles/blink.dir/Users/ludvignorin/ws/pico-sdk/src/common/pico_time/time.c.o
 .bss.sf_clz_func
                0x200004c8        0x4 CMakeFiles/blink.dir/Users/ludvignorin/ws/pico-sdk/src/rp2_common/pico_double/double_init_rom_rp2040.c.o
                0x200004c8                sf_clz_func
 .bss.sf_table  0x200004cc      0x100 CMakeFiles/blink.dir/Users/ludvignorin/ws/pico-sdk/src/rp2_common/pico_float/float_init_rom_rp2040.c.o
                0x200004cc                sf_table
 .bss.sleep_notifier
                0x200005cc        0x4 CMakeFiles/blink.dir/Users/ludvignorin/ws/pico-sdk/src/common/pico_time/time.c.o
 *(COMMON)
                0x200005d0                        . = ALIGN (0x4)
                0x200005d0                        __bss_end__ = .

.heap           0x200005d0      0x800 load address 0x10001928
                0x200005d0                        __end__ = .
                0x200005d0                        end = __end__
 *(.heap*)
 .heap          0x200005d0      0x800 CMakeFiles/blink.dir/Users/ludvignorin/ws/pico-sdk/src/rp2_common/pico_crt0/crt0.S.o
                0x20040000                        __HeapLimit = (ORIGIN (RAM) + LENGTH (RAM))

.scratch_x      0x20040000        0x0 load address 0x10001928
                0x20040000                        __scratch_x_start__ = .
 *(.scratch_x.*)
                0x20040000                        . = ALIGN (0x4)
                0x20040000                        __scratch_x_end__ = .
                0x10001928                        __scratch_x_source__ = LOADADDR (.scratch_x)

.scratch_y      0x20041000        0x0 load address 0x10001928
                0x20041000                        __scratch_y_start__ = .
 *(.scratch_y.*)
                0x20041000                        . = ALIGN (0x4)
                0x20041000                        __scratch_y_end__ = .
                0x10001928                        __scratch_y_source__ = LOADADDR (.scratch_y)

.stack1_dummy
 *(.stack1*)

.stack_dummy    0x20041000      0x800
 *(.stack*)
 .stack         0x20041000      0x800 CMakeFiles/blink.dir/Users/ludvignorin/ws/pico-sdk/src/rp2_common/pico_crt0/crt0.S.o

.flash_end      0x10001928        0x0
 *(.embedded_end_block*)
                0x10001928                        PROVIDE (__flash_binary_end = .)
                0x20040000                        __StackLimit = (ORIGIN (RAM) + LENGTH (RAM))
                0x20041000                        __StackOneTop = (ORIGIN (SCRATCH_X) + LENGTH (SCRATCH_X))
                0x20042000                        __StackTop = (ORIGIN (SCRATCH_Y) + LENGTH (SCRATCH_Y))
                0x20041000                        __StackOneBottom = (__StackOneTop - SIZEOF (.stack1_dummy))
                0x20041800                        __StackBottom = (__StackTop - SIZEOF (.stack_dummy))
                0x20042000                        PROVIDE (__stack = __StackTop)
                [!provide]                        PROVIDE (__heap_start = __end__)
                [!provide]                        PROVIDE (__heap_end = __HeapLimit)
                [!provide]                        PROVIDE (__tls_align = MAX (ALIGNOF (.tdata), ALIGNOF (.tbss)))
                [!provide]                        PROVIDE (__tls_size_align = (((__tls_size + __tls_align) - 0x1) & ~ ((__tls_align - 0x1))))
                [!provide]                        PROVIDE (__arm32_tls_tcb_offset = MAX (0x8, __tls_align))
                [!provide]                        PROVIDE (_end = __end__)
                [!provide]                        PROVIDE (__llvm_libc_heap_limit = __HeapLimit)
                0x00000001                        ASSERT ((__StackLimit >= __HeapLimit), region RAM overflowed)
                0x00000001                        ASSERT (((__binary_info_header_end - __logical_binary_start) <= 0x100), Binary info must be in first 256 bytes of the binary)
LOAD CMakeFiles/blink.dir/main2.cpp.o
LOAD CMakeFiles/blink.dir/Users/ludvignorin/ws/pico-sdk/src/rp2_common/pico_stdlib/stdlib.c.o
LOAD CMakeFiles/blink.dir/Users/ludvignorin/ws/pico-sdk/src/rp2_common/hardware_gpio/gpio.c.o
LOAD CMakeFiles/blink.dir/Users/ludvignorin/ws/pico-sdk/src/rp2040/pico_platform/platform.c.o
LOAD CMakeFiles/blink.dir/Users/ludvignorin/ws/pico-sdk/src/rp2_common/pico_platform_panic/panic.c.o
LOAD CMakeFiles/blink.dir/Users/ludvignorin/ws/pico-sdk/src/common/hardware_claim/claim.c.o
LOAD CMakeFiles/blink.dir/Users/ludvignorin/ws/pico-sdk/src/rp2_common/hardware_sync/sync.c.o
LOAD CMakeFiles/blink.dir/Users/ludvignorin/ws/pico-sdk/src/rp2_common/hardware_sync_spin_lock/sync_spin_lock.c.o
LOAD CMakeFiles/blink.dir/Users/ludvignorin/ws/pico-sdk/src/rp2_common/hardware_irq/irq.c.o
LOAD CMakeFiles/blink.dir/Users/ludvignorin/ws/pico-sdk/src/rp2_common/hardware_irq/irq_handler_chain.S.o
LOAD CMakeFiles/blink.dir/Users/ludvignorin/ws/pico-sdk/src/common/pico_sync/sem.c.o
LOAD CMakeFiles/blink.dir/Users/ludvignorin/ws/pico-sdk/src/common/pico_sync/lock_core.c.o
LOAD CMakeFiles/blink.dir/Users/ludvignorin/ws/pico-sdk/src/common/pico_sync/mutex.c.o
LOAD CMakeFiles/blink.dir/Users/ludvignorin/ws/pico-sdk/src/common/pico_sync/critical_section.c.o
LOAD CMakeFiles/blink.dir/Users/ludvignorin/ws/pico-sdk/src/common/pico_time/time.c.o
LOAD CMakeFiles/blink.dir/Users/ludvignorin/ws/pico-sdk/src/common/pico_time/timeout_helper.c.o
LOAD CMakeFiles/blink.dir/Users/ludvignorin/ws/pico-sdk/src/rp2_common/hardware_timer/timer.c.o
LOAD CMakeFiles/blink.dir/Users/ludvignorin/ws/pico-sdk/src/common/pico_util/datetime.c.o
LOAD CMakeFiles/blink.dir/Users/ludvignorin/ws/pico-sdk/src/common/pico_util/pheap.c.o
LOAD CMakeFiles/blink.dir/Users/ludvignorin/ws/pico-sdk/src/common/pico_util/queue.c.o
LOAD CMakeFiles/blink.dir/Users/ludvignorin/ws/pico-sdk/src/rp2_common/hardware_uart/uart.c.o
LOAD CMakeFiles/blink.dir/Users/ludvignorin/ws/pico-sdk/src/rp2_common/hardware_clocks/clocks.c.o
LOAD CMakeFiles/blink.dir/Users/ludvignorin/ws/pico-sdk/src/rp2_common/hardware_pll/pll.c.o
LOAD CMakeFiles/blink.dir/Users/ludvignorin/ws/pico-sdk/src/rp2_common/hardware_vreg/vreg.c.o
LOAD CMakeFiles/blink.dir/Users/ludvignorin/ws/pico-sdk/src/rp2_common/hardware_watchdog/watchdog.c.o
LOAD CMakeFiles/blink.dir/Users/ludvignorin/ws/pico-sdk/src/rp2_common/hardware_ticks/ticks.c.o
LOAD CMakeFiles/blink.dir/Users/ludvignorin/ws/pico-sdk/src/rp2_common/pico_bootrom/bootrom.c.o
LOAD CMakeFiles/blink.dir/Users/ludvignorin/ws/pico-sdk/src/rp2_common/pico_bootrom/bootrom_lock.c.o
LOAD CMakeFiles/blink.dir/Users/ludvignorin/ws/pico-sdk/src/rp2_common/hardware_boot_lock/boot_lock.c.o
LOAD CMakeFiles/blink.dir/Users/ludvignorin/ws/pico-sdk/src/rp2_common/pico_flash/flash.c.o
LOAD CMakeFiles/blink.dir/Users/ludvignorin/ws/pico-sdk/src/rp2_common/hardware_xosc/xosc.c.o
LOAD CMakeFiles/blink.dir/Users/ludvignorin/ws/pico-sdk/src/rp2_common/hardware_divider/divider.S.o
LOAD CMakeFiles/blink.dir/Users/ludvignorin/ws/pico-sdk/src/rp2_common/pico_runtime/runtime.c.o
LOAD CMakeFiles/blink.dir/Users/ludvignorin/ws/pico-sdk/src/rp2_common/pico_runtime_init/runtime_init.c.o
LOAD CMakeFiles/blink.dir/Users/ludvignorin/ws/pico-sdk/src/rp2_common/pico_runtime_init/runtime_init_clocks.c.o
LOAD CMakeFiles/blink.dir/Users/ludvignorin/ws/pico-sdk/src/rp2_common/pico_runtime_init/runtime_init_stack_guard.c.o
LOAD CMakeFiles/blink.dir/Users/ludvignorin/ws/pico-sdk/src/rp2_common/pico_bit_ops/bit_ops_aeabi.S.o
LOAD CMakeFiles/blink.dir/Users/ludvignorin/ws/pico-sdk/src/rp2_common/pico_divider/divider_hardware.S.o
LOAD CMakeFiles/blink.dir/Users/ludvignorin/ws/pico-sdk/src/rp2_common/pico_double/double_aeabi_rp2040.S.o
LOAD CMakeFiles/blink.dir/Users/ludvignorin/ws/pico-sdk/src/rp2_common/pico_double/double_init_rom_rp2040.c.o
LOAD CMakeFiles/blink.dir/Users/ludvignorin/ws/pico-sdk/src/rp2_common/pico_double/double_math.c.o
LOAD CMakeFiles/blink.dir/Users/ludvignorin/ws/pico-sdk/src/rp2_common/pico_double/double_v1_rom_shim_rp2040.S.o
LOAD CMakeFiles/blink.dir/Users/ludvignorin/ws/pico-sdk/src/rp2_common/pico_int64_ops/pico_int64_ops_aeabi.S.o
LOAD CMakeFiles/blink.dir/Users/ludvignorin/ws/pico-sdk/src/rp2_common/pico_float/float_aeabi_rp2040.S.o
LOAD CMakeFiles/blink.dir/Users/ludvignorin/ws/pico-sdk/src/rp2_common/pico_float/float_init_rom_rp2040.c.o
LOAD CMakeFiles/blink.dir/Users/ludvignorin/ws/pico-sdk/src/rp2_common/pico_float/float_math.c.o
LOAD CMakeFiles/blink.dir/Users/ludvignorin/ws/pico-sdk/src/rp2_common/pico_float/float_v1_rom_shim_rp2040.S.o
LOAD CMakeFiles/blink.dir/Users/ludvignorin/ws/pico-sdk/src/rp2_common/pico_malloc/malloc.c.o
LOAD CMakeFiles/blink.dir/Users/ludvignorin/ws/pico-sdk/src/rp2_common/pico_mem_ops/mem_ops_aeabi.S.o
LOAD CMakeFiles/blink.dir/Users/ludvignorin/ws/pico-sdk/src/rp2_common/pico_atomic/atomic.c.o
LOAD CMakeFiles/blink.dir/Users/ludvignorin/ws/pico-sdk/src/rp2_common/pico_cxx_options/new_delete.cpp.o
LOAD CMakeFiles/blink.dir/Users/ludvignorin/ws/pico-sdk/src/rp2_common/pico_standard_binary_info/standard_binary_info.c.o
LOAD CMakeFiles/blink.dir/Users/ludvignorin/ws/pico-sdk/src/rp2_common/pico_printf/printf.c.o
LOAD CMakeFiles/blink.dir/Users/ludvignorin/ws/pico-sdk/src/rp2_common/pico_crt0/crt0.S.o
LOAD CMakeFiles/blink.dir/Users/ludvignorin/ws/pico-sdk/src/rp2_common/pico_clib_interface/newlib_interface.c.o
LOAD CMakeFiles/blink.dir/Users/ludvignorin/ws/pico-sdk/src/rp2_common/pico_stdio/stdio.c.o
LOAD CMakeFiles/blink.dir/Users/ludvignorin/ws/pico-sdk/src/rp2_common/pico_stdio_uart/stdio_uart.c.o
LOAD pico-sdk/src/rp2040/boot_stage2/CMakeFiles/bs2_default_library.dir/bs2_default_padded_checksummed.S.o
LOAD /Applications/ArmGNUToolchain/13.3.rel1/arm-none-eabi/bin/../lib/gcc/arm-none-eabi/13.3.1/../../../../arm-none-eabi/lib/thumb/v6-m/nofp/libstdc++.a
LOAD /Applications/ArmGNUToolchain/13.3.rel1/arm-none-eabi/bin/../lib/gcc/arm-none-eabi/13.3.1/../../../../arm-none-eabi/lib/thumb/v6-m/nofp/libm.a
START GROUP
LOAD /Applications/ArmGNUToolchain/13.3.rel1/arm-none-eabi/bin/../lib/gcc/arm-none-eabi/13.3.1/thumb/v6-m/nofp/libgcc.a
LOAD /Applications/ArmGNUToolchain/13.3.rel1/arm-none-eabi/bin/../lib/gcc/arm-none-eabi/13.3.1/../../../../arm-none-eabi/lib/thumb/v6-m/nofp/libg.a
LOAD /Applications/ArmGNUToolchain/13.3.rel1/arm-none-eabi/bin/../lib/gcc/arm-none-eabi/13.3.1/../../../../arm-none-eabi/lib/thumb/v6-m/nofp/libc.a
END GROUP
START GROUP
LOAD /Applications/ArmGNUToolchain/13.3.rel1/arm-none-eabi/bin/../lib/gcc/arm-none-eabi/13.3.1/thumb/v6-m/nofp/libgcc.a
LOAD /Applications/ArmGNUToolchain/13.3.rel1/arm-none-eabi/bin/../lib/gcc/arm-none-eabi/13.3.1/../../../../arm-none-eabi/lib/thumb/v6-m/nofp/libc.a
LOAD /Applications/ArmGNUToolchain/13.3.rel1/arm-none-eabi/bin/../lib/gcc/arm-none-eabi/13.3.1/../../../../arm-none-eabi/lib/thumb/v6-m/nofp/libnosys.a
END GROUP
LOAD /Applications/ArmGNUToolchain/13.3.rel1/arm-none-eabi/bin/../lib/gcc/arm-none-eabi/13.3.1/thumb/v6-m/nofp/crtend.o
LOAD /Applications/ArmGNUToolchain/13.3.rel1/arm-none-eabi/bin/../lib/gcc/arm-none-eabi/13.3.1/thumb/v6-m/nofp/crtn.o
OUTPUT(blink.elf elf32-littlearm)
LOAD linker stubs

.ARM.attributes
                0x00000000       0x28
 .ARM.attributes
                0x00000000       0x1e /Applications/ArmGNUToolchain/13.3.rel1/arm-none-eabi/bin/../lib/gcc/arm-none-eabi/13.3.1/thumb/v6-m/nofp/crti.o
 .ARM.attributes
                0x0000001e       0x2c /Applications/ArmGNUToolchain/13.3.rel1/arm-none-eabi/bin/../lib/gcc/arm-none-eabi/13.3.1/thumb/v6-m/nofp/crtbegin.o
 .ARM.attributes
                0x0000004a       0x2c CMakeFiles/blink.dir/main2.cpp.o
 .ARM.attributes
                0x00000076       0x2c CMakeFiles/blink.dir/Users/ludvignorin/ws/pico-sdk/src/rp2_common/hardware_gpio/gpio.c.o
 .ARM.attributes
                0x000000a2       0x2c CMakeFiles/blink.dir/Users/ludvignorin/ws/pico-sdk/src/rp2_common/pico_platform_panic/panic.c.o
 .ARM.attributes
                0x000000ce       0x2c CMakeFiles/blink.dir/Users/ludvignorin/ws/pico-sdk/src/common/hardware_claim/claim.c.o
 .ARM.attributes
                0x000000fa       0x2c CMakeFiles/blink.dir/Users/ludvignorin/ws/pico-sdk/src/rp2_common/hardware_sync/sync.c.o
 .ARM.attributes
                0x00000126       0x2c CMakeFiles/blink.dir/Users/ludvignorin/ws/pico-sdk/src/rp2_common/hardware_sync_spin_lock/sync_spin_lock.c.o
 .ARM.attributes
                0x00000152       0x2c CMakeFiles/blink.dir/Users/ludvignorin/ws/pico-sdk/src/rp2_common/hardware_irq/irq.c.o
 .ARM.attributes
                0x0000017e       0x2c CMakeFiles/blink.dir/Users/ludvignorin/ws/pico-sdk/src/common/pico_sync/lock_core.c.o
 .ARM.attributes
                0x000001aa       0x2c CMakeFiles/blink.dir/Users/ludvignorin/ws/pico-sdk/src/common/pico_sync/mutex.c.o
 .ARM.attributes
                0x000001d6       0x2c CMakeFiles/blink.dir/Users/ludvignorin/ws/pico-sdk/src/common/pico_time/time.c.o
 .ARM.attributes
                0x00000202       0x2c CMakeFiles/blink.dir/Users/ludvignorin/ws/pico-sdk/src/rp2_common/hardware_timer/timer.c.o
 .ARM.attributes
                0x0000022e       0x2c CMakeFiles/blink.dir/Users/ludvignorin/ws/pico-sdk/src/rp2_common/hardware_clocks/clocks.c.o
 .ARM.attributes
                0x0000025a       0x2c CMakeFiles/blink.dir/Users/ludvignorin/ws/pico-sdk/src/rp2_common/hardware_pll/pll.c.o
 .ARM.attributes
                0x00000286       0x2c CMakeFiles/blink.dir/Users/ludvignorin/ws/pico-sdk/src/rp2_common/hardware_ticks/ticks.c.o
 .ARM.attributes
                0x000002b2       0x2c CMakeFiles/blink.dir/Users/ludvignorin/ws/pico-sdk/src/rp2_common/pico_bootrom/bootrom.c.o
 .ARM.attributes
                0x000002de       0x2c CMakeFiles/blink.dir/Users/ludvignorin/ws/pico-sdk/src/rp2_common/hardware_xosc/xosc.c.o
 .ARM.attributes
                0x0000030a       0x2c CMakeFiles/blink.dir/Users/ludvignorin/ws/pico-sdk/src/rp2_common/pico_runtime/runtime.c.o
 .ARM.attributes
                0x00000336       0x2c CMakeFiles/blink.dir/Users/ludvignorin/ws/pico-sdk/src/rp2_common/pico_runtime_init/runtime_init.c.o
 .ARM.attributes
                0x00000362       0x2c CMakeFiles/blink.dir/Users/ludvignorin/ws/pico-sdk/src/rp2_common/pico_runtime_init/runtime_init_clocks.c.o
 .ARM.attributes
                0x0000038e       0x22 CMakeFiles/blink.dir/Users/ludvignorin/ws/pico-sdk/src/rp2_common/pico_bit_ops/bit_ops_aeabi.S.o
 .ARM.attributes
                0x000003b0       0x22 CMakeFiles/blink.dir/Users/ludvignorin/ws/pico-sdk/src/rp2_common/pico_divider/divider_hardware.S.o
 .ARM.attributes
                0x000003d2       0x22 CMakeFiles/blink.dir/Users/ludvignorin/ws/pico-sdk/src/rp2_common/pico_double/double_aeabi_rp2040.S.o
 .ARM.attributes
                0x000003f4       0x2c CMakeFiles/blink.dir/Users/ludvignorin/ws/pico-sdk/src/rp2_common/pico_double/double_init_rom_rp2040.c.o
 .ARM.attributes
                0x00000420       0x22 CMakeFiles/blink.dir/Users/ludvignorin/ws/pico-sdk/src/rp2_common/pico_double/double_v1_rom_shim_rp2040.S.o
 .ARM.attributes
                0x00000442       0x22 CMakeFiles/blink.dir/Users/ludvignorin/ws/pico-sdk/src/rp2_common/pico_int64_ops/pico_int64_ops_aeabi.S.o
 .ARM.attributes
                0x00000464       0x22 CMakeFiles/blink.dir/Users/ludvignorin/ws/pico-sdk/src/rp2_common/pico_float/float_aeabi_rp2040.S.o
 .ARM.attributes
                0x00000486       0x2c CMakeFiles/blink.dir/Users/ludvignorin/ws/pico-sdk/src/rp2_common/pico_float/float_init_rom_rp2040.c.o
 .ARM.attributes
                0x000004b2       0x22 CMakeFiles/blink.dir/Users/ludvignorin/ws/pico-sdk/src/rp2_common/pico_mem_ops/mem_ops_aeabi.S.o
 .ARM.attributes
                0x000004d4       0x2c CMakeFiles/blink.dir/Users/ludvignorin/ws/pico-sdk/src/rp2_common/pico_standard_binary_info/standard_binary_info.c.o
 .ARM.attributes
                0x00000500       0x2c CMakeFiles/blink.dir/Users/ludvignorin/ws/pico-sdk/src/rp2_common/pico_printf/printf.c.o
 .ARM.attributes
                0x0000052c       0x22 CMakeFiles/blink.dir/Users/ludvignorin/ws/pico-sdk/src/rp2_common/pico_crt0/crt0.S.o
 .ARM.attributes
                0x0000054e       0x2c CMakeFiles/blink.dir/Users/ludvignorin/ws/pico-sdk/src/rp2_common/pico_clib_interface/newlib_interface.c.o
 .ARM.attributes
                0x0000057a       0x2c CMakeFiles/blink.dir/Users/ludvignorin/ws/pico-sdk/src/rp2_common/pico_stdio/stdio.c.o
 .ARM.attributes
                0x000005a6       0x22 pico-sdk/src/rp2040/boot_stage2/CMakeFiles/bs2_default_library.dir/bs2_default_padded_checksummed.S.o
 .ARM.attributes
                0x000005c8       0x1e /Applications/ArmGNUToolchain/13.3.rel1/arm-none-eabi/bin/../lib/gcc/arm-none-eabi/13.3.1/thumb/v6-m/nofp/libgcc.a(_dvmd_tls.o)
 .ARM.attributes
                0x000005e6       0x2c /Applications/ArmGNUToolchain/13.3.rel1/arm-none-eabi/bin/../lib/gcc/arm-none-eabi/13.3.1/../../../../arm-none-eabi/lib/thumb/v6-m/nofp/libg.a(libc_a-strlen-stub.o)
 .ARM.attributes
                0x00000612       0x2c /Applications/ArmGNUToolchain/13.3.rel1/arm-none-eabi/bin/../lib/gcc/arm-none-eabi/13.3.1/thumb/v6-m/nofp/crtend.o

.comment        0x00000000       0x45
 .comment       0x00000000       0x45 CMakeFiles/blink.dir/main2.cpp.o
                                 0x46 (size before relaxing)
 .comment       0x00000045       0x46 CMakeFiles/blink.dir/Users/ludvignorin/ws/pico-sdk/src/rp2_common/hardware_gpio/gpio.c.o
 .comment       0x00000045       0x46 CMakeFiles/blink.dir/Users/ludvignorin/ws/pico-sdk/src/rp2_common/pico_platform_panic/panic.c.o
 .comment       0x00000045       0x46 CMakeFiles/blink.dir/Users/ludvignorin/ws/pico-sdk/src/common/hardware_claim/claim.c.o
 .comment       0x00000045       0x46 CMakeFiles/blink.dir/Users/ludvignorin/ws/pico-sdk/src/rp2_common/hardware_sync/sync.c.o
 .comment       0x00000045       0x46 CMakeFiles/blink.dir/Users/ludvignorin/ws/pico-sdk/src/rp2_common/hardware_sync_spin_lock/sync_spin_lock.c.o
 .comment       0x00000045       0x46 CMakeFiles/blink.dir/Users/ludvignorin/ws/pico-sdk/src/rp2_common/hardware_irq/irq.c.o
 .comment       0x00000045       0x46 CMakeFiles/blink.dir/Users/ludvignorin/ws/pico-sdk/src/common/pico_sync/lock_core.c.o
 .comment       0x00000045       0x46 CMakeFiles/blink.dir/Users/ludvignorin/ws/pico-sdk/src/common/pico_sync/mutex.c.o
 .comment       0x00000045       0x46 CMakeFiles/blink.dir/Users/ludvignorin/ws/pico-sdk/src/common/pico_time/time.c.o
 .comment       0x00000045       0x46 CMakeFiles/blink.dir/Users/ludvignorin/ws/pico-sdk/src/rp2_common/hardware_timer/timer.c.o
 .comment       0x00000045       0x46 CMakeFiles/blink.dir/Users/ludvignorin/ws/pico-sdk/src/rp2_common/hardware_clocks/clocks.c.o
 .comment       0x00000045       0x46 CMakeFiles/blink.dir/Users/ludvignorin/ws/pico-sdk/src/rp2_common/hardware_pll/pll.c.o
 .comment       0x00000045       0x46 CMakeFiles/blink.dir/Users/ludvignorin/ws/pico-sdk/src/rp2_common/hardware_ticks/ticks.c.o
 .comment       0x00000045       0x46 CMakeFiles/blink.dir/Users/ludvignorin/ws/pico-sdk/src/rp2_common/pico_bootrom/bootrom.c.o
 .comment       0x00000045       0x46 CMakeFiles/blink.dir/Users/ludvignorin/ws/pico-sdk/src/rp2_common/hardware_xosc/xosc.c.o
 .comment       0x00000045       0x46 CMakeFiles/blink.dir/Users/ludvignorin/ws/pico-sdk/src/rp2_common/pico_runtime/runtime.c.o
 .comment       0x00000045       0x46 CMakeFiles/blink.dir/Users/ludvignorin/ws/pico-sdk/src/rp2_common/pico_runtime_init/runtime_init.c.o
 .comment       0x00000045       0x46 CMakeFiles/blink.dir/Users/ludvignorin/ws/pico-sdk/src/rp2_common/pico_runtime_init/runtime_init_clocks.c.o
 .comment       0x00000045       0x46 CMakeFiles/blink.dir/Users/ludvignorin/ws/pico-sdk/src/rp2_common/pico_double/double_init_rom_rp2040.c.o
 .comment       0x00000045       0x46 CMakeFiles/blink.dir/Users/ludvignorin/ws/pico-sdk/src/rp2_common/pico_float/float_init_rom_rp2040.c.o
 .comment       0x00000045       0x46 CMakeFiles/blink.dir/Users/ludvignorin/ws/pico-sdk/src/rp2_common/pico_standard_binary_info/standard_binary_info.c.o
 .comment       0x00000045       0x46 CMakeFiles/blink.dir/Users/ludvignorin/ws/pico-sdk/src/rp2_common/pico_printf/printf.c.o
 .comment       0x00000045       0x46 CMakeFiles/blink.dir/Users/ludvignorin/ws/pico-sdk/src/rp2_common/pico_clib_interface/newlib_interface.c.o
 .comment       0x00000045       0x46 CMakeFiles/blink.dir/Users/ludvignorin/ws/pico-sdk/src/rp2_common/pico_stdio/stdio.c.o

.debug_info     0x00000000    0x197cd
 .debug_info    0x00000000      0x5ec CMakeFiles/blink.dir/main2.cpp.o
 .debug_info    0x000005ec     0x2435 CMakeFiles/blink.dir/Users/ludvignorin/ws/pico-sdk/src/rp2_common/hardware_gpio/gpio.c.o
 .debug_info    0x00002a21      0x1bf CMakeFiles/blink.dir/Users/ludvignorin/ws/pico-sdk/src/rp2_common/pico_platform_panic/panic.c.o
 .debug_info    0x00002be0      0x99d CMakeFiles/blink.dir/Users/ludvignorin/ws/pico-sdk/src/common/hardware_claim/claim.c.o
 .debug_info    0x0000357d      0x458 CMakeFiles/blink.dir/Users/ludvignorin/ws/pico-sdk/src/rp2_common/hardware_sync/sync.c.o
 .debug_info    0x000039d5      0x245 CMakeFiles/blink.dir/Users/ludvignorin/ws/pico-sdk/src/rp2_common/hardware_sync_spin_lock/sync_spin_lock.c.o
 .debug_info    0x00003c1a     0x220d CMakeFiles/blink.dir/Users/ludvignorin/ws/pico-sdk/src/rp2_common/hardware_irq/irq.c.o
 .debug_info    0x00005e27      0x15f CMakeFiles/blink.dir/Users/ludvignorin/ws/pico-sdk/src/common/pico_sync/lock_core.c.o
 .debug_info    0x00005f86     0x280d CMakeFiles/blink.dir/Users/ludvignorin/ws/pico-sdk/src/common/pico_sync/mutex.c.o
 .debug_info    0x00008793     0x4880 CMakeFiles/blink.dir/Users/ludvignorin/ws/pico-sdk/src/common/pico_time/time.c.o
 .debug_info    0x0000d013     0x2b13 CMakeFiles/blink.dir/Users/ludvignorin/ws/pico-sdk/src/rp2_common/hardware_timer/timer.c.o
 .debug_info    0x0000fb26     0x295a CMakeFiles/blink.dir/Users/ludvignorin/ws/pico-sdk/src/rp2_common/hardware_clocks/clocks.c.o
 .debug_info    0x00012480      0x4e5 CMakeFiles/blink.dir/Users/ludvignorin/ws/pico-sdk/src/rp2_common/hardware_pll/pll.c.o
 .debug_info    0x00012965      0x248 CMakeFiles/blink.dir/Users/ludvignorin/ws/pico-sdk/src/rp2_common/hardware_ticks/ticks.c.o
 .debug_info    0x00012bad      0x678 CMakeFiles/blink.dir/Users/ludvignorin/ws/pico-sdk/src/rp2_common/pico_bootrom/bootrom.c.o
 .debug_info    0x00013225      0x1d0 CMakeFiles/blink.dir/Users/ludvignorin/ws/pico-sdk/src/rp2_common/hardware_xosc/xosc.c.o
 .debug_info    0x000133f5      0x21a CMakeFiles/blink.dir/Users/ludvignorin/ws/pico-sdk/src/rp2_common/pico_runtime/runtime.c.o
 .debug_info    0x0001360f      0x795 CMakeFiles/blink.dir/Users/ludvignorin/ws/pico-sdk/src/rp2_common/pico_runtime_init/runtime_init.c.o
 .debug_info    0x00013da4      0x780 CMakeFiles/blink.dir/Users/ludvignorin/ws/pico-sdk/src/rp2_common/pico_runtime_init/runtime_init_clocks.c.o
 .debug_info    0x00014524       0x23 CMakeFiles/blink.dir/Users/ludvignorin/ws/pico-sdk/src/rp2_common/pico_bit_ops/bit_ops_aeabi.S.o
 .debug_info    0x00014547       0x23 CMakeFiles/blink.dir/Users/ludvignorin/ws/pico-sdk/src/rp2_common/pico_divider/divider_hardware.S.o
 .debug_info    0x0001456a       0x23 CMakeFiles/blink.dir/Users/ludvignorin/ws/pico-sdk/src/rp2_common/pico_double/double_aeabi_rp2040.S.o
 .debug_info    0x0001458d      0x2d0 CMakeFiles/blink.dir/Users/ludvignorin/ws/pico-sdk/src/rp2_common/pico_double/double_init_rom_rp2040.c.o
 .debug_info    0x0001485d       0x24 CMakeFiles/blink.dir/Users/ludvignorin/ws/pico-sdk/src/rp2_common/pico_double/double_v1_rom_shim_rp2040.S.o
 .debug_info    0x00014881       0x24 CMakeFiles/blink.dir/Users/ludvignorin/ws/pico-sdk/src/rp2_common/pico_int64_ops/pico_int64_ops_aeabi.S.o
 .debug_info    0x000148a5       0x23 CMakeFiles/blink.dir/Users/ludvignorin/ws/pico-sdk/src/rp2_common/pico_float/float_aeabi_rp2040.S.o
 .debug_info    0x000148c8      0x2bc CMakeFiles/blink.dir/Users/ludvignorin/ws/pico-sdk/src/rp2_common/pico_float/float_init_rom_rp2040.c.o
 .debug_info    0x00014b84       0x23 CMakeFiles/blink.dir/Users/ludvignorin/ws/pico-sdk/src/rp2_common/pico_mem_ops/mem_ops_aeabi.S.o
 .debug_info    0x00014ba7      0x2b8 CMakeFiles/blink.dir/Users/ludvignorin/ws/pico-sdk/src/rp2_common/pico_standard_binary_info/standard_binary_info.c.o
 .debug_info    0x00014e5f     0x211a CMakeFiles/blink.dir/Users/ludvignorin/ws/pico-sdk/src/rp2_common/pico_printf/printf.c.o
 .debug_info    0x00016f79       0x23 CMakeFiles/blink.dir/Users/ludvignorin/ws/pico-sdk/src/rp2_common/pico_crt0/crt0.S.o
 .debug_info    0x00016f9c      0xb54 CMakeFiles/blink.dir/Users/ludvignorin/ws/pico-sdk/src/rp2_common/pico_clib_interface/newlib_interface.c.o
 .debug_info    0x00017af0     0x1cdd CMakeFiles/blink.dir/Users/ludvignorin/ws/pico-sdk/src/rp2_common/pico_stdio/stdio.c.o

.debug_abbrev   0x00000000     0x499d
 .debug_abbrev  0x00000000      0x1b1 CMakeFiles/blink.dir/main2.cpp.o
 .debug_abbrev  0x000001b1      0x4f9 CMakeFiles/blink.dir/Users/ludvignorin/ws/pico-sdk/src/rp2_common/hardware_gpio/gpio.c.o
 .debug_abbrev  0x000006aa      0x12b CMakeFiles/blink.dir/Users/ludvignorin/ws/pico-sdk/src/rp2_common/pico_platform_panic/panic.c.o
 .debug_abbrev  0x000007d5      0x326 CMakeFiles/blink.dir/Users/ludvignorin/ws/pico-sdk/src/common/hardware_claim/claim.c.o
 .debug_abbrev  0x00000afb      0x20d CMakeFiles/blink.dir/Users/ludvignorin/ws/pico-sdk/src/rp2_common/hardware_sync/sync.c.o
 .debug_abbrev  0x00000d08      0x1bb CMakeFiles/blink.dir/Users/ludvignorin/ws/pico-sdk/src/rp2_common/hardware_sync_spin_lock/sync_spin_lock.c.o
 .debug_abbrev  0x00000ec3      0x600 CMakeFiles/blink.dir/Users/ludvignorin/ws/pico-sdk/src/rp2_common/hardware_irq/irq.c.o
 .debug_abbrev  0x000014c3       0xee CMakeFiles/blink.dir/Users/ludvignorin/ws/pico-sdk/src/common/pico_sync/lock_core.c.o
 .debug_abbrev  0x000015b1      0x489 CMakeFiles/blink.dir/Users/ludvignorin/ws/pico-sdk/src/common/pico_sync/mutex.c.o
 .debug_abbrev  0x00001a3a      0x672 CMakeFiles/blink.dir/Users/ludvignorin/ws/pico-sdk/src/common/pico_time/time.c.o
 .debug_abbrev  0x000020ac      0x4f2 CMakeFiles/blink.dir/Users/ludvignorin/ws/pico-sdk/src/rp2_common/hardware_timer/timer.c.o
 .debug_abbrev  0x0000259e      0x4d0 CMakeFiles/blink.dir/Users/ludvignorin/ws/pico-sdk/src/rp2_common/hardware_clocks/clocks.c.o
 .debug_abbrev  0x00002a6e      0x1d2 CMakeFiles/blink.dir/Users/ludvignorin/ws/pico-sdk/src/rp2_common/hardware_pll/pll.c.o
 .debug_abbrev  0x00002c40      0x145 CMakeFiles/blink.dir/Users/ludvignorin/ws/pico-sdk/src/rp2_common/hardware_ticks/ticks.c.o
 .debug_abbrev  0x00002d85      0x1bc CMakeFiles/blink.dir/Users/ludvignorin/ws/pico-sdk/src/rp2_common/pico_bootrom/bootrom.c.o
 .debug_abbrev  0x00002f41      0x11d CMakeFiles/blink.dir/Users/ludvignorin/ws/pico-sdk/src/rp2_common/hardware_xosc/xosc.c.o
 .debug_abbrev  0x0000305e      0x182 CMakeFiles/blink.dir/Users/ludvignorin/ws/pico-sdk/src/rp2_common/pico_runtime/runtime.c.o
 .debug_abbrev  0x000031e0      0x222 CMakeFiles/blink.dir/Users/ludvignorin/ws/pico-sdk/src/rp2_common/pico_runtime_init/runtime_init.c.o
 .debug_abbrev  0x00003402      0x294 CMakeFiles/blink.dir/Users/ludvignorin/ws/pico-sdk/src/rp2_common/pico_runtime_init/runtime_init_clocks.c.o
 .debug_abbrev  0x00003696       0x12 CMakeFiles/blink.dir/Users/ludvignorin/ws/pico-sdk/src/rp2_common/pico_bit_ops/bit_ops_aeabi.S.o
 .debug_abbrev  0x000036a8       0x12 CMakeFiles/blink.dir/Users/ludvignorin/ws/pico-sdk/src/rp2_common/pico_divider/divider_hardware.S.o
 .debug_abbrev  0x000036ba       0x12 CMakeFiles/blink.dir/Users/ludvignorin/ws/pico-sdk/src/rp2_common/pico_double/double_aeabi_rp2040.S.o
 .debug_abbrev  0x000036cc      0x1bb CMakeFiles/blink.dir/Users/ludvignorin/ws/pico-sdk/src/rp2_common/pico_double/double_init_rom_rp2040.c.o
 .debug_abbrev  0x00003887       0x14 CMakeFiles/blink.dir/Users/ludvignorin/ws/pico-sdk/src/rp2_common/pico_double/double_v1_rom_shim_rp2040.S.o
 .debug_abbrev  0x0000389b       0x14 CMakeFiles/blink.dir/Users/ludvignorin/ws/pico-sdk/src/rp2_common/pico_int64_ops/pico_int64_ops_aeabi.S.o
 .debug_abbrev  0x000038af       0x12 CMakeFiles/blink.dir/Users/ludvignorin/ws/pico-sdk/src/rp2_common/pico_float/float_aeabi_rp2040.S.o
 .debug_abbrev  0x000038c1      0x19e CMakeFiles/blink.dir/Users/ludvignorin/ws/pico-sdk/src/rp2_common/pico_float/float_init_rom_rp2040.c.o
 .debug_abbrev  0x00003a5f       0x12 CMakeFiles/blink.dir/Users/ludvignorin/ws/pico-sdk/src/rp2_common/pico_mem_ops/mem_ops_aeabi.S.o
 .debug_abbrev  0x00003a71       0xb8 CMakeFiles/blink.dir/Users/ludvignorin/ws/pico-sdk/src/rp2_common/pico_standard_binary_info/standard_binary_info.c.o
 .debug_abbrev  0x00003b29      0x525 CMakeFiles/blink.dir/Users/ludvignorin/ws/pico-sdk/src/rp2_common/pico_printf/printf.c.o
 .debug_abbrev  0x0000404e       0x12 CMakeFiles/blink.dir/Users/ludvignorin/ws/pico-sdk/src/rp2_common/pico_crt0/crt0.S.o
 .debug_abbrev  0x00004060      0x352 CMakeFiles/blink.dir/Users/ludvignorin/ws/pico-sdk/src/rp2_common/pico_clib_interface/newlib_interface.c.o
 .debug_abbrev  0x000043b2      0x5eb CMakeFiles/blink.dir/Users/ludvignorin/ws/pico-sdk/src/rp2_common/pico_stdio/stdio.c.o

.debug_loclists
                0x00000000     0xf0af
 .debug_loclists
                0x00000000       0xa8 CMakeFiles/blink.dir/main2.cpp.o
 .debug_loclists
                0x000000a8     0x1a03 CMakeFiles/blink.dir/Users/ludvignorin/ws/pico-sdk/src/rp2_common/hardware_gpio/gpio.c.o
 .debug_loclists
                0x00001aab      0x36e CMakeFiles/blink.dir/Users/ludvignorin/ws/pico-sdk/src/common/hardware_claim/claim.c.o
 .debug_loclists
                0x00001e19       0xf1 CMakeFiles/blink.dir/Users/ludvignorin/ws/pico-sdk/src/rp2_common/hardware_sync/sync.c.o
 .debug_loclists
                0x00001f0a       0x7d CMakeFiles/blink.dir/Users/ludvignorin/ws/pico-sdk/src/rp2_common/hardware_sync_spin_lock/sync_spin_lock.c.o
 .debug_loclists
                0x00001f87     0x11b6 CMakeFiles/blink.dir/Users/ludvignorin/ws/pico-sdk/src/rp2_common/hardware_irq/irq.c.o
 .debug_loclists
                0x0000313d       0x41 CMakeFiles/blink.dir/Users/ludvignorin/ws/pico-sdk/src/common/pico_sync/lock_core.c.o
 .debug_loclists
                0x0000317e      0xafa CMakeFiles/blink.dir/Users/ludvignorin/ws/pico-sdk/src/common/pico_sync/mutex.c.o
 .debug_loclists
                0x00003c78     0x24e9 CMakeFiles/blink.dir/Users/ludvignorin/ws/pico-sdk/src/common/pico_time/time.c.o
 .debug_loclists
                0x00006161     0x1a0c CMakeFiles/blink.dir/Users/ludvignorin/ws/pico-sdk/src/rp2_common/hardware_timer/timer.c.o
 .debug_loclists
                0x00007b6d     0x2aca CMakeFiles/blink.dir/Users/ludvignorin/ws/pico-sdk/src/rp2_common/hardware_clocks/clocks.c.o
 .debug_loclists
                0x0000a637      0x1e0 CMakeFiles/blink.dir/Users/ludvignorin/ws/pico-sdk/src/rp2_common/hardware_pll/pll.c.o
 .debug_loclists
                0x0000a817       0x47 CMakeFiles/blink.dir/Users/ludvignorin/ws/pico-sdk/src/rp2_common/hardware_ticks/ticks.c.o
 .debug_loclists
                0x0000a85e      0x399 CMakeFiles/blink.dir/Users/ludvignorin/ws/pico-sdk/src/rp2_common/pico_bootrom/bootrom.c.o
 .debug_loclists
                0x0000abf7       0x48 CMakeFiles/blink.dir/Users/ludvignorin/ws/pico-sdk/src/rp2_common/hardware_xosc/xosc.c.o
 .debug_loclists
                0x0000ac3f       0x7e CMakeFiles/blink.dir/Users/ludvignorin/ws/pico-sdk/src/rp2_common/pico_runtime/runtime.c.o
 .debug_loclists
                0x0000acbd       0xba CMakeFiles/blink.dir/Users/ludvignorin/ws/pico-sdk/src/rp2_common/pico_runtime_init/runtime_init.c.o
 .debug_loclists
                0x0000ad77       0x74 CMakeFiles/blink.dir/Users/ludvignorin/ws/pico-sdk/src/rp2_common/pico_runtime_init/runtime_init_clocks.c.o
 .debug_loclists
                0x0000adeb       0x35 CMakeFiles/blink.dir/Users/ludvignorin/ws/pico-sdk/src/rp2_common/pico_double/double_init_rom_rp2040.c.o
 .debug_loclists
                0x0000ae20       0x4e CMakeFiles/blink.dir/Users/ludvignorin/ws/pico-sdk/src/rp2_common/pico_float/float_init_rom_rp2040.c.o
 .debug_loclists
                0x0000ae6e     0x2f65 CMakeFiles/blink.dir/Users/ludvignorin/ws/pico-sdk/src/rp2_common/pico_printf/printf.c.o
 .debug_loclists
                0x0000ddd3      0x431 CMakeFiles/blink.dir/Users/ludvignorin/ws/pico-sdk/src/rp2_common/pico_clib_interface/newlib_interface.c.o
 .debug_loclists
                0x0000e204      0xeab CMakeFiles/blink.dir/Users/ludvignorin/ws/pico-sdk/src/rp2_common/pico_stdio/stdio.c.o

.debug_aranges  0x00000000      0xd80
 .debug_aranges
                0x00000000       0x20 CMakeFiles/blink.dir/main2.cpp.o
 .debug_aranges
                0x00000020      0x120 CMakeFiles/blink.dir/Users/ludvignorin/ws/pico-sdk/src/rp2_common/hardware_gpio/gpio.c.o
 .debug_aranges
                0x00000140       0x28 CMakeFiles/blink.dir/Users/ludvignorin/ws/pico-sdk/src/rp2_common/pico_platform_panic/panic.c.o
 .debug_aranges
                0x00000168       0x48 CMakeFiles/blink.dir/Users/ludvignorin/ws/pico-sdk/src/common/hardware_claim/claim.c.o
 .debug_aranges
                0x000001b0       0x48 CMakeFiles/blink.dir/Users/ludvignorin/ws/pico-sdk/src/rp2_common/hardware_sync/sync.c.o
 .debug_aranges
                0x000001f8       0x28 CMakeFiles/blink.dir/Users/ludvignorin/ws/pico-sdk/src/rp2_common/hardware_sync_spin_lock/sync_spin_lock.c.o
 .debug_aranges
                0x00000220       0xb8 CMakeFiles/blink.dir/Users/ludvignorin/ws/pico-sdk/src/rp2_common/hardware_irq/irq.c.o
 .debug_aranges
                0x000002d8       0x20 CMakeFiles/blink.dir/Users/ludvignorin/ws/pico-sdk/src/common/pico_sync/lock_core.c.o
 .debug_aranges
                0x000002f8       0x98 CMakeFiles/blink.dir/Users/ludvignorin/ws/pico-sdk/src/common/pico_sync/mutex.c.o
 .debug_aranges
                0x00000390       0xe0 CMakeFiles/blink.dir/Users/ludvignorin/ws/pico-sdk/src/common/pico_time/time.c.o
 .debug_aranges
                0x00000470       0xf0 CMakeFiles/blink.dir/Users/ludvignorin/ws/pico-sdk/src/rp2_common/hardware_timer/timer.c.o
 .debug_aranges
                0x00000560       0x90 CMakeFiles/blink.dir/Users/ludvignorin/ws/pico-sdk/src/rp2_common/hardware_clocks/clocks.c.o
 .debug_aranges
                0x000005f0       0x28 CMakeFiles/blink.dir/Users/ludvignorin/ws/pico-sdk/src/rp2_common/hardware_pll/pll.c.o
 .debug_aranges
                0x00000618       0x30 CMakeFiles/blink.dir/Users/ludvignorin/ws/pico-sdk/src/rp2_common/hardware_ticks/ticks.c.o
 .debug_aranges
                0x00000648       0x40 CMakeFiles/blink.dir/Users/ludvignorin/ws/pico-sdk/src/rp2_common/pico_bootrom/bootrom.c.o
 .debug_aranges
                0x00000688       0x30 CMakeFiles/blink.dir/Users/ludvignorin/ws/pico-sdk/src/rp2_common/hardware_xosc/xosc.c.o
 .debug_aranges
                0x000006b8       0x38 CMakeFiles/blink.dir/Users/ludvignorin/ws/pico-sdk/src/rp2_common/pico_runtime/runtime.c.o
 .debug_aranges
                0x000006f0       0x48 CMakeFiles/blink.dir/Users/ludvignorin/ws/pico-sdk/src/rp2_common/pico_runtime_init/runtime_init.c.o
 .debug_aranges
                0x00000738       0x20 CMakeFiles/blink.dir/Users/ludvignorin/ws/pico-sdk/src/rp2_common/pico_runtime_init/runtime_init_clocks.c.o
 .debug_aranges
                0x00000758       0x60 CMakeFiles/blink.dir/Users/ludvignorin/ws/pico-sdk/src/rp2_common/pico_bit_ops/bit_ops_aeabi.S.o
 .debug_aranges
                0x000007b8       0x40 CMakeFiles/blink.dir/Users/ludvignorin/ws/pico-sdk/src/rp2_common/pico_divider/divider_hardware.S.o
 .debug_aranges
                0x000007f8      0x150 CMakeFiles/blink.dir/Users/ludvignorin/ws/pico-sdk/src/rp2_common/pico_double/double_aeabi_rp2040.S.o
 .debug_aranges
                0x00000948       0x28 CMakeFiles/blink.dir/Users/ludvignorin/ws/pico-sdk/src/rp2_common/pico_double/double_init_rom_rp2040.c.o
 .debug_aranges
                0x00000970       0x20 CMakeFiles/blink.dir/Users/ludvignorin/ws/pico-sdk/src/rp2_common/pico_double/double_v1_rom_shim_rp2040.S.o
 .debug_aranges
                0x00000990       0x20 CMakeFiles/blink.dir/Users/ludvignorin/ws/pico-sdk/src/rp2_common/pico_int64_ops/pico_int64_ops_aeabi.S.o
 .debug_aranges
                0x000009b0      0x138 CMakeFiles/blink.dir/Users/ludvignorin/ws/pico-sdk/src/rp2_common/pico_float/float_aeabi_rp2040.S.o
 .debug_aranges
                0x00000ae8       0x28 CMakeFiles/blink.dir/Users/ludvignorin/ws/pico-sdk/src/rp2_common/pico_float/float_init_rom_rp2040.c.o
 .debug_aranges
                0x00000b10       0x38 CMakeFiles/blink.dir/Users/ludvignorin/ws/pico-sdk/src/rp2_common/pico_mem_ops/mem_ops_aeabi.S.o
 .debug_aranges
                0x00000b48       0x18 CMakeFiles/blink.dir/Users/ludvignorin/ws/pico-sdk/src/rp2_common/pico_standard_binary_info/standard_binary_info.c.o
 .debug_aranges
                0x00000b60       0x90 CMakeFiles/blink.dir/Users/ludvignorin/ws/pico-sdk/src/rp2_common/pico_printf/printf.c.o
 .debug_aranges
                0x00000bf0       0x28 CMakeFiles/blink.dir/Users/ludvignorin/ws/pico-sdk/src/rp2_common/pico_crt0/crt0.S.o
 .debug_aranges
                0x00000c18       0xa0 CMakeFiles/blink.dir/Users/ludvignorin/ws/pico-sdk/src/rp2_common/pico_clib_interface/newlib_interface.c.o
 .debug_aranges
                0x00000cb8       0xc8 CMakeFiles/blink.dir/Users/ludvignorin/ws/pico-sdk/src/rp2_common/pico_stdio/stdio.c.o

.debug_rnglists
                0x00000000     0x2821
 .debug_rnglists
                0x00000000       0x3a CMakeFiles/blink.dir/main2.cpp.o
 .debug_rnglists
                0x0000003a      0x5c7 CMakeFiles/blink.dir/Users/ludvignorin/ws/pico-sdk/src/rp2_common/hardware_gpio/gpio.c.o
 .debug_rnglists
                0x00000601       0x19 CMakeFiles/blink.dir/Users/ludvignorin/ws/pico-sdk/src/rp2_common/pico_platform_panic/panic.c.o
 .debug_rnglists
                0x0000061a       0xc5 CMakeFiles/blink.dir/Users/ludvignorin/ws/pico-sdk/src/common/hardware_claim/claim.c.o
 .debug_rnglists
                0x000006df       0x67 CMakeFiles/blink.dir/Users/ludvignorin/ws/pico-sdk/src/rp2_common/hardware_sync/sync.c.o
 .debug_rnglists
                0x00000746       0x3d CMakeFiles/blink.dir/Users/ludvignorin/ws/pico-sdk/src/rp2_common/hardware_sync_spin_lock/sync_spin_lock.c.o
 .debug_rnglists
                0x00000783      0x376 CMakeFiles/blink.dir/Users/ludvignorin/ws/pico-sdk/src/rp2_common/hardware_irq/irq.c.o
 .debug_rnglists
                0x00000af9       0x1f CMakeFiles/blink.dir/Users/ludvignorin/ws/pico-sdk/src/common/pico_sync/lock_core.c.o
 .debug_rnglists
                0x00000b18      0x32c CMakeFiles/blink.dir/Users/ludvignorin/ws/pico-sdk/src/common/pico_sync/mutex.c.o
 .debug_rnglists
                0x00000e44      0x730 CMakeFiles/blink.dir/Users/ludvignorin/ws/pico-sdk/src/common/pico_time/time.c.o
 .debug_rnglists
                0x00001574      0x2c6 CMakeFiles/blink.dir/Users/ludvignorin/ws/pico-sdk/src/rp2_common/hardware_timer/timer.c.o
 .debug_rnglists
                0x0000183a      0x52f CMakeFiles/blink.dir/Users/ludvignorin/ws/pico-sdk/src/rp2_common/hardware_clocks/clocks.c.o
 .debug_rnglists
                0x00001d69       0x5c CMakeFiles/blink.dir/Users/ludvignorin/ws/pico-sdk/src/rp2_common/hardware_pll/pll.c.o
 .debug_rnglists
                0x00001dc5       0x2b CMakeFiles/blink.dir/Users/ludvignorin/ws/pico-sdk/src/rp2_common/hardware_ticks/ticks.c.o
 .debug_rnglists
                0x00001df0      0x11b CMakeFiles/blink.dir/Users/ludvignorin/ws/pico-sdk/src/rp2_common/pico_bootrom/bootrom.c.o
 .debug_rnglists
                0x00001f0b       0x1f CMakeFiles/blink.dir/Users/ludvignorin/ws/pico-sdk/src/rp2_common/hardware_xosc/xosc.c.o
 .debug_rnglists
                0x00001f2a       0x3d CMakeFiles/blink.dir/Users/ludvignorin/ws/pico-sdk/src/rp2_common/pico_runtime/runtime.c.o
 .debug_rnglists
                0x00001f67       0x49 CMakeFiles/blink.dir/Users/ludvignorin/ws/pico-sdk/src/rp2_common/pico_runtime_init/runtime_init.c.o
 .debug_rnglists
                0x00001fb0       0x20 CMakeFiles/blink.dir/Users/ludvignorin/ws/pico-sdk/src/rp2_common/pico_runtime_init/runtime_init_clocks.c.o
 .debug_rnglists
                0x00001fd0       0x43 CMakeFiles/blink.dir/Users/ludvignorin/ws/pico-sdk/src/rp2_common/pico_bit_ops/bit_ops_aeabi.S.o
 .debug_rnglists
                0x00002013       0x2c CMakeFiles/blink.dir/Users/ludvignorin/ws/pico-sdk/src/rp2_common/pico_divider/divider_hardware.S.o
 .debug_rnglists
                0x0000203f       0xf8 CMakeFiles/blink.dir/Users/ludvignorin/ws/pico-sdk/src/rp2_common/pico_double/double_aeabi_rp2040.S.o
 .debug_rnglists
                0x00002137       0x1a CMakeFiles/blink.dir/Users/ludvignorin/ws/pico-sdk/src/rp2_common/pico_double/double_init_rom_rp2040.c.o
 .debug_rnglists
                0x00002151       0xe5 CMakeFiles/blink.dir/Users/ludvignorin/ws/pico-sdk/src/rp2_common/pico_float/float_aeabi_rp2040.S.o
 .debug_rnglists
                0x00002236       0x19 CMakeFiles/blink.dir/Users/ludvignorin/ws/pico-sdk/src/rp2_common/pico_float/float_init_rom_rp2040.c.o
 .debug_rnglists
                0x0000224f       0x25 CMakeFiles/blink.dir/Users/ludvignorin/ws/pico-sdk/src/rp2_common/pico_mem_ops/mem_ops_aeabi.S.o
 .debug_rnglists
                0x00002274      0x27c CMakeFiles/blink.dir/Users/ludvignorin/ws/pico-sdk/src/rp2_common/pico_printf/printf.c.o
 .debug_rnglists
                0x000024f0       0x1b CMakeFiles/blink.dir/Users/ludvignorin/ws/pico-sdk/src/rp2_common/pico_crt0/crt0.S.o
 .debug_rnglists
                0x0000250b       0x7f CMakeFiles/blink.dir/Users/ludvignorin/ws/pico-sdk/src/rp2_common/pico_clib_interface/newlib_interface.c.o
 .debug_rnglists
                0x0000258a      0x297 CMakeFiles/blink.dir/Users/ludvignorin/ws/pico-sdk/src/rp2_common/pico_stdio/stdio.c.o

.debug_line     0x00000000    0x1465f
 .debug_line    0x00000000      0x3c7 CMakeFiles/blink.dir/main2.cpp.o
 .debug_line    0x000003c7     0x1c84 CMakeFiles/blink.dir/Users/ludvignorin/ws/pico-sdk/src/rp2_common/hardware_gpio/gpio.c.o
 .debug_line    0x0000204b      0x299 CMakeFiles/blink.dir/Users/ludvignorin/ws/pico-sdk/src/rp2_common/pico_platform_panic/panic.c.o
 .debug_line    0x000022e4      0x919 CMakeFiles/blink.dir/Users/ludvignorin/ws/pico-sdk/src/common/hardware_claim/claim.c.o
 .debug_line    0x00002bfd      0x4cc CMakeFiles/blink.dir/Users/ludvignorin/ws/pico-sdk/src/rp2_common/hardware_sync/sync.c.o
 .debug_line    0x000030c9      0x3b8 CMakeFiles/blink.dir/Users/ludvignorin/ws/pico-sdk/src/rp2_common/hardware_sync_spin_lock/sync_spin_lock.c.o
 .debug_line    0x00003481     0x176f CMakeFiles/blink.dir/Users/ludvignorin/ws/pico-sdk/src/rp2_common/hardware_irq/irq.c.o
 .debug_line    0x00004bf0      0x2e3 CMakeFiles/blink.dir/Users/ludvignorin/ws/pico-sdk/src/common/pico_sync/lock_core.c.o
 .debug_line    0x00004ed3     0x1af1 CMakeFiles/blink.dir/Users/ludvignorin/ws/pico-sdk/src/common/pico_sync/mutex.c.o
 .debug_line    0x000069c4     0x30c8 CMakeFiles/blink.dir/Users/ludvignorin/ws/pico-sdk/src/common/pico_time/time.c.o
 .debug_line    0x00009a8c     0x1d0a CMakeFiles/blink.dir/Users/ludvignorin/ws/pico-sdk/src/rp2_common/hardware_timer/timer.c.o
 .debug_line    0x0000b796     0x1ed4 CMakeFiles/blink.dir/Users/ludvignorin/ws/pico-sdk/src/rp2_common/hardware_clocks/clocks.c.o
 .debug_line    0x0000d66a      0x4f6 CMakeFiles/blink.dir/Users/ludvignorin/ws/pico-sdk/src/rp2_common/hardware_pll/pll.c.o
 .debug_line    0x0000db60      0x342 CMakeFiles/blink.dir/Users/ludvignorin/ws/pico-sdk/src/rp2_common/hardware_ticks/ticks.c.o
 .debug_line    0x0000dea2      0x48e CMakeFiles/blink.dir/Users/ludvignorin/ws/pico-sdk/src/rp2_common/pico_bootrom/bootrom.c.o
 .debug_line    0x0000e330      0x34b CMakeFiles/blink.dir/Users/ludvignorin/ws/pico-sdk/src/rp2_common/hardware_xosc/xosc.c.o
 .debug_line    0x0000e67b      0x31b CMakeFiles/blink.dir/Users/ludvignorin/ws/pico-sdk/src/rp2_common/pico_runtime/runtime.c.o
 .debug_line    0x0000e996      0x538 CMakeFiles/blink.dir/Users/ludvignorin/ws/pico-sdk/src/rp2_common/pico_runtime_init/runtime_init.c.o
 .debug_line    0x0000eece      0x553 CMakeFiles/blink.dir/Users/ludvignorin/ws/pico-sdk/src/rp2_common/pico_runtime_init/runtime_init_clocks.c.o
 .debug_line    0x0000f421      0x107 CMakeFiles/blink.dir/Users/ludvignorin/ws/pico-sdk/src/rp2_common/pico_bit_ops/bit_ops_aeabi.S.o
 .debug_line    0x0000f528      0x2a9 CMakeFiles/blink.dir/Users/ludvignorin/ws/pico-sdk/src/rp2_common/pico_divider/divider_hardware.S.o
 .debug_line    0x0000f7d1      0x44d CMakeFiles/blink.dir/Users/ludvignorin/ws/pico-sdk/src/rp2_common/pico_double/double_aeabi_rp2040.S.o
 .debug_line    0x0000fc1e      0x578 CMakeFiles/blink.dir/Users/ludvignorin/ws/pico-sdk/src/rp2_common/pico_double/double_init_rom_rp2040.c.o
 .debug_line    0x00010196       0x5d CMakeFiles/blink.dir/Users/ludvignorin/ws/pico-sdk/src/rp2_common/pico_double/double_v1_rom_shim_rp2040.S.o
 .debug_line    0x000101f3       0x61 CMakeFiles/blink.dir/Users/ludvignorin/ws/pico-sdk/src/rp2_common/pico_int64_ops/pico_int64_ops_aeabi.S.o
 .debug_line    0x00010254      0x3c6 CMakeFiles/blink.dir/Users/ludvignorin/ws/pico-sdk/src/rp2_common/pico_float/float_aeabi_rp2040.S.o
 .debug_line    0x0001061a      0x434 CMakeFiles/blink.dir/Users/ludvignorin/ws/pico-sdk/src/rp2_common/pico_float/float_init_rom_rp2040.c.o
 .debug_line    0x00010a4e       0x94 CMakeFiles/blink.dir/Users/ludvignorin/ws/pico-sdk/src/rp2_common/pico_mem_ops/mem_ops_aeabi.S.o
 .debug_line    0x00010ae2      0x1fb CMakeFiles/blink.dir/Users/ludvignorin/ws/pico-sdk/src/rp2_common/pico_standard_binary_info/standard_binary_info.c.o
 .debug_line    0x00010cdd     0x1ba7 CMakeFiles/blink.dir/Users/ludvignorin/ws/pico-sdk/src/rp2_common/pico_printf/printf.c.o
 .debug_line    0x00012884       0xa5 CMakeFiles/blink.dir/Users/ludvignorin/ws/pico-sdk/src/rp2_common/pico_crt0/crt0.S.o
 .debug_line    0x00012929      0x867 CMakeFiles/blink.dir/Users/ludvignorin/ws/pico-sdk/src/rp2_common/pico_clib_interface/newlib_interface.c.o
 .debug_line    0x00013190     0x14cf CMakeFiles/blink.dir/Users/ludvignorin/ws/pico-sdk/src/rp2_common/pico_stdio/stdio.c.o

.debug_str      0x00000000     0x4372
 .debug_str     0x00000000     0x4372 CMakeFiles/blink.dir/main2.cpp.o
                                0x45d (size before relaxing)
 .debug_str     0x00004372      0xc7c CMakeFiles/blink.dir/Users/ludvignorin/ws/pico-sdk/src/rp2_common/hardware_gpio/gpio.c.o
 .debug_str     0x00004372      0x207 CMakeFiles/blink.dir/Users/ludvignorin/ws/pico-sdk/src/rp2_common/pico_platform_panic/panic.c.o
 .debug_str     0x00004372      0x38a CMakeFiles/blink.dir/Users/ludvignorin/ws/pico-sdk/src/common/hardware_claim/claim.c.o
 .debug_str     0x00004372      0x333 CMakeFiles/blink.dir/Users/ludvignorin/ws/pico-sdk/src/rp2_common/hardware_sync/sync.c.o
 .debug_str     0x00004372      0x246 CMakeFiles/blink.dir/Users/ludvignorin/ws/pico-sdk/src/rp2_common/hardware_sync_spin_lock/sync_spin_lock.c.o
 .debug_str     0x00004372      0xa7a CMakeFiles/blink.dir/Users/ludvignorin/ws/pico-sdk/src/rp2_common/hardware_irq/irq.c.o
 .debug_str     0x00004372      0x212 CMakeFiles/blink.dir/Users/ludvignorin/ws/pico-sdk/src/common/pico_sync/lock_core.c.o
 .debug_str     0x00004372      0x7a5 CMakeFiles/blink.dir/Users/ludvignorin/ws/pico-sdk/src/common/pico_sync/mutex.c.o
 .debug_str     0x00004372     0x11a2 CMakeFiles/blink.dir/Users/ludvignorin/ws/pico-sdk/src/common/pico_time/time.c.o
 .debug_str     0x00004372      0x9ed CMakeFiles/blink.dir/Users/ludvignorin/ws/pico-sdk/src/rp2_common/hardware_timer/timer.c.o
 .debug_str     0x00004372      0x9a2 CMakeFiles/blink.dir/Users/ludvignorin/ws/pico-sdk/src/rp2_common/hardware_clocks/clocks.c.o
 .debug_str     0x00004372      0x465 CMakeFiles/blink.dir/Users/ludvignorin/ws/pico-sdk/src/rp2_common/hardware_pll/pll.c.o
 .debug_str     0x00004372      0x294 CMakeFiles/blink.dir/Users/ludvignorin/ws/pico-sdk/src/rp2_common/hardware_ticks/ticks.c.o
 .debug_str     0x00004372      0x359 CMakeFiles/blink.dir/Users/ludvignorin/ws/pico-sdk/src/rp2_common/pico_bootrom/bootrom.c.o
 .debug_str     0x00004372      0x249 CMakeFiles/blink.dir/Users/ludvignorin/ws/pico-sdk/src/rp2_common/hardware_xosc/xosc.c.o
 .debug_str     0x00004372      0x299 CMakeFiles/blink.dir/Users/ludvignorin/ws/pico-sdk/src/rp2_common/pico_runtime/runtime.c.o
 .debug_str     0x00004372      0x78d CMakeFiles/blink.dir/Users/ludvignorin/ws/pico-sdk/src/rp2_common/pico_runtime_init/runtime_init.c.o
 .debug_str     0x00004372      0x4a1 CMakeFiles/blink.dir/Users/ludvignorin/ws/pico-sdk/src/rp2_common/pico_runtime_init/runtime_init_clocks.c.o
 .debug_str     0x00004372       0x91 CMakeFiles/blink.dir/Users/ludvignorin/ws/pico-sdk/src/rp2_common/pico_bit_ops/bit_ops_aeabi.S.o
 .debug_str     0x00004372       0x94 CMakeFiles/blink.dir/Users/ludvignorin/ws/pico-sdk/src/rp2_common/pico_divider/divider_hardware.S.o
 .debug_str     0x00004372       0x96 CMakeFiles/blink.dir/Users/ludvignorin/ws/pico-sdk/src/rp2_common/pico_double/double_aeabi_rp2040.S.o
 .debug_str     0x00004372      0x2e8 CMakeFiles/blink.dir/Users/ludvignorin/ws/pico-sdk/src/rp2_common/pico_double/double_init_rom_rp2040.c.o
 .debug_str     0x00004372       0x9c CMakeFiles/blink.dir/Users/ludvignorin/ws/pico-sdk/src/rp2_common/pico_double/double_v1_rom_shim_rp2040.S.o
 .debug_str     0x00004372       0x9a CMakeFiles/blink.dir/Users/ludvignorin/ws/pico-sdk/src/rp2_common/pico_int64_ops/pico_int64_ops_aeabi.S.o
 .debug_str     0x00004372       0x94 CMakeFiles/blink.dir/Users/ludvignorin/ws/pico-sdk/src/rp2_common/pico_float/float_aeabi_rp2040.S.o
 .debug_str     0x00004372      0x2ad CMakeFiles/blink.dir/Users/ludvignorin/ws/pico-sdk/src/rp2_common/pico_float/float_init_rom_rp2040.c.o
 .debug_str     0x00004372       0x91 CMakeFiles/blink.dir/Users/ludvignorin/ws/pico-sdk/src/rp2_common/pico_mem_ops/mem_ops_aeabi.S.o
 .debug_str     0x00004372      0x408 CMakeFiles/blink.dir/Users/ludvignorin/ws/pico-sdk/src/rp2_common/pico_standard_binary_info/standard_binary_info.c.o
 .debug_str     0x00004372      0x4dc CMakeFiles/blink.dir/Users/ludvignorin/ws/pico-sdk/src/rp2_common/pico_printf/printf.c.o
 .debug_str     0x00004372       0x85 CMakeFiles/blink.dir/Users/ludvignorin/ws/pico-sdk/src/rp2_common/pico_crt0/crt0.S.o
 .debug_str     0x00004372      0x727 CMakeFiles/blink.dir/Users/ludvignorin/ws/pico-sdk/src/rp2_common/pico_clib_interface/newlib_interface.c.o
 .debug_str     0x00004372      0xd82 CMakeFiles/blink.dir/Users/ludvignorin/ws/pico-sdk/src/rp2_common/pico_stdio/stdio.c.o

.debug_frame    0x00000000     0x19a0
 .debug_frame   0x00000000       0x2c CMakeFiles/blink.dir/main2.cpp.o
 .debug_frame   0x0000002c      0x330 CMakeFiles/blink.dir/Users/ludvignorin/ws/pico-sdk/src/rp2_common/hardware_gpio/gpio.c.o
 .debug_frame   0x0000035c       0x44 CMakeFiles/blink.dir/Users/ludvignorin/ws/pico-sdk/src/rp2_common/pico_platform_panic/panic.c.o
 .debug_frame   0x000003a0       0xa0 CMakeFiles/blink.dir/Users/ludvignorin/ws/pico-sdk/src/common/hardware_claim/claim.c.o
 .debug_frame   0x00000440       0xa8 CMakeFiles/blink.dir/Users/ludvignorin/ws/pico-sdk/src/rp2_common/hardware_sync/sync.c.o
 .debug_frame   0x000004e8       0x30 CMakeFiles/blink.dir/Users/ludvignorin/ws/pico-sdk/src/rp2_common/hardware_sync_spin_lock/sync_spin_lock.c.o
 .debug_frame   0x00000518      0x1cc CMakeFiles/blink.dir/Users/ludvignorin/ws/pico-sdk/src/rp2_common/hardware_irq/irq.c.o
 .debug_frame   0x000006e4       0x20 CMakeFiles/blink.dir/Users/ludvignorin/ws/pico-sdk/src/common/pico_sync/lock_core.c.o
 .debug_frame   0x00000704      0x1e0 CMakeFiles/blink.dir/Users/ludvignorin/ws/pico-sdk/src/common/pico_sync/mutex.c.o
 .debug_frame   0x000008e4      0x2d4 CMakeFiles/blink.dir/Users/ludvignorin/ws/pico-sdk/src/common/pico_time/time.c.o
 .debug_frame   0x00000bb8      0x2c0 CMakeFiles/blink.dir/Users/ludvignorin/ws/pico-sdk/src/rp2_common/hardware_timer/timer.c.o
 .debug_frame   0x00000e78      0x1f4 CMakeFiles/blink.dir/Users/ludvignorin/ws/pico-sdk/src/rp2_common/hardware_clocks/clocks.c.o
 .debug_frame   0x0000106c       0x40 CMakeFiles/blink.dir/Users/ludvignorin/ws/pico-sdk/src/rp2_common/hardware_pll/pll.c.o
 .debug_frame   0x000010ac       0x40 CMakeFiles/blink.dir/Users/ludvignorin/ws/pico-sdk/src/rp2_common/hardware_ticks/ticks.c.o
 .debug_frame   0x000010ec       0xa0 CMakeFiles/blink.dir/Users/ludvignorin/ws/pico-sdk/src/rp2_common/pico_bootrom/bootrom.c.o
 .debug_frame   0x0000118c       0x40 CMakeFiles/blink.dir/Users/ludvignorin/ws/pico-sdk/src/rp2_common/hardware_xosc/xosc.c.o
 .debug_frame   0x000011cc       0x70 CMakeFiles/blink.dir/Users/ludvignorin/ws/pico-sdk/src/rp2_common/pico_runtime/runtime.c.o
 .debug_frame   0x0000123c       0x84 CMakeFiles/blink.dir/Users/ludvignorin/ws/pico-sdk/src/rp2_common/pico_runtime_init/runtime_init.c.o
 .debug_frame   0x000012c0       0x2c CMakeFiles/blink.dir/Users/ludvignorin/ws/pico-sdk/src/rp2_common/pico_runtime_init/runtime_init_clocks.c.o
 .debug_frame   0x000012ec       0x44 CMakeFiles/blink.dir/Users/ludvignorin/ws/pico-sdk/src/rp2_common/pico_double/double_init_rom_rp2040.c.o
 .debug_frame   0x00001330       0x40 CMakeFiles/blink.dir/Users/ludvignorin/ws/pico-sdk/src/rp2_common/pico_float/float_init_rom_rp2040.c.o
 .debug_frame   0x00001370      0x1ec CMakeFiles/blink.dir/Users/ludvignorin/ws/pico-sdk/src/rp2_common/pico_printf/printf.c.o
 .debug_frame   0x0000155c      0x174 CMakeFiles/blink.dir/Users/ludvignorin/ws/pico-sdk/src/rp2_common/pico_clib_interface/newlib_interface.c.o
 .debug_frame   0x000016d0      0x2a8 CMakeFiles/blink.dir/Users/ludvignorin/ws/pico-sdk/src/rp2_common/pico_stdio/stdio.c.o
 .debug_frame   0x00001978       0x28 /Applications/ArmGNUToolchain/13.3.rel1/arm-none-eabi/bin/../lib/gcc/arm-none-eabi/13.3.1/../../../../arm-none-eabi/lib/thumb/v6-m/nofp/libg.a(libc_a-strlen-stub.o)

.debug_line_str
                0x00000000      0x33b
 .debug_line_str
                0x00000000      0x33b CMakeFiles/blink.dir/Users/ludvignorin/ws/pico-sdk/src/rp2_common/pico_bit_ops/bit_ops_aeabi.S.o
                                 0x83 (size before relaxing)
 .debug_line_str
                0x0000033b       0x86 CMakeFiles/blink.dir/Users/ludvignorin/ws/pico-sdk/src/rp2_common/pico_divider/divider_hardware.S.o
 .debug_line_str
                0x0000033b       0x88 CMakeFiles/blink.dir/Users/ludvignorin/ws/pico-sdk/src/rp2_common/pico_double/double_aeabi_rp2040.S.o
 .debug_line_str
                0x0000033b       0x8e CMakeFiles/blink.dir/Users/ludvignorin/ws/pico-sdk/src/rp2_common/pico_double/double_v1_rom_shim_rp2040.S.o
 .debug_line_str
                0x0000033b       0x8c CMakeFiles/blink.dir/Users/ludvignorin/ws/pico-sdk/src/rp2_common/pico_int64_ops/pico_int64_ops_aeabi.S.o
 .debug_line_str
                0x0000033b       0x86 CMakeFiles/blink.dir/Users/ludvignorin/ws/pico-sdk/src/rp2_common/pico_float/float_aeabi_rp2040.S.o
 .debug_line_str
                0x0000033b       0x83 CMakeFiles/blink.dir/Users/ludvignorin/ws/pico-sdk/src/rp2_common/pico_mem_ops/mem_ops_aeabi.S.o
 .debug_line_str
                0x0000033b       0x77 CMakeFiles/blink.dir/Users/ludvignorin/ws/pico-sdk/src/rp2_common/pico_crt0/crt0.S.o
 .debug_line_str
                0x0000033b       0xd2 /Applications/ArmGNUToolchain/13.3.rel1/arm-none-eabi/bin/../lib/gcc/arm-none-eabi/13.3.1/thumb/v6-m/nofp/libgcc.a(_dvmd_tls.o)
